Archive member included to satisfy reference by file (symbol)

c:/siliconlabs/simplicitystudio/v5/developer/toolchains/gnu_arm/12.2.rel1_2023.7/bin/../lib/gcc/arm-none-eabi/12.2.1/thumb/v7e-m+fp/softfp\libgcc.a(_arm_addsubdf3.o)
                              ./wiseconnect3_sdk_3.1.4/components/device/silabs/si91x/mcu/drivers/peripheral_drivers/src/clock_update.o (__aeabi_dadd)
c:/siliconlabs/simplicitystudio/v5/developer/toolchains/gnu_arm/12.2.rel1_2023.7/bin/../lib/gcc/arm-none-eabi/12.2.1/thumb/v7e-m+fp/softfp\libgcc.a(_arm_muldivdf3.o)
                              ./wiseconnect3_sdk_3.1.4/components/device/silabs/si91x/mcu/drivers/peripheral_drivers/src/clock_update.o (__aeabi_ddiv)
c:/siliconlabs/simplicitystudio/v5/developer/toolchains/gnu_arm/12.2.rel1_2023.7/bin/../lib/gcc/arm-none-eabi/12.2.1/thumb/v7e-m+fp/softfp\libgcc.a(_arm_fixunsdfsi.o)
                              ./wiseconnect3_sdk_3.1.4/components/device/silabs/si91x/mcu/drivers/peripheral_drivers/src/clock_update.o (__aeabi_d2uiz)
c:/siliconlabs/simplicitystudio/v5/developer/toolchains/gnu_arm/12.2.rel1_2023.7/bin/../lib/gcc/arm-none-eabi/12.2.1/thumb/v7e-m+fp/softfp\libc_nano.a(libc_a-calloc.o)
                              ./wiseconnect3_sdk_3.1.4/components/service/mqtt/si91x/sl_mqtt_client.o (calloc)
c:/siliconlabs/simplicitystudio/v5/developer/toolchains/gnu_arm/12.2.rel1_2023.7/bin/../lib/gcc/arm-none-eabi/12.2.1/thumb/v7e-m+fp/softfp\libc_nano.a(libc_a-callocr.o)
                              c:/siliconlabs/simplicitystudio/v5/developer/toolchains/gnu_arm/12.2.rel1_2023.7/bin/../lib/gcc/arm-none-eabi/12.2.1/thumb/v7e-m+fp/softfp\libc_nano.a(libc_a-calloc.o) (_calloc_r)
c:/siliconlabs/simplicitystudio/v5/developer/toolchains/gnu_arm/12.2.rel1_2023.7/bin/../lib/gcc/arm-none-eabi/12.2.1/thumb/v7e-m+fp/softfp\libc_nano.a(libc_a-exit.o)
                              c:/siliconlabs/simplicitystudio/v5/developer/toolchains/gnu_arm/12.2.rel1_2023.7/bin/../lib/gcc/arm-none-eabi/12.2.1/thumb/v7e-m+fp/softfp/crt0.o (exit)
c:/siliconlabs/simplicitystudio/v5/developer/toolchains/gnu_arm/12.2.rel1_2023.7/bin/../lib/gcc/arm-none-eabi/12.2.1/thumb/v7e-m+fp/softfp\libc_nano.a(libc_a-malloc.o)
                              ./app.o (malloc)
c:/siliconlabs/simplicitystudio/v5/developer/toolchains/gnu_arm/12.2.rel1_2023.7/bin/../lib/gcc/arm-none-eabi/12.2.1/thumb/v7e-m+fp/softfp\libc_nano.a(libc_a-mallocr.o)
                              c:/siliconlabs/simplicitystudio/v5/developer/toolchains/gnu_arm/12.2.rel1_2023.7/bin/../lib/gcc/arm-none-eabi/12.2.1/thumb/v7e-m+fp/softfp\libc_nano.a(libc_a-callocr.o) (_malloc_r)
c:/siliconlabs/simplicitystudio/v5/developer/toolchains/gnu_arm/12.2.rel1_2023.7/bin/../lib/gcc/arm-none-eabi/12.2.1/thumb/v7e-m+fp/softfp\libc_nano.a(libc_a-mlock.o)
                              c:/siliconlabs/simplicitystudio/v5/developer/toolchains/gnu_arm/12.2.rel1_2023.7/bin/../lib/gcc/arm-none-eabi/12.2.1/thumb/v7e-m+fp/softfp\libc_nano.a(libc_a-mallocr.o) (__malloc_lock)
c:/siliconlabs/simplicitystudio/v5/developer/toolchains/gnu_arm/12.2.rel1_2023.7/bin/../lib/gcc/arm-none-eabi/12.2.1/thumb/v7e-m+fp/softfp\libc_nano.a(libc_a-strtoul.o)
                              ./wiseconnect3_sdk_3.1.4/components/common/src/sl_utility.o (strtoul)
c:/siliconlabs/simplicitystudio/v5/developer/toolchains/gnu_arm/12.2.rel1_2023.7/bin/../lib/gcc/arm-none-eabi/12.2.1/thumb/v7e-m+fp/softfp\libc_nano.a(libc_a-ctype_.o)
                              ./gecko_sdk_4.4.1/platform/common/src/sl_string.o (_ctype_)
c:/siliconlabs/simplicitystudio/v5/developer/toolchains/gnu_arm/12.2.rel1_2023.7/bin/../lib/gcc/arm-none-eabi/12.2.1/thumb/v7e-m+fp/softfp\libc_nano.a(libc_a-nano-vfprintf_float.o)
                              (_printf_float)
c:/siliconlabs/simplicitystudio/v5/developer/toolchains/gnu_arm/12.2.rel1_2023.7/bin/../lib/gcc/arm-none-eabi/12.2.1/thumb/v7e-m+fp/softfp\libc_nano.a(libc_a-nano-vfprintf_i.o)
                              c:/siliconlabs/simplicitystudio/v5/developer/toolchains/gnu_arm/12.2.rel1_2023.7/bin/../lib/gcc/arm-none-eabi/12.2.1/thumb/v7e-m+fp/softfp\libc_nano.a(libc_a-nano-vfprintf_float.o) (_printf_common)
c:/siliconlabs/simplicitystudio/v5/developer/toolchains/gnu_arm/12.2.rel1_2023.7/bin/../lib/gcc/arm-none-eabi/12.2.1/thumb/v7e-m+fp/softfp\libc_nano.a(libc_a-findfp.o)
                              c:/siliconlabs/simplicitystudio/v5/developer/toolchains/gnu_arm/12.2.rel1_2023.7/bin/../lib/gcc/arm-none-eabi/12.2.1/thumb/v7e-m+fp/softfp\libc_nano.a(libc_a-exit.o) (__stdio_exit_handler)
c:/siliconlabs/simplicitystudio/v5/developer/toolchains/gnu_arm/12.2.rel1_2023.7/bin/../lib/gcc/arm-none-eabi/12.2.1/thumb/v7e-m+fp/softfp\libc_nano.a(libc_a-fwalk.o)
                              c:/siliconlabs/simplicitystudio/v5/developer/toolchains/gnu_arm/12.2.rel1_2023.7/bin/../lib/gcc/arm-none-eabi/12.2.1/thumb/v7e-m+fp/softfp\libc_nano.a(libc_a-findfp.o) (_fwalk_sglue)
[...]
Memory Configuration

Name             Origin             Length             Attributes
rom              0x08202000         0x001fe000         xr
ram              0x0000000c         0x0002fc00         xrw
udma0            0x0002fc00         0x00000400         xrw
udma1            0x24061c00         0x00000400         xrw
*default*        0x00000000         0xffffffff

Linker script and memory map

LOAD c:/siliconlabs/simplicitystudio/v5/developer/toolchains/gnu_arm/12.2.rel1_2023.7/bin/../lib/gcc/arm-none-eabi/12.2.1/thumb/v7e-m+fp/softfp/crti.o
LOAD c:/siliconlabs/simplicitystudio/v5/developer/toolchains/gnu_arm/12.2.rel1_2023.7/bin/../lib/gcc/arm-none-eabi/12.2.1/thumb/v7e-m+fp/softfp/crtbegin.o
LOAD c:/siliconlabs/simplicitystudio/v5/developer/toolchains/gnu_arm/12.2.rel1_2023.7/bin/../lib/gcc/arm-none-eabi/12.2.1/thumb/v7e-m+fp/softfp/crt0.o
START GROUP
LOAD ./ampak_wl72917/os_log_task.o
LOAD ./ampak_wl72917/power_save_manager.o
LOAD ./app.o
LOAD ./main.o
LOAD ./autogen/sl_event_handler.o
LOAD ./gecko_sdk_4.4.1/platform/CMSIS/RTOS2/Source/os_systick.o
LOAD ./gecko_sdk_4.4.1/platform/common/src/sl_assert.o
LOAD ./gecko_sdk_4.4.1/platform/common/src/sl_slist.o
LOAD ./gecko_sdk_4.4.1/platform/common/src/sl_string.o
LOAD ./gecko_sdk_4.4.1/platform/common/src/sli_cmsis_os2_ext_task_register.o
LOAD ./gecko_sdk_4.4.1/platform/emlib/src/em_core.o
LOAD ./gecko_sdk_4.4.1/platform/service/mem_pool/src/sl_mem_pool.o
LOAD ./gecko_sdk_4.4.1/platform/service/system/src/sl_system_init.o
LOAD ./gecko_sdk_4.4.1/platform/service/system/src/sl_system_kernel.o
LOAD ./gecko_sdk_4.4.1/util/third_party/freertos/cmsis/Source/cmsis_os2.o
LOAD ./gecko_sdk_4.4.1/util/third_party/freertos/kernel/croutine.o
LOAD ./gecko_sdk_4.4.1/util/third_party/freertos/kernel/event_groups.o
LOAD ./gecko_sdk_4.4.1/util/third_party/freertos/kernel/list.o
LOAD ./gecko_sdk_4.4.1/util/third_party/freertos/kernel/queue.o
LOAD ./gecko_sdk_4.4.1/util/third_party/freertos/kernel/stream_buffer.o
LOAD ./gecko_sdk_4.4.1/util/third_party/freertos/kernel/tasks.o
LOAD ./gecko_sdk_4.4.1/util/third_party/freertos/kernel/timers.o
LOAD ./gecko_sdk_4.4.1/util/third_party/freertos/kernel/portable/GCC/ARM_CM4F/port.o
LOAD ./gecko_sdk_4.4.1/util/third_party/freertos/kernel/portable/MemMang/heap_4.o
LOAD ./wiseconnect3_sdk_3.1.4/components/board/silabs/src/rsi_board.o
LOAD ./wiseconnect3_sdk_3.1.4/components/common/src/sl_utility.o
LOAD ./wiseconnect3_sdk_3.1.4/components/device/silabs/si91x/mcu/core/chip/src/iPMU_prog/iPMU_dotc/ipmu_apis.o
LOAD ./wiseconnect3_sdk_3.1.4/components/device/silabs/si91x/mcu/core/chip/src/iPMU_prog/iPMU_dotc/rsi_system_config_917.o
LOAD ./wiseconnect3_sdk_3.1.4/components/device/silabs/si91x/mcu/core/chip/src/rsi_deepsleep_soc.o
LOAD ./wiseconnect3_sdk_3.1.4/components/device/silabs/si91x/mcu/core/chip/src/rsi_ps_ram_func.o
LOAD ./wiseconnect3_sdk_3.1.4/components/device/silabs/si91x/mcu/core/chip/src/startup_si91x.o
LOAD ./wiseconnect3_sdk_3.1.4/components/device/silabs/si91x/mcu/core/chip/src/system_si91x.o
LOAD ./wiseconnect3_sdk_3.1.4/components/device/silabs/si91x/mcu/core/common/src/rsi_debug.o
LOAD ./wiseconnect3_sdk_3.1.4/components/device/silabs/si91x/mcu/core/common/src/sl_si91x_stack_object_declare.o
LOAD ./wiseconnect3_sdk_3.1.4/components/device/silabs/si91x/mcu/core/common/src/syscalls.o
LOAD ./wiseconnect3_sdk_3.1.4/components/device/silabs/si91x/mcu/core/config/src/rsi_nvic_priorities_config.o
LOAD ./wiseconnect3_sdk_3.1.4/components/device/silabs/si91x/mcu/drivers/cmsis_driver/UDMA.o
LOAD ./wiseconnect3_sdk_3.1.4/components/device/silabs/si91x/mcu/drivers/cmsis_driver/USART.o
LOAD ./wiseconnect3_sdk_3.1.4/components/device/silabs/si91x/mcu/drivers/peripheral_drivers/src/clock_update.o
LOAD ./wiseconnect3_sdk_3.1.4/components/device/silabs/si91x/mcu/drivers/peripheral_drivers/src/rsi_crc.o
LOAD ./wiseconnect3_sdk_3.1.4/components/device/silabs/si91x/mcu/drivers/peripheral_drivers/src/rsi_egpio.o
LOAD ./wiseconnect3_sdk_3.1.4/components/device/silabs/si91x/mcu/drivers/peripheral_drivers/src/rsi_timers.o
LOAD ./wiseconnect3_sdk_3.1.4/components/device/silabs/si91x/mcu/drivers/peripheral_drivers/src/rsi_udma.o
LOAD ./wiseconnect3_sdk_3.1.4/components/device/silabs/si91x/mcu/drivers/peripheral_drivers/src/rsi_udma_wrapper.o
LOAD ./wiseconnect3_sdk_3.1.4/components/device/silabs/si91x/mcu/drivers/peripheral_drivers/src/rsi_usart.o
LOAD ./wiseconnect3_sdk_3.1.4/components/device/silabs/si91x/mcu/drivers/systemlevel/src/rsi_ipmu.o
LOAD ./wiseconnect3_sdk_3.1.4/components/device/silabs/si91x/mcu/drivers/systemlevel/src/rsi_pll.o
LOAD ./wiseconnect3_sdk_3.1.4/components/device/silabs/si91x/mcu/drivers/systemlevel/src/rsi_power_save.o
LOAD ./wiseconnect3_sdk_3.1.4/components/device/silabs/si91x/mcu/drivers/systemlevel/src/rsi_rtc.o
LOAD ./wiseconnect3_sdk_3.1.4/components/device/silabs/si91x/mcu/drivers/systemlevel/src/rsi_temp_sensor.o
LOAD ./wiseconnect3_sdk_3.1.4/components/device/silabs/si91x/mcu/drivers/systemlevel/src/rsi_time_period.o
LOAD ./wiseconnect3_sdk_3.1.4/components/device/silabs/si91x/mcu/drivers/systemlevel/src/rsi_ulpss_clk.o
LOAD ./wiseconnect3_sdk_3.1.4/components/device/silabs/si91x/mcu/drivers/systemlevel/src/rsi_wwdt.o
LOAD ./wiseconnect3_sdk_3.1.4/components/device/silabs/si91x/wireless/ahb_interface/src/rsi_hal_mcu_m4_ram.o
LOAD ./wiseconnect3_sdk_3.1.4/components/device/silabs/si91x/wireless/ahb_interface/src/rsi_hal_mcu_m4_rom.o
LOAD ./wiseconnect3_sdk_3.1.4/components/device/silabs/si91x/wireless/ahb_interface/src/sl_platform.o
LOAD ./wiseconnect3_sdk_3.1.4/components/device/silabs/si91x/wireless/ahb_interface/src/sl_platform_wireless.o
LOAD ./wiseconnect3_sdk_3.1.4/components/device/silabs/si91x/wireless/ahb_interface/src/sl_si91x_bus.o
LOAD ./wiseconnect3_sdk_3.1.4/components/device/silabs/si91x/wireless/ahb_interface/src/sl_si91x_timer.o
LOAD ./wiseconnect3_sdk_3.1.4/components/device/silabs/si91x/wireless/ahb_interface/src/sli_siwx917_soc.o
LOAD ./wiseconnect3_sdk_3.1.4/components/device/silabs/si91x/wireless/errno/src/sl_si91x_errno.o
LOAD ./wiseconnect3_sdk_3.1.4/components/device/silabs/si91x/wireless/firmware_upgrade/firmware_upgradation.o
LOAD ./wiseconnect3_sdk_3.1.4/components/device/silabs/si91x/wireless/host_mcu/si91x/siwx917_soc_ncp_host.o
LOAD ./wiseconnect3_sdk_3.1.4/components/device/silabs/si91x/wireless/icmp/sl_net_ping.o
LOAD ./wiseconnect3_sdk_3.1.4/components/device/silabs/si91x/wireless/memory/mem_pool_buffers.o
LOAD ./wiseconnect3_sdk_3.1.4/components/device/silabs/si91x/wireless/sl_net/src/sl_net_rsi_utility.o
LOAD ./wiseconnect3_sdk_3.1.4/components/device/silabs/si91x/wireless/sl_net/src/sl_net_si91x_integration_handler.o
LOAD ./wiseconnect3_sdk_3.1.4/components/device/silabs/si91x/wireless/sl_net/src/sl_si91x_net_credentials.o
LOAD ./wiseconnect3_sdk_3.1.4/components/device/silabs/si91x/wireless/sl_net/src/sl_si91x_net_internal_stack.o
LOAD ./wiseconnect3_sdk_3.1.4/components/device/silabs/si91x/wireless/src/sl_rsi_utility.o
LOAD ./wiseconnect3_sdk_3.1.4/components/device/silabs/si91x/wireless/src/sl_si91x_callback_framework.o
LOAD ./wiseconnect3_sdk_3.1.4/components/device/silabs/si91x/wireless/src/sl_si91x_driver.o
LOAD ./wiseconnect3_sdk_3.1.4/components/device/silabs/si91x/wireless/threading/sli_si91x_multithreaded.o
LOAD ./wiseconnect3_sdk_3.1.4/components/protocol/wifi/si91x/sl_wifi.o
LOAD ./wiseconnect3_sdk_3.1.4/components/protocol/wifi/src/sl_wifi_callback_framework.o
LOAD ./wiseconnect3_sdk_3.1.4/components/service/mqtt/si91x/sl_mqtt_client.o
LOAD ./wiseconnect3_sdk_3.1.4/components/service/network_manager/si91x/sl_net_si91x.o
LOAD ./wiseconnect3_sdk_3.1.4/components/service/network_manager/src/sl_net.o
LOAD ./wiseconnect3_sdk_3.1.4/components/service/network_manager/src/sl_net_basic_certificate_store.o
LOAD ./wiseconnect3_sdk_3.1.4/components/service/network_manager/src/sl_net_basic_credentials.o
LOAD ./wiseconnect3_sdk_3.1.4/components/service/network_manager/src/sl_net_basic_profiles.o
LOAD c:/siliconlabs/simplicitystudio/v5/developer/toolchains/gnu_arm/12.2.rel1_2023.7/bin/../lib/gcc/arm-none-eabi/12.2.1/thumb/v7e-m+fp/softfp\libgcc.a
LOAD c:/siliconlabs/simplicitystudio/v5/developer/toolchains/gnu_arm/12.2.rel1_2023.7/bin/../lib/gcc/arm-none-eabi/12.2.1/thumb/v7e-m+fp/softfp\libnosys.a
LOAD c:/siliconlabs/simplicitystudio/v5/developer/toolchains/gnu_arm/12.2.rel1_2023.7/bin/../lib/gcc/arm-none-eabi/12.2.1/thumb/v7e-m+fp/softfp\libc_nano.a
LOAD c:/siliconlabs/simplicitystudio/v5/developer/toolchains/gnu_arm/12.2.rel1_2023.7/bin/../lib/gcc/arm-none-eabi/12.2.1/thumb/v7e-m+fp/softfp\libm.a
END GROUP
START GROUP
LOAD c:/siliconlabs/simplicitystudio/v5/developer/toolchains/gnu_arm/12.2.rel1_2023.7/bin/../lib/gcc/arm-none-eabi/12.2.1/thumb/v7e-m+fp/softfp\libgcc.a
LOAD c:/siliconlabs/simplicitystudio/v5/developer/toolchains/gnu_arm/12.2.rel1_2023.7/bin/../lib/gcc/arm-none-eabi/12.2.1/thumb/v7e-m+fp/softfp\libc_nano.a
LOAD c:/siliconlabs/simplicitystudio/v5/developer/toolchains/gnu_arm/12.2.rel1_2023.7/bin/../lib/gcc/arm-none-eabi/12.2.1/thumb/v7e-m+fp/softfp\libnosys.a
END GROUP
START GROUP
LOAD c:/siliconlabs/simplicitystudio/v5/developer/toolchains/gnu_arm/12.2.rel1_2023.7/bin/../lib/gcc/arm-none-eabi/12.2.1/thumb/v7e-m+fp/softfp\libgcc.a
LOAD c:/siliconlabs/simplicitystudio/v5/developer/toolchains/gnu_arm/12.2.rel1_2023.7/bin/../lib/gcc/arm-none-eabi/12.2.1/thumb/v7e-m+fp/softfp\libg_nano.a
LOAD c:/siliconlabs/simplicitystudio/v5/developer/toolchains/gnu_arm/12.2.rel1_2023.7/bin/../lib/gcc/arm-none-eabi/12.2.1/thumb/v7e-m+fp/softfp\libc_nano.a
END GROUP
START GROUP
LOAD c:/siliconlabs/simplicitystudio/v5/developer/toolchains/gnu_arm/12.2.rel1_2023.7/bin/../lib/gcc/arm-none-eabi/12.2.1/thumb/v7e-m+fp/softfp\libgcc.a
LOAD c:/siliconlabs/simplicitystudio/v5/developer/toolchains/gnu_arm/12.2.rel1_2023.7/bin/../lib/gcc/arm-none-eabi/12.2.1/thumb/v7e-m+fp/softfp\libc_nano.a
END GROUP
LOAD c:/siliconlabs/simplicitystudio/v5/developer/toolchains/gnu_arm/12.2.rel1_2023.7/bin/../lib/gcc/arm-none-eabi/12.2.1/thumb/v7e-m+fp/softfp/crtend.o
LOAD c:/siliconlabs/simplicitystudio/v5/developer/toolchains/gnu_arm/12.2.rel1_2023.7/bin/../lib/gcc/arm-none-eabi/12.2.1/thumb/v7e-m+fp/softfp/crtn.o

.text           0x08202000     0xf81d
 *(.isr_vector)
 .isr_vector    0x08202000      0x16c ./wiseconnect3_sdk_3.1.4/components/device/silabs/si91x/mcu/core/chip/src/startup_si91x.o
                0x08202000                __Vectors
 *(.text*)
 .text.deregister_tm_clones
                0x0820216c       0x1c c:/siliconlabs/simplicitystudio/v5/developer/toolchains/gnu_arm/12.2.rel1_2023.7/bin/../lib/gcc/arm-none-eabi/12.2.1/thumb/v7e-m+fp/softfp/crtbegin.o
 .text.register_tm_clones
                0x08202188       0x24 c:/siliconlabs/simplicitystudio/v5/developer/toolchains/gnu_arm/12.2.rel1_2023.7/bin/../lib/gcc/arm-none-eabi/12.2.1/thumb/v7e-m+fp/softfp/crtbegin.o
 .text.__do_global_dtors_aux
                0x082021ac       0x28 c:/siliconlabs/simplicitystudio/v5/developer/toolchains/gnu_arm/12.2.rel1_2023.7/bin/../lib/gcc/arm-none-eabi/12.2.1/thumb/v7e-m+fp/softfp/crtbegin.o
 .text.frame_dummy
                0x082021d4       0x24 c:/siliconlabs/simplicitystudio/v5/developer/toolchains/gnu_arm/12.2.rel1_2023.7/bin/../lib/gcc/arm-none-eabi/12.2.1/thumb/v7e-m+fp/softfp/crtbegin.o
 .text.ampak_m4_sleep_wakeup
                0x082021f8       0xb4 ./ampak_wl72917/power_save_manager.o
                0x082021f8                ampak_m4_sleep_wakeup
 .text.mqtt_publish_message_api
                0x082022ac       0x74 ./app.o
                0x082022ac                mqtt_publish_message_api
 .text.mqtt_net_up
                0x08202320       0x58 ./app.o
                0x08202320                mqtt_net_up
 .text.mqtt_init
                0x08202378       0x38 ./app.o
                0x08202378                mqtt_init
 .text.mqtt_client_cleanup
                0x082023b0       0x20 ./app.o
                0x082023b0                mqtt_client_cleanup
 .text.print_char_buffer
                0x082023d0       0x16 ./app.o
                0x082023d0                print_char_buffer
 *fill*         0x082023e6        0x2 
 .text.mqtt_client_message_handler
                0x082023e8       0x84 ./app.o
                0x082023e8                mqtt_client_message_handler
 .text.mqtt_client_error_event_handler
                0x0820246c        0xc ./app.o
                0x0820246c                mqtt_client_error_event_handler
 .text.mqtt_client_event_handler
                0x08202478       0xcc ./app.o
                0x08202478                mqtt_client_event_handler
 .text.mqtt_client_setup
                0x08202544      0x200 ./app.o
                0x08202544                mqtt_client_setup
 .text.mqtt_task
                0x08202744        0xc ./app.o
                0x08202744                mqtt_task
 .text.startup.main
                0x08202750       0x12 ./main.o
                0x08202750                main
 .text.sl_platform_init
                0x08202762       0x1e ./autogen/sl_event_handler.o
                0x08202762                sl_platform_init
 .text.sl_kernel_start
                0x08202780        0x4 ./autogen/sl_event_handler.o
                0x08202780                sl_kernel_start
 .text.sl_driver_init
                0x08202784        0x2 ./autogen/sl_event_handler.o
                0x08202784                sl_driver_init
 .text.sl_service_init
                0x08202786        0x2 ./autogen/sl_event_handler.o
                0x08202786                sl_service_init
 .text.sl_stack_init
                0x08202788        0x2 ./autogen/sl_event_handler.o
                0x08202788                sl_stack_init
 .text.sl_internal_app_init
                0x0820278a        0x2 ./autogen/sl_event_handler.o
                0x0820278a                sl_internal_app_init
 .text.sl_slist_init
                0x0820278c        0x6 ./gecko_sdk_4.4.1/platform/common/src/sl_slist.o
                0x0820278c                sl_slist_init
 .text.sl_slist_push
                0x08202792        0x8 ./gecko_sdk_4.4.1/platform/common/src/sl_slist.o
                0x08202792                sl_slist_push
 .text.sl_slist_pop
                0x0820279a       0x10 ./gecko_sdk_4.4.1/platform/common/src/sl_slist.o
                0x0820279a                sl_slist_pop
 .text.sl_slist_remove
                0x082027aa       0x14 ./gecko_sdk_4.4.1/platform/common/src/sl_slist.o
                0x082027aa                sl_slist_remove
 .text.sli_osTaskRegisterSetValue
                0x082027be        0xa ./gecko_sdk_4.4.1/platform/common/src/sli_cmsis_os2_ext_task_register.o
                0x082027be                sli_osTaskRegisterSetValue
 .text.CORE_ExitCritical
                0x082027c8        0x6 ./gecko_sdk_4.4.1/platform/emlib/src/em_core.o
                0x082027c8                CORE_ExitCritical
 .text.CORE_EnterAtomic
                0x082027ce        0x8 ./gecko_sdk_4.4.1/platform/emlib/src/em_core.o
                0x082027ce                CORE_EnterAtomic
 .text.CORE_ExitAtomic
                0x082027d6        0x4 ./gecko_sdk_4.4.1/platform/emlib/src/em_core.o
                0x082027d6                CORE_ExitAtomic
 .text.sli_mem_pool_create
                0x082027da       0x3c ./gecko_sdk_4.4.1/platform/service/mem_pool/src/sl_mem_pool.o
                0x082027da                sli_mem_pool_create
 .text.sli_mem_pool_alloc
                0x08202816       0x24 ./gecko_sdk_4.4.1/platform/service/mem_pool/src/sl_mem_pool.o
                0x08202816                sli_mem_pool_alloc
 .text.sli_mem_pool_free
                0x0820283a       0x18 ./gecko_sdk_4.4.1/platform/service/mem_pool/src/sl_mem_pool.o
                0x0820283a                sli_mem_pool_free
 .text.sl_system_init
                0x08202852       0x1a ./gecko_sdk_4.4.1/platform/service/system/src/sl_system_init.o
                0x08202852                sl_system_init
 .text.sl_system_kernel_start
                0x0820286c        0x4 ./gecko_sdk_4.4.1/platform/service/system/src/sl_system_kernel.o
                0x0820286c                sl_system_kernel_start
 .text.SysTick_Handler
                0x08202870       0x1a ./gecko_sdk_4.4.1/util/third_party/freertos/cmsis/Source/cmsis_os2.o
                0x08202870                SysTick_Handler
 *fill*         0x0820288a        0x2 
 .text.osKernelInitialize
                0x0820288c       0x34 ./gecko_sdk_4.4.1/util/third_party/freertos/cmsis/Source/cmsis_os2.o
                0x0820288c                osKernelInitialize
 .text.osKernelStart
                0x082028c0       0x48 ./gecko_sdk_4.4.1/util/third_party/freertos/cmsis/Source/cmsis_os2.o
                0x082028c0                osKernelStart
 .text.osKernelGetTickCount
                0x08202908       0x28 ./gecko_sdk_4.4.1/util/third_party/freertos/cmsis/Source/cmsis_os2.o
                0x08202908                osKernelGetTickCount
 .text.osThreadNew
                0x08202930       0xa8 ./gecko_sdk_4.4.1/util/third_party/freertos/cmsis/Source/cmsis_os2.o
                0x08202930                osThreadNew
 .text.osThreadYield
                0x082029d8       0x3c ./gecko_sdk_4.4.1/util/third_party/freertos/cmsis/Source/cmsis_os2.o
                0x082029d8                osThreadYield
 .text.osDelay  0x08202a14       0x30 ./gecko_sdk_4.4.1/util/third_party/freertos/cmsis/Source/cmsis_os2.o
                0x08202a14                osDelay
 .text.osEventFlagsNew
                0x08202a44       0x3c ./gecko_sdk_4.4.1/util/third_party/freertos/cmsis/Source/cmsis_os2.o
                0x08202a44                osEventFlagsNew
 .text.osEventFlagsSet
                0x08202a80       0x70 ./gecko_sdk_4.4.1/util/third_party/freertos/cmsis/Source/cmsis_os2.o
                0x08202a80                osEventFlagsSet
 .text.osEventFlagsClear
                0x08202af0       0x5c ./gecko_sdk_4.4.1/util/third_party/freertos/cmsis/Source/cmsis_os2.o
                0x08202af0                osEventFlagsClear
 .text.osEventFlagsGet
                0x08202b4c       0x34 ./gecko_sdk_4.4.1/util/third_party/freertos/cmsis/Source/cmsis_os2.o
                0x08202b4c                osEventFlagsGet
 .text.osEventFlagsWait
                0x08202b80       0x70 ./gecko_sdk_4.4.1/util/third_party/freertos/cmsis/Source/cmsis_os2.o
                0x08202b80                osEventFlagsWait
 .text.osMutexNew
                0x08202bf0       0x94 ./gecko_sdk_4.4.1/util/third_party/freertos/cmsis/Source/cmsis_os2.o
                0x08202bf0                osMutexNew
 .text.osMutexAcquire
                0x08202c84       0x60 ./gecko_sdk_4.4.1/util/third_party/freertos/cmsis/Source/cmsis_os2.o
                0x08202c84                osMutexAcquire
 .text.osMutexRelease
                0x08202ce4       0x58 ./gecko_sdk_4.4.1/util/third_party/freertos/cmsis/Source/cmsis_os2.o
                0x08202ce4                osMutexRelease
 .text.osSemaphoreNew
                0x08202d3c       0xb0 ./gecko_sdk_4.4.1/util/third_party/freertos/cmsis/Source/cmsis_os2.o
                0x08202d3c                osSemaphoreNew
 .text.vApplicationGetIdleTaskMemory
                0x08202dec       0x18 ./gecko_sdk_4.4.1/util/third_party/freertos/cmsis/Source/cmsis_os2.o
                0x08202dec                vApplicationGetIdleTaskMemory
 .text.vApplicationGetTimerTaskMemory
                0x08202e04       0x18 ./gecko_sdk_4.4.1/util/third_party/freertos/cmsis/Source/cmsis_os2.o
                0x08202e04                vApplicationGetTimerTaskMemory
 .text.xEventGroupCreateStatic
                0x08202e1c       0x48 ./gecko_sdk_4.4.1/util/third_party/freertos/kernel/event_groups.o
                0x08202e1c                xEventGroupCreateStatic
 .text.xEventGroupCreate
                0x08202e64       0x1c ./gecko_sdk_4.4.1/util/third_party/freertos/kernel/event_groups.o
                0x08202e64                xEventGroupCreate
 .text.xEventGroupWaitBits
                0x08202e80      0x130 ./gecko_sdk_4.4.1/util/third_party/freertos/kernel/event_groups.o
                0x08202e80                xEventGroupWaitBits
 .text.xEventGroupClearBits
                0x08202fb0       0x46 ./gecko_sdk_4.4.1/util/third_party/freertos/kernel/event_groups.o
                0x08202fb0                xEventGroupClearBits
 .text.vEventGroupClearBitsCallback
                0x08202ff6        0x4 ./gecko_sdk_4.4.1/util/third_party/freertos/kernel/event_groups.o
                0x08202ff6                vEventGroupClearBitsCallback
 *fill*         0x08202ffa        0x2 
 .text.xEventGroupClearBitsFromISR
                0x08202ffc       0x10 ./gecko_sdk_4.4.1/util/third_party/freertos/kernel/event_groups.o
                0x08202ffc                xEventGroupClearBitsFromISR
 .text.xEventGroupGetBitsFromISR
                0x0820300c       0x1c ./gecko_sdk_4.4.1/util/third_party/freertos/kernel/event_groups.o
                0x0820300c                xEventGroupGetBitsFromISR
 .text.xEventGroupSetBits
                0x08203028       0x88 ./gecko_sdk_4.4.1/util/third_party/freertos/kernel/event_groups.o
                0x08203028                xEventGroupSetBits
 .text.vEventGroupSetBitsCallback
                0x082030b0        0x4 ./gecko_sdk_4.4.1/util/third_party/freertos/kernel/event_groups.o
                0x082030b0                vEventGroupSetBitsCallback
 .text.xEventGroupSetBitsFromISR
                0x082030b4       0x10 ./gecko_sdk_4.4.1/util/third_party/freertos/kernel/event_groups.o
                0x082030b4                xEventGroupSetBitsFromISR
 .text.vListInitialise
                0x082030c4       0x16 ./gecko_sdk_4.4.1/util/third_party/freertos/kernel/list.o
                0x082030c4                vListInitialise
 .text.vListInitialiseItem
                0x082030da        0x6 ./gecko_sdk_4.4.1/util/third_party/freertos/kernel/list.o
                0x082030da                vListInitialiseItem
 .text.vListInsertEnd
                0x082030e0       0x16 ./gecko_sdk_4.4.1/util/third_party/freertos/kernel/list.o
                0x082030e0                vListInsertEnd
 .text.vListInsert
                0x082030f6       0x2e ./gecko_sdk_4.4.1/util/third_party/freertos/kernel/list.o
                0x082030f6                vListInsert
 .text.uxListRemove
                0x08203124       0x20 ./gecko_sdk_4.4.1/util/third_party/freertos/kernel/list.o
                0x08203124                uxListRemove
 .text.prvIsQueueEmpty
                0x08203144       0x16 ./gecko_sdk_4.4.1/util/third_party/freertos/kernel/queue.o
 .text.prvCopyDataToQueue
                0x0820315a       0x66 ./gecko_sdk_4.4.1/util/third_party/freertos/kernel/queue.o
 .text.prvCopyDataFromQueue
                0x082031c0       0x2c ./gecko_sdk_4.4.1/util/third_party/freertos/kernel/queue.o
 .text.prvUnlockQueue
                0x082031ec       0x70 ./gecko_sdk_4.4.1/util/third_party/freertos/kernel/queue.o
 .text.xQueueGenericReset
                0x0820325c       0x7e ./gecko_sdk_4.4.1/util/third_party/freertos/kernel/queue.o
                0x0820325c                xQueueGenericReset
 .text.xQueueGenericCreate.part.0
                0x082032da       0x7a ./gecko_sdk_4.4.1/util/third_party/freertos/kernel/queue.o
 .text.xQueueGenericCreateStatic
                0x08203354       0xa6 ./gecko_sdk_4.4.1/util/third_party/freertos/kernel/queue.o
                0x08203354                xQueueGenericCreateStatic
 .text.xQueueGenericCreate
                0x082033fa       0x18 ./gecko_sdk_4.4.1/util/third_party/freertos/kernel/queue.o
                0x082033fa                xQueueGenericCreate
 .text.xQueueCreateCountingSemaphoreStatic
                0x08203412       0x44 ./gecko_sdk_4.4.1/util/third_party/freertos/kernel/queue.o
                0x08203412                xQueueCreateCountingSemaphoreStatic
 .text.xQueueCreateCountingSemaphore
                0x08203456       0x3c ./gecko_sdk_4.4.1/util/third_party/freertos/kernel/queue.o
                0x08203456                xQueueCreateCountingSemaphore
 .text.xQueueGenericSend
                0x08203492      0x178 ./gecko_sdk_4.4.1/util/third_party/freertos/kernel/queue.o
                0x08203492                xQueueGenericSend
 .text.xQueueCreateMutexStatic
                0x0820360a       0x2a ./gecko_sdk_4.4.1/util/third_party/freertos/kernel/queue.o
                0x0820360a                xQueueCreateMutexStatic
 .text.xQueueGiveMutexRecursive
                0x08203634       0x3e ./gecko_sdk_4.4.1/util/third_party/freertos/kernel/queue.o
                0x08203634                xQueueGiveMutexRecursive
 .text.xQueueCreateMutex
                0x08203672       0x24 ./gecko_sdk_4.4.1/util/third_party/freertos/kernel/queue.o
                0x08203672                xQueueCreateMutex
 .text.xQueueGenericSendFromISR
                0x08203696       0xd0 ./gecko_sdk_4.4.1/util/third_party/freertos/kernel/queue.o
                0x08203696                xQueueGenericSendFromISR
 .text.xQueueReceive
                0x08203766      0x13e ./gecko_sdk_4.4.1/util/third_party/freertos/kernel/queue.o
                0x08203766                xQueueReceive
 .text.xQueueSemaphoreTake
                0x082038a4      0x17a ./gecko_sdk_4.4.1/util/third_party/freertos/kernel/queue.o
                0x082038a4                xQueueSemaphoreTake
 .text.xQueueTakeMutexRecursive
                0x08203a1e       0x42 ./gecko_sdk_4.4.1/util/third_party/freertos/kernel/queue.o
                0x08203a1e                xQueueTakeMutexRecursive
 .text.vQueueAddToRegistry
                0x08203a60       0x24 ./gecko_sdk_4.4.1/util/third_party/freertos/kernel/queue.o
                0x08203a60                vQueueAddToRegistry
 .text.vQueueUnregisterQueue
                0x08203a84       0x30 ./gecko_sdk_4.4.1/util/third_party/freertos/kernel/queue.o
                0x08203a84                vQueueUnregisterQueue
 .text.vQueueDelete
                0x08203ab4       0x2a ./gecko_sdk_4.4.1/util/third_party/freertos/kernel/queue.o
                0x08203ab4                vQueueDelete
 .text.vQueueWaitForMessageRestricted
                0x08203ade       0x46 ./gecko_sdk_4.4.1/util/third_party/freertos/kernel/queue.o
                0x08203ade                vQueueWaitForMessageRestricted
 .text.prvAddNewTaskToReadyList
                0x08203b24      0x100 ./gecko_sdk_4.4.1/util/third_party/freertos/kernel/tasks.o
 .text.prvAddCurrentTaskToDelayedList
                0x08203c24       0x78 ./gecko_sdk_4.4.1/util/third_party/freertos/kernel/tasks.o
 .text.prvResetNextTaskUnblockTime
                0x08203c9c       0x24 ./gecko_sdk_4.4.1/util/third_party/freertos/kernel/tasks.o
 .text.prvDeleteTCB
                0x08203cc0       0x36 ./gecko_sdk_4.4.1/util/third_party/freertos/kernel/tasks.o
 *fill*         0x08203cf6        0x2 
 .text.prvIdleTask
                0x08203cf8       0x60 ./gecko_sdk_4.4.1/util/third_party/freertos/kernel/tasks.o
 .text.prvInitialiseNewTask.constprop.0
                0x08203d58       0xb0 ./gecko_sdk_4.4.1/util/third_party/freertos/kernel/tasks.o
 .text.xTaskCreateStatic
                0x08203e08       0x70 ./gecko_sdk_4.4.1/util/third_party/freertos/kernel/tasks.o
                0x08203e08                xTaskCreateStatic
 .text.xTaskCreate
                0x08203e78       0x5c ./gecko_sdk_4.4.1/util/third_party/freertos/kernel/tasks.o
                0x08203e78                xTaskCreate
 .text.vTaskStartScheduler
                0x08203ed4       0x90 ./gecko_sdk_4.4.1/util/third_party/freertos/kernel/tasks.o
                0x08203ed4                vTaskStartScheduler
 .text.vTaskSuspendAll
                0x08203f64       0x10 ./gecko_sdk_4.4.1/util/third_party/freertos/kernel/tasks.o
                0x08203f64                vTaskSuspendAll
 .text.xTaskGetTickCount
                0x08203f74        0xc ./gecko_sdk_4.4.1/util/third_party/freertos/kernel/tasks.o
                0x08203f74                xTaskGetTickCount
 .text.xTaskGetTickCountFromISR
                0x08203f80       0x10 ./gecko_sdk_4.4.1/util/third_party/freertos/kernel/tasks.o
                0x08203f80                xTaskGetTickCountFromISR
 .text.xTaskIncrementTick
                0x08203f90      0x12c ./gecko_sdk_4.4.1/util/third_party/freertos/kernel/tasks.o
                0x08203f90                xTaskIncrementTick
 .text.xTaskResumeAll
                0x082040bc       0xe8 ./gecko_sdk_4.4.1/util/third_party/freertos/kernel/tasks.o
                0x082040bc                xTaskResumeAll
 .text.vTaskDelay
                0x082041a4       0x48 ./gecko_sdk_4.4.1/util/third_party/freertos/kernel/tasks.o
                0x082041a4                vTaskDelay
 .text.vTaskSwitchContext
                0x082041ec       0x88 ./gecko_sdk_4.4.1/util/third_party/freertos/kernel/tasks.o
                0x082041ec                vTaskSwitchContext
 .text.vTaskPlaceOnEventList
                0x08204274       0x34 ./gecko_sdk_4.4.1/util/third_party/freertos/kernel/tasks.o
                0x08204274                vTaskPlaceOnEventList
 .text.vTaskPlaceOnUnorderedEventList
                0x082042a8       0x58 ./gecko_sdk_4.4.1/util/third_party/freertos/kernel/tasks.o
                0x082042a8                vTaskPlaceOnUnorderedEventList
 .text.vTaskPlaceOnEventListRestricted
                0x08204300       0x3c ./gecko_sdk_4.4.1/util/third_party/freertos/kernel/tasks.o
                0x08204300                vTaskPlaceOnEventListRestricted
 .text.xTaskRemoveFromEventList
                0x0820433c       0x80 ./gecko_sdk_4.4.1/util/third_party/freertos/kernel/tasks.o
                0x0820433c                xTaskRemoveFromEventList
 .text.vTaskRemoveFromUnorderedEventList
                0x082043bc       0x84 ./gecko_sdk_4.4.1/util/third_party/freertos/kernel/tasks.o
                0x082043bc                vTaskRemoveFromUnorderedEventList
 .text.vTaskInternalSetTimeOutState
                0x08204440       0x18 ./gecko_sdk_4.4.1/util/third_party/freertos/kernel/tasks.o
                0x08204440                vTaskInternalSetTimeOutState
 .text.xTaskCheckForTimeOut
                0x08204458       0x90 ./gecko_sdk_4.4.1/util/third_party/freertos/kernel/tasks.o
                0x08204458                xTaskCheckForTimeOut
 .text.vTaskMissedYield
                0x082044e8        0xc ./gecko_sdk_4.4.1/util/third_party/freertos/kernel/tasks.o
                0x082044e8                vTaskMissedYield
 .text.vTaskSetThreadLocalStoragePointer
                0x082044f4       0x2c ./gecko_sdk_4.4.1/util/third_party/freertos/kernel/tasks.o
                0x082044f4                vTaskSetThreadLocalStoragePointer
 .text.xTaskGetCurrentTaskHandle
                0x08204520        0xc ./gecko_sdk_4.4.1/util/third_party/freertos/kernel/tasks.o
                0x08204520                xTaskGetCurrentTaskHandle
 .text.xTaskGetSchedulerState
                0x0820452c       0x20 ./gecko_sdk_4.4.1/util/third_party/freertos/kernel/tasks.o
                0x0820452c                xTaskGetSchedulerState
 .text.xTaskPriorityInherit
                0x0820454c       0x7c ./gecko_sdk_4.4.1/util/third_party/freertos/kernel/tasks.o
                0x0820454c                xTaskPriorityInherit
 .text.xTaskPriorityDisinherit
                0x082045c8       0x84 ./gecko_sdk_4.4.1/util/third_party/freertos/kernel/tasks.o
                0x082045c8                xTaskPriorityDisinherit
 .text.vTaskPriorityDisinheritAfterTimeout
                0x0820464c       0x9c ./gecko_sdk_4.4.1/util/third_party/freertos/kernel/tasks.o
                0x0820464c                vTaskPriorityDisinheritAfterTimeout
 .text.uxTaskResetEventItemValue
                0x082046e8       0x18 ./gecko_sdk_4.4.1/util/third_party/freertos/kernel/tasks.o
                0x082046e8                uxTaskResetEventItemValue
 .text.pvTaskIncrementMutexHeldCount
                0x08204700       0x18 ./gecko_sdk_4.4.1/util/third_party/freertos/kernel/tasks.o
                0x08204700                pvTaskIncrementMutexHeldCount
 .text.prvInsertTimerInActiveList
                0x08204718       0x3c ./gecko_sdk_4.4.1/util/third_party/freertos/kernel/timers.o
 .text.prvCheckForValidListAndQueue
                0x08204754       0x68 ./gecko_sdk_4.4.1/util/third_party/freertos/kernel/timers.o
 .text.xTimerCreateTimerTask
                0x082047bc       0x64 ./gecko_sdk_4.4.1/util/third_party/freertos/kernel/timers.o
                0x082047bc                xTimerCreateTimerTask
 .text.xTimerGenericCommand
                0x08204820       0x58 ./gecko_sdk_4.4.1/util/third_party/freertos/kernel/timers.o
                0x08204820                xTimerGenericCommand
 .text.prvSampleTimeNow
                0x08204878       0xa4 ./gecko_sdk_4.4.1/util/third_party/freertos/kernel/timers.o
 .text.prvTimerTask
                0x0820491c      0x1cc ./gecko_sdk_4.4.1/util/third_party/freertos/kernel/timers.o
 .text.xTimerPendFunctionCallFromISR
                0x08204ae8       0x28 ./gecko_sdk_4.4.1/util/third_party/freertos/kernel/timers.o
                0x08204ae8                xTimerPendFunctionCallFromISR
 .text.prvPortStartFirstTask
                0x08204b10       0x28 ./gecko_sdk_4.4.1/util/third_party/freertos/kernel/portable/GCC/ARM_CM4F/port.o
 .text.vPortEnableVFP
                0x08204b38       0x14 ./gecko_sdk_4.4.1/util/third_party/freertos/kernel/portable/GCC/ARM_CM4F/port.o
 .text.prvTaskExitError
                0x08204b4c       0x40 ./gecko_sdk_4.4.1/util/third_party/freertos/kernel/portable/GCC/ARM_CM4F/port.o
 .text.pxPortInitialiseStack
                0x08204b8c       0x2c ./gecko_sdk_4.4.1/util/third_party/freertos/kernel/portable/GCC/ARM_CM4F/port.o
                0x08204b8c                pxPortInitialiseStack
 *fill*         0x08204bb8        0x8 
 .text.SVC_Handler
                0x08204bc0       0x24 ./gecko_sdk_4.4.1/util/third_party/freertos/kernel/portable/GCC/ARM_CM4F/port.o
                0x08204bc0                SVC_Handler
 .text.vPortEnterCritical
                0x08204be4       0x40 ./gecko_sdk_4.4.1/util/third_party/freertos/kernel/portable/GCC/ARM_CM4F/port.o
                0x08204be4                vPortEnterCritical
 .text.vPortExitCritical
                0x08204c24       0x28 ./gecko_sdk_4.4.1/util/third_party/freertos/kernel/portable/GCC/ARM_CM4F/port.o
                0x08204c24                vPortExitCritical
 *fill*         0x08204c4c        0x4 
 .text.PendSV_Handler
                0x08204c50       0x64 ./gecko_sdk_4.4.1/util/third_party/freertos/kernel/portable/GCC/ARM_CM4F/port.o
                0x08204c50                PendSV_Handler
 .text.xPortSysTickHandler
                0x08204cb4       0x2c ./gecko_sdk_4.4.1/util/third_party/freertos/kernel/portable/GCC/ARM_CM4F/port.o
                0x08204cb4                xPortSysTickHandler
 .text.vPortSetupTimerInterrupt
                0x08204ce0       0x24 ./gecko_sdk_4.4.1/util/third_party/freertos/kernel/portable/GCC/ARM_CM4F/port.o
                0x08204ce0                vPortSetupTimerInterrupt
 .text.xPortStartScheduler
                0x08204d04      0x10c ./gecko_sdk_4.4.1/util/third_party/freertos/kernel/portable/GCC/ARM_CM4F/port.o
                0x08204d04                xPortStartScheduler
 .text.vPortValidateInterruptPriority
                0x08204e10       0x5c ./gecko_sdk_4.4.1/util/third_party/freertos/kernel/portable/GCC/ARM_CM4F/port.o
                0x08204e10                vPortValidateInterruptPriority
 .text.prvInsertBlockIntoFreeList
                0x08204e6c       0x50 ./gecko_sdk_4.4.1/util/third_party/freertos/kernel/portable/MemMang/heap_4.o
 .text.pvPortMalloc
                0x08204ebc      0x134 ./gecko_sdk_4.4.1/util/third_party/freertos/kernel/portable/MemMang/heap_4.o
                0x08204ebc                pvPortMalloc
 .text.vPortFree
                0x08204ff0       0x7c ./gecko_sdk_4.4.1/util/third_party/freertos/kernel/portable/MemMang/heap_4.o
                0x08204ff0                vPortFree
 .text.RSI_Board_Init
                0x0820506c       0x5c ./wiseconnect3_sdk_3.1.4/components/board/silabs/src/rsi_board.o
                0x0820506c                RSI_Board_Init
 .text.sl_debug_log
                0x082050c8        0x6 ./wiseconnect3_sdk_3.1.4/components/common/src/sl_utility.o
                0x082050c8                sl_debug_log
 *fill*         0x082050ce        0x2 
 .text.set_scdc
                0x082050d0       0x28 ./wiseconnect3_sdk_3.1.4/components/device/silabs/si91x/mcu/core/chip/src/iPMU_prog/iPMU_dotc/ipmu_apis.o
                0x082050d0                set_scdc
 .text.init_ipmu_calib_data
                0x082050f8       0x54 ./wiseconnect3_sdk_3.1.4/components/device/silabs/si91x/mcu/core/chip/src/iPMU_prog/iPMU_dotc/ipmu_apis.o
                0x082050f8                init_ipmu_calib_data
 .text.program_ipmu_data
                0x0820514c       0x54 ./wiseconnect3_sdk_3.1.4/components/device/silabs/si91x/mcu/core/chip/src/iPMU_prog/iPMU_dotc/ipmu_apis.o
                0x0820514c                program_ipmu_data
 .text.ipmu_init_mcu
                0x082051a0       0x94 ./wiseconnect3_sdk_3.1.4/components/device/silabs/si91x/mcu/core/chip/src/iPMU_prog/iPMU_dotc/ipmu_apis.o
                0x082051a0                ipmu_init_mcu
 .text.ipmu_init
                0x08205234       0xa8 ./wiseconnect3_sdk_3.1.4/components/device/silabs/si91x/mcu/core/chip/src/iPMU_prog/iPMU_dotc/ipmu_apis.o
                0x08205234                ipmu_init
 .text.configure_ipmu_mode
                0x082052dc       0x38 ./wiseconnect3_sdk_3.1.4/components/device/silabs/si91x/mcu/core/chip/src/iPMU_prog/iPMU_dotc/ipmu_apis.o
                0x082052dc                configure_ipmu_mode
 .text.RSI_Save_Context
                0x08205314       0x28 ./wiseconnect3_sdk_3.1.4/components/device/silabs/si91x/mcu/core/chip/src/rsi_deepsleep_soc.o
                0x08205314                RSI_Save_Context
 .text.RSI_PS_SaveCpuContext
                0x0820533c       0x34 ./wiseconnect3_sdk_3.1.4/components/device/silabs/si91x/mcu/core/chip/src/rsi_deepsleep_soc.o
                0x0820533c                RSI_PS_SaveCpuContext
 .text.RSI_PS_RestoreCpuContext
                0x08205370       0x34 ./wiseconnect3_sdk_3.1.4/components/device/silabs/si91x/mcu/core/chip/src/rsi_deepsleep_soc.o
                0x08205370                RSI_PS_RestoreCpuContext
 .text.RSI_Set_Cntrls_To_M4
                0x082053a4       0x50 ./wiseconnect3_sdk_3.1.4/components/device/silabs/si91x/mcu/core/chip/src/rsi_deepsleep_soc.o
                0x082053a4                RSI_Set_Cntrls_To_M4
 .text.RSI_PS_EnterDeepSleep
                0x082053f4      0x51c ./wiseconnect3_sdk_3.1.4/components/device/silabs/si91x/mcu/core/chip/src/rsi_deepsleep_soc.o
                0x082053f4                RSI_PS_EnterDeepSleep
 .text.Default_Handler
                0x08205910        0x2 ./wiseconnect3_sdk_3.1.4/components/device/silabs/si91x/mcu/core/chip/src/startup_si91x.o
                0x08205910                DebugMon_Handler
                0x08205910                IRQ031_Handler
                0x08205910                HardFault_Handler
                0x08205910                IRQ058_Handler
                0x08205910                IRQ095_Handler
                0x08205910                IRQ065_Handler
                0x08205910                IRQ019_Handler
                0x08205910                IRQ056_Handler
                0x08205910                IRQ093_Handler
                0x08205910                NMI_Handler
                0x08205910                IRQ011_Handler
                0x08205910                IRQ014_Handler
                0x08205910                IRQ051_Handler
                0x08205910                IRQ027_Handler
                0x08205910                IRQ062_Handler
                0x08205910                IRQ097_Handler
                0x08205910                IRQ088_Handler
                0x08205910                IRQ034_Handler
                0x08205910                IRQ071_Handler
                0x08205910                IRQ067_Handler
                0x08205910                IRQ070_Handler
                0x08205910                IRQ077_Handler
                0x08205910                IRQ028_Handler
                0x08205910                IRQ063_Handler
                0x08205910                IRQ076_Handler
                0x08205910                UsageFault_Handler
                0x08205910                IRQ023_Handler
                0x08205910                IRQ009_Handler
                0x08205910                IRQ048_Handler
                0x08205910                IRQ083_Handler
                0x08205910                IRQ089_Handler
                0x08205910                HIF1_IRQHandler
                0x08205910                IRQ037_Handler
                0x08205910                IRQ072_Handler
                0x08205910                IRQ021_Handler
                0x08205910                IRQ008_Handler
                0x08205910                IRQ047_Handler
                0x08205910                IRQ082_Handler
                0x08205910                IRQ022_Handler
                0x08205910                IRQ007_Handler
                0x08205910                IRQ046_Handler
                0x08205910                IRQ081_Handler
                0x08205910                IRQ004_Handler
                0x08205910                IRQ043_Handler
                0x08205910                IRQ002_Handler
                0x08205910                IRQ041_Handler
                0x08205910                IRQ098_Handler
                0x08205910                IRQ000_Handler
                0x08205910                IRQ005_Handler
                0x08205910                IRQ044_Handler
                0x08205910                IRQ049_Handler
                0x08205910                IRQ084_Handler
                0x08205910                IRQ006_Handler
                0x08205910                IRQ045_Handler
                0x08205910                IRQ080_Handler
                0x08205910                IRQ015_Handler
                0x08205910                IRQ052_Handler
                0x08205910                MemManage_Handler
                0x08205910                HIF2_IRQHandler
                0x08205910                IRQ001_Handler
                0x08205910                IRQ040_Handler
                0x08205910                IRQ068_Handler
                0x08205910                IRQ059_Handler
                0x08205910                IRQ096_Handler
                0x08205910                IRQ003_Handler
                0x08205910                IRQ042_Handler
                0x08205910                IRQ024_Handler
                0x08205910                IRQ016_Handler
                0x08205910                IRQ053_Handler
                0x08205910                IRQ090_Handler
                0x08205910                IRQ078_Handler
                0x08205910                IRQ032_Handler
                0x08205910                IRQ020_Handler
                0x08205910                IRQ073_Handler
                0x08205910                IRQ018_Handler
                0x08205910                IRQ055_Handler
                0x08205910                IRQ092_Handler
                0x08205910                IRQ087_Handler
                0x08205910                IRQ026_Handler
                0x08205910                IRQ061_Handler
                0x08205910                IRQ025_Handler
                0x08205910                IRQ060_Handler
                0x08205910                IRQ085_Handler
                0x08205910                IRQ013_Handler
                0x08205910                IRQ050_Handler
                0x08205910                IRQ030_Handler
                0x08205910                IRQ029_Handler
                0x08205910                IRQ064_Handler
                0x08205910                IRQ066_Handler
                0x08205910                IRQ017_Handler
                0x08205910                IRQ054_Handler
                0x08205910                IRQ091_Handler
                0x08205910                BusFault_Handler
                0x08205910                IRQ069_Handler
                0x08205910                IRQ075_Handler
                0x08205910                IRQ086_Handler
                0x08205910                IRQ057_Handler
                0x08205910                IRQ094_Handler
                0x08205910                IRQ079_Handler
 .text.Default_Reset_Handler
                0x08205912        0x2 ./wiseconnect3_sdk_3.1.4/components/device/silabs/si91x/mcu/core/chip/src/startup_si91x.o
                0x08205912                Default_Reset_Handler
                0x08205912                Reset_Handler
 .text.Copy_Table
                0x08205914       0x24 ./wiseconnect3_sdk_3.1.4/components/device/silabs/si91x/mcu/core/chip/src/startup_si91x.o
                0x08205914                Copy_Table
 .text.Zero_Table
                0x08205938       0x24 ./wiseconnect3_sdk_3.1.4/components/device/silabs/si91x/mcu/core/chip/src/startup_si91x.o
                0x08205938                Zero_Table
 .text.RSI_Default_Reset_Handler
                0x0820595c       0x16 ./wiseconnect3_sdk_3.1.4/components/device/silabs/si91x/mcu/core/chip/src/startup_si91x.o
                0x0820595c                RSI_Default_Reset_Handler
 *fill*         0x08205972        0x2 
 .text.SystemCoreClockUpdate
                0x08205974      0x104 ./wiseconnect3_sdk_3.1.4/components/device/silabs/si91x/mcu/core/chip/src/system_si91x.o
                0x08205974                SystemCoreClockUpdate
 .text.fpuInit  0x08205a78       0x44 ./wiseconnect3_sdk_3.1.4/components/device/silabs/si91x/mcu/core/chip/src/system_si91x.o
                0x08205a78                fpuInit
 .text.SystemInit
                0x08205abc       0xe4 ./wiseconnect3_sdk_3.1.4/components/device/silabs/si91x/mcu/core/chip/src/system_si91x.o
                0x08205abc                SystemInit
 .text.ARM_UART_SignalEvent
                0x08205ba0       0x24 ./wiseconnect3_sdk_3.1.4/components/device/silabs/si91x/mcu/core/common/src/rsi_debug.o
                0x08205ba0                ARM_UART_SignalEvent
 .text.Board_Debug_Init
                0x08205bc4       0x4c ./wiseconnect3_sdk_3.1.4/components/device/silabs/si91x/mcu/core/common/src/rsi_debug.o
                0x08205bc4                Board_Debug_Init
 .text.Board_UARTGetChar
                0x08205c10       0x30 ./wiseconnect3_sdk_3.1.4/components/device/silabs/si91x/mcu/core/common/src/rsi_debug.o
                0x08205c10                Board_UARTGetChar
 .text.Board_UARTPutChar
                0x08205c40       0x30 ./wiseconnect3_sdk_3.1.4/components/device/silabs/si91x/mcu/core/common/src/rsi_debug.o
                0x08205c40                Board_UARTPutChar
 .text.read_exclude_space
                0x08205c70       0x20 ./wiseconnect3_sdk_3.1.4/components/device/silabs/si91x/mcu/core/common/src/syscalls.o
 .text._getpid  0x08205c90        0x4 ./wiseconnect3_sdk_3.1.4/components/device/silabs/si91x/mcu/core/common/src/syscalls.o
                0x08205c90                _getpid
 .text._kill    0x08205c94       0x10 ./wiseconnect3_sdk_3.1.4/components/device/silabs/si91x/mcu/core/common/src/syscalls.o
                0x08205c94                _kill
 .text._exit    0x08205ca4        0xc ./wiseconnect3_sdk_3.1.4/components/device/silabs/si91x/mcu/core/common/src/syscalls.o
                0x08205ca4                _exit
 .text._write   0x08205cb0       0x1c ./wiseconnect3_sdk_3.1.4/components/device/silabs/si91x/mcu/core/common/src/syscalls.o
                0x08205cb0                _write
 .text._close   0x08205ccc        0x6 ./wiseconnect3_sdk_3.1.4/components/device/silabs/si91x/mcu/core/common/src/syscalls.o
                0x08205ccc                _close
 .text._fstat   0x08205cd2        0xa ./wiseconnect3_sdk_3.1.4/components/device/silabs/si91x/mcu/core/common/src/syscalls.o
                0x08205cd2                _fstat
 .text._isatty  0x08205cdc        0x4 ./wiseconnect3_sdk_3.1.4/components/device/silabs/si91x/mcu/core/common/src/syscalls.o
                0x08205cdc                _isatty
 .text._lseek   0x08205ce0        0x4 ./wiseconnect3_sdk_3.1.4/components/device/silabs/si91x/mcu/core/common/src/syscalls.o
                0x08205ce0                _lseek
 .text._read    0x08205ce4      0x30c ./wiseconnect3_sdk_3.1.4/components/device/silabs/si91x/mcu/core/common/src/syscalls.o
                0x08205ce4                _read
 .text.sl_si91x_device_init_nvic
                0x08205ff0       0x18 ./wiseconnect3_sdk_3.1.4/components/device/silabs/si91x/mcu/core/config/src/rsi_nvic_priorities_config.o
                0x08205ff0                sl_si91x_device_init_nvic
 .text.IRQ033_Handler
                0x08206008       0x20 ./wiseconnect3_sdk_3.1.4/components/device/silabs/si91x/mcu/drivers/cmsis_driver/UDMA.o
                0x08206008                IRQ033_Handler
 .text.IRQ010_Handler
                0x08206028       0x20 ./wiseconnect3_sdk_3.1.4/components/device/silabs/si91x/mcu/drivers/cmsis_driver/UDMA.o
                0x08206028                IRQ010_Handler
 .text.ARM_USARTx_GetVersion
                0x08206048       0x20 ./wiseconnect3_sdk_3.1.4/components/device/silabs/si91x/mcu/drivers/cmsis_driver/USART.o
                0x08206048                ARM_USARTx_GetVersion
 .text.ARM_ULP_UART_GetCapabilities
                0x08206068        0xc ./wiseconnect3_sdk_3.1.4/components/device/silabs/si91x/mcu/drivers/cmsis_driver/USART.o
 .text.ARM_ULP_UART_GetModemStatus
                0x08206074        0xc ./wiseconnect3_sdk_3.1.4/components/device/silabs/si91x/mcu/drivers/cmsis_driver/USART.o
 .text.ARM_ULP_UART_SetModemControl
                0x08206080        0xc ./wiseconnect3_sdk_3.1.4/components/device/silabs/si91x/mcu/drivers/cmsis_driver/USART.o
 .text.ARM_ULP_UART_GetStatus
                0x0820608c        0xc ./wiseconnect3_sdk_3.1.4/components/device/silabs/si91x/mcu/drivers/cmsis_driver/USART.o
 .text.ARM_ULP_UART_Control
                0x08206098       0x34 ./wiseconnect3_sdk_3.1.4/components/device/silabs/si91x/mcu/drivers/cmsis_driver/USART.o
 .text.ARM_ULP_UART_GetRxCount
                0x082060cc        0xc ./wiseconnect3_sdk_3.1.4/components/device/silabs/si91x/mcu/drivers/cmsis_driver/USART.o
 .text.ARM_ULP_UART_GetTxCount
                0x082060d8        0xc ./wiseconnect3_sdk_3.1.4/components/device/silabs/si91x/mcu/drivers/cmsis_driver/USART.o
 .text.ARM_ULP_UART_Transfer
                0x082060e4       0x54 ./wiseconnect3_sdk_3.1.4/components/device/silabs/si91x/mcu/drivers/cmsis_driver/USART.o
 .text.ARM_ULP_UART_Receive
                0x08206138       0x48 ./wiseconnect3_sdk_3.1.4/components/device/silabs/si91x/mcu/drivers/cmsis_driver/USART.o
 .text.ARM_ULP_UART_Send
                0x08206180       0x48 ./wiseconnect3_sdk_3.1.4/components/device/silabs/si91x/mcu/drivers/cmsis_driver/USART.o
 .text.ARM_ULP_UART_PowerControl
                0x082061c8       0x18 ./wiseconnect3_sdk_3.1.4/components/device/silabs/si91x/mcu/drivers/cmsis_driver/USART.o
 .text.ARM_ULP_UART_Uninitialize
                0x082061e0       0x1c ./wiseconnect3_sdk_3.1.4/components/device/silabs/si91x/mcu/drivers/cmsis_driver/USART.o
 .text.ARM_ULP_UART_Initialize
                0x082061fc       0x30 ./wiseconnect3_sdk_3.1.4/components/device/silabs/si91x/mcu/drivers/cmsis_driver/USART.o
 .text.IRQ038_Handler
                0x0820622c        0xc ./wiseconnect3_sdk_3.1.4/components/device/silabs/si91x/mcu/drivers/cmsis_driver/USART.o
                0x0820622c                IRQ038_Handler
 .text.IRQ039_Handler
                0x08206238        0xc ./wiseconnect3_sdk_3.1.4/components/device/silabs/si91x/mcu/drivers/cmsis_driver/USART.o
                0x08206238                IRQ039_Handler
 .text.IRQ012_Handler
                0x08206244        0xc ./wiseconnect3_sdk_3.1.4/components/device/silabs/si91x/mcu/drivers/cmsis_driver/USART.o
                0x08206244                IRQ012_Handler
 .text.RSI_ULPUartHandler
                0x08206250        0x4 ./wiseconnect3_sdk_3.1.4/components/device/silabs/si91x/mcu/drivers/cmsis_driver/USART.o
                0x08206250                RSI_ULPUartHandler
 .text.RSI_CLK_GetBaseClock
                0x08206254      0x50c ./wiseconnect3_sdk_3.1.4/components/device/silabs/si91x/mcu/drivers/peripheral_drivers/src/clock_update.o
                0x08206254                RSI_CLK_GetBaseClock
 .text.RSI_EGPIO_SetPinMux
                0x08206760       0x14 ./wiseconnect3_sdk_3.1.4/components/device/silabs/si91x/mcu/drivers/peripheral_drivers/src/rsi_usart.o
 .text.RSI_EGPIO_HostPadsGpioModeEnable
                0x08206774       0x10 ./wiseconnect3_sdk_3.1.4/components/device/silabs/si91x/mcu/drivers/peripheral_drivers/src/rsi_usart.o
 .text.RSI_EGPIO_PadSelectionEnable
                0x08206784       0x10 ./wiseconnect3_sdk_3.1.4/components/device/silabs/si91x/mcu/drivers/peripheral_drivers/src/rsi_usart.o
 .text.RSI_EGPIO_PadReceiverEnable
                0x08206794       0x10 ./wiseconnect3_sdk_3.1.4/components/device/silabs/si91x/mcu/drivers/peripheral_drivers/src/rsi_usart.o
 .text.RSI_EGPIO_UlpPadReceiverEnable
                0x082067a4       0x10 ./wiseconnect3_sdk_3.1.4/components/device/silabs/si91x/mcu/drivers/peripheral_drivers/src/rsi_usart.o
 .text.UDMAx_ChannelDisable.isra.0
                0x082067b4        0xc ./wiseconnect3_sdk_3.1.4/components/device/silabs/si91x/mcu/drivers/peripheral_drivers/src/rsi_usart.o
 .text.UartIrqHandler
                0x082067c0      0x1f0 ./wiseconnect3_sdk_3.1.4/components/device/silabs/si91x/mcu/drivers/peripheral_drivers/src/rsi_usart.o
                0x082067c0                UartIrqHandler
 .text.USART_SetBaudrate
                0x082069b0       0x50 ./wiseconnect3_sdk_3.1.4/components/device/silabs/si91x/mcu/drivers/peripheral_drivers/src/rsi_usart.o
                0x082069b0                USART_SetBaudrate
 .text.USART_Initialize
                0x08206a00      0x120 ./wiseconnect3_sdk_3.1.4/components/device/silabs/si91x/mcu/drivers/peripheral_drivers/src/rsi_usart.o
                0x08206a00                USART_Initialize
 .text.USART_Uninitialize
                0x08206b20       0xa0 ./wiseconnect3_sdk_3.1.4/components/device/silabs/si91x/mcu/drivers/peripheral_drivers/src/rsi_usart.o
                0x08206b20                USART_Uninitialize
 .text.USART_PowerControl
                0x08206bc0      0x150 ./wiseconnect3_sdk_3.1.4/components/device/silabs/si91x/mcu/drivers/peripheral_drivers/src/rsi_usart.o
                0x08206bc0                USART_PowerControl
 .text.USART_Send_Data
                0x08206d10      0x15c ./wiseconnect3_sdk_3.1.4/components/device/silabs/si91x/mcu/drivers/peripheral_drivers/src/rsi_usart.o
                0x08206d10                USART_Send_Data
 .text.USART_Receive_Data
                0x08206e6c      0x13c ./wiseconnect3_sdk_3.1.4/components/device/silabs/si91x/mcu/drivers/peripheral_drivers/src/rsi_usart.o
                0x08206e6c                USART_Receive_Data
 .text.USART_Transfer
                0x08206fa8       0x72 ./wiseconnect3_sdk_3.1.4/components/device/silabs/si91x/mcu/drivers/peripheral_drivers/src/rsi_usart.o
                0x08206fa8                USART_Transfer
 .text.USART_GetTxCount
                0x0820701a        0x6 ./wiseconnect3_sdk_3.1.4/components/device/silabs/si91x/mcu/drivers/peripheral_drivers/src/rsi_usart.o
                0x0820701a                USART_GetTxCount
 .text.USART_GetRxCount
                0x08207020        0x6 ./wiseconnect3_sdk_3.1.4/components/device/silabs/si91x/mcu/drivers/peripheral_drivers/src/rsi_usart.o
                0x08207020                USART_GetRxCount
 *fill*         0x08207026        0x2 
 .text.USART_Control
                0x08207028      0x8e8 ./wiseconnect3_sdk_3.1.4/components/device/silabs/si91x/mcu/drivers/peripheral_drivers/src/rsi_usart.o
                0x08207028                USART_Control
 .text.USART_GetStatus
                0x08207910       0x42 ./wiseconnect3_sdk_3.1.4/components/device/silabs/si91x/mcu/drivers/peripheral_drivers/src/rsi_usart.o
                0x08207910                USART_GetStatus
 *fill*         0x08207952        0x2 
 .text.USART_SetModemControl
                0x08207954       0x84 ./wiseconnect3_sdk_3.1.4/components/device/silabs/si91x/mcu/drivers/peripheral_drivers/src/rsi_usart.o
                0x08207954                USART_SetModemControl
 .text.USART_GetModemStatus
                0x082079d8       0x5c ./wiseconnect3_sdk_3.1.4/components/device/silabs/si91x/mcu/drivers/peripheral_drivers/src/rsi_usart.o
                0x082079d8                USART_GetModemStatus
 .text.RSI_IPMU_UpdateIpmuCalibData_efuse
                0x08207a34      0x2ec ./wiseconnect3_sdk_3.1.4/components/device/silabs/si91x/mcu/drivers/systemlevel/src/rsi_ipmu.o
                0x08207a34                RSI_IPMU_UpdateIpmuCalibData_efuse
 .text.RSI_Ipmu_Init
                0x08207d20        0x4 ./wiseconnect3_sdk_3.1.4/components/device/silabs/si91x/mcu/drivers/systemlevel/src/rsi_ipmu.o
                0x08207d20                RSI_Ipmu_Init
 .text.RSI_Configure_Ipmu_Mode
                0x08207d24        0x6 ./wiseconnect3_sdk_3.1.4/components/device/silabs/si91x/mcu/drivers/systemlevel/src/rsi_ipmu.o
                0x08207d24                RSI_Configure_Ipmu_Mode
 *fill*         0x08207d2a        0x2 
 .text.RSI_IPMU_PowerGateClr
                0x08207d2c       0x4c ./wiseconnect3_sdk_3.1.4/components/device/silabs/si91x/mcu/drivers/systemlevel/src/rsi_ipmu.o
                0x08207d2c                RSI_IPMU_PowerGateClr
 .text.RSI_IPMU_ClockMuxSel
                0x08207d78       0x40 ./wiseconnect3_sdk_3.1.4/components/device/silabs/si91x/mcu/drivers/systemlevel/src/rsi_ipmu.o
                0x08207d78                RSI_IPMU_ClockMuxSel
 .text.RSI_IPMU_ProgramConfigData
                0x08207db8       0xea ./wiseconnect3_sdk_3.1.4/components/device/silabs/si91x/mcu/drivers/systemlevel/src/rsi_ipmu.o
                0x08207db8                RSI_IPMU_ProgramConfigData
 .text.RSI_APB_ProgramConfigData
                0x08207ea2       0xc8 ./wiseconnect3_sdk_3.1.4/components/device/silabs/si91x/mcu/drivers/systemlevel/src/rsi_ipmu.o
                0x08207ea2                RSI_APB_ProgramConfigData
 *fill*         0x08207f6a        0x2 
 .text.RSI_IPMU_PocbiasCurrent
                0x08207f6c        0xc ./wiseconnect3_sdk_3.1.4/components/device/silabs/si91x/mcu/drivers/systemlevel/src/rsi_ipmu.o
                0x08207f6c                RSI_IPMU_PocbiasCurrent
 .text.RSI_IPMU_PocbiasCurrent11
                0x08207f78        0xc ./wiseconnect3_sdk_3.1.4/components/device/silabs/si91x/mcu/drivers/systemlevel/src/rsi_ipmu.o
                0x08207f78                RSI_IPMU_PocbiasCurrent11
 .text.RSI_IPMU_RO32khzTrim00Efuse
                0x08207f84        0xc ./wiseconnect3_sdk_3.1.4/components/device/silabs/si91x/mcu/drivers/systemlevel/src/rsi_ipmu.o
                0x08207f84                RSI_IPMU_RO32khzTrim00Efuse
 .text.RSI_IPMU_RetnLdoVoltsel
                0x08207f90        0xc ./wiseconnect3_sdk_3.1.4/components/device/silabs/si91x/mcu/drivers/systemlevel/src/rsi_ipmu.o
                0x08207f90                RSI_IPMU_RetnLdoVoltsel
 .text.RSI_IPMU_RetnLdoLpmode
                0x08207f9c       0x1c ./wiseconnect3_sdk_3.1.4/components/device/silabs/si91x/mcu/drivers/systemlevel/src/rsi_ipmu.o
                0x08207f9c                RSI_IPMU_RetnLdoLpmode
 .text.RSI_IPMU_RetnLdoHpmode
                0x08207fb8       0x1c ./wiseconnect3_sdk_3.1.4/components/device/silabs/si91x/mcu/drivers/systemlevel/src/rsi_ipmu.o
                0x08207fb8                RSI_IPMU_RetnLdoHpmode
 .text.RSI_IPMU_M32rc_OscTrimEfuse
                0x08207fd4       0x28 ./wiseconnect3_sdk_3.1.4/components/device/silabs/si91x/mcu/drivers/systemlevel/src/rsi_ipmu.o
                0x08207fd4                RSI_IPMU_M32rc_OscTrimEfuse
 .text.RSI_IPMU_DBLR32M_TrimEfuse
                0x08207ffc       0x18 ./wiseconnect3_sdk_3.1.4/components/device/silabs/si91x/mcu/drivers/systemlevel/src/rsi_ipmu.o
                0x08207ffc                RSI_IPMU_DBLR32M_TrimEfuse
 .text.RSI_IPMU_M20roOsc_TrimEfuse
                0x08208014       0x28 ./wiseconnect3_sdk_3.1.4/components/device/silabs/si91x/mcu/drivers/systemlevel/src/rsi_ipmu.o
                0x08208014                RSI_IPMU_M20roOsc_TrimEfuse
 .text.RSI_IPMU_RO32khz_TrimEfuse
                0x0820803c       0x18 ./wiseconnect3_sdk_3.1.4/components/device/silabs/si91x/mcu/drivers/systemlevel/src/rsi_ipmu.o
                0x0820803c                RSI_IPMU_RO32khz_TrimEfuse
 .text.RSI_IPMU_RC32khz_TrimEfuse
                0x08208054       0x18 ./wiseconnect3_sdk_3.1.4/components/device/silabs/si91x/mcu/drivers/systemlevel/src/rsi_ipmu.o
                0x08208054                RSI_IPMU_RC32khz_TrimEfuse
 .text.RSI_IPMU_RO_TsEfuse
                0x0820806c        0xc ./wiseconnect3_sdk_3.1.4/components/device/silabs/si91x/mcu/drivers/systemlevel/src/rsi_ipmu.o
                0x0820806c                RSI_IPMU_RO_TsEfuse
 .text.RSI_IPMU_RO_TsConfig
                0x08208078        0xc ./wiseconnect3_sdk_3.1.4/components/device/silabs/si91x/mcu/drivers/systemlevel/src/rsi_ipmu.o
                0x08208078                RSI_IPMU_RO_TsConfig
 .text._usdelay
                0x08208084        0x6 ./wiseconnect3_sdk_3.1.4/components/device/silabs/si91x/mcu/drivers/systemlevel/src/rsi_pll.o
 *fill*         0x0820808a        0x2 
 .text.clk_m4_soc_clk_config
                0x0820808c       0xc8 ./wiseconnect3_sdk_3.1.4/components/device/silabs/si91x/mcu/drivers/systemlevel/src/rsi_pll.o
                0x0820808c                clk_m4_soc_clk_config
 .text.ulpss_enable_ref_clks
                0x08208154       0xf8 ./wiseconnect3_sdk_3.1.4/components/device/silabs/si91x/mcu/drivers/systemlevel/src/rsi_pll.o
                0x08208154                ulpss_enable_ref_clks
 .text.clk_m4ss_ref_clk_config
                0x0820824c       0xcc ./wiseconnect3_sdk_3.1.4/components/device/silabs/si91x/mcu/drivers/systemlevel/src/rsi_pll.o
                0x0820824c                clk_m4ss_ref_clk_config
 .text.RSI_TS_Enable
                0x08208318        0xa ./wiseconnect3_sdk_3.1.4/components/device/silabs/si91x/mcu/drivers/systemlevel/src/rsi_temp_sensor.o
                0x08208318                RSI_TS_Enable
 .text.RSI_TS_Config
                0x08208322       0x36 ./wiseconnect3_sdk_3.1.4/components/device/silabs/si91x/mcu/drivers/systemlevel/src/rsi_temp_sensor.o
                0x08208322                RSI_TS_Config
 .text.RSI_TS_ReadTemp
                0x08208358        0xe ./wiseconnect3_sdk_3.1.4/components/device/silabs/si91x/mcu/drivers/systemlevel/src/rsi_temp_sensor.o
                0x08208358                RSI_TS_ReadTemp
 .text.RSI_TS_RoBjtEnable
                0x08208366       0x26 ./wiseconnect3_sdk_3.1.4/components/device/silabs/si91x/mcu/drivers/systemlevel/src/rsi_temp_sensor.o
                0x08208366                RSI_TS_RoBjtEnable
 .text.RSI_Periodic_TempUpdate
                0x0820838c       0x12 ./wiseconnect3_sdk_3.1.4/components/device/silabs/si91x/mcu/drivers/systemlevel/src/rsi_temp_sensor.o
                0x0820838c                RSI_Periodic_TempUpdate
 *fill*         0x0820839e        0x2 
 .text.ulpss_ref_clk_config
                0x082083a0       0xbc ./wiseconnect3_sdk_3.1.4/components/device/silabs/si91x/mcu/drivers/systemlevel/src/rsi_ulpss_clk.o
                0x082083a0                ulpss_ref_clk_config
 .text.sl_mv_m4_app_from_flash_to_ram
                0x0820845c       0x50 ./wiseconnect3_sdk_3.1.4/components/device/silabs/si91x/wireless/ahb_interface/src/rsi_hal_mcu_m4_ram.o
                0x0820845c                sl_mv_m4_app_from_flash_to_ram
 .text.sli_si91x_raise_pkt_pending_interrupt_to_ta
                0x082084ac       0x20 ./wiseconnect3_sdk_3.1.4/components/device/silabs/si91x/wireless/ahb_interface/src/rsi_hal_mcu_m4_rom.o
                0x082084ac                sli_si91x_raise_pkt_pending_interrupt_to_ta
 .text.raise_m4_to_ta_interrupt
                0x082084cc        0xc ./wiseconnect3_sdk_3.1.4/components/device/silabs/si91x/wireless/ahb_interface/src/rsi_hal_mcu_m4_rom.o
                0x082084cc                raise_m4_to_ta_interrupt
 .text.mask_ta_interrupt
                0x082084d8        0xc ./wiseconnect3_sdk_3.1.4/components/device/silabs/si91x/wireless/ahb_interface/src/rsi_hal_mcu_m4_rom.o
                0x082084d8                mask_ta_interrupt
 .text.sli_receive_from_ta_done_isr
                0x082084e4       0x28 ./wiseconnect3_sdk_3.1.4/components/device/silabs/si91x/wireless/ahb_interface/src/rsi_hal_mcu_m4_rom.o
                0x082084e4                sli_receive_from_ta_done_isr
 .text.sli_m4_interrupt_isr
                0x0820850c       0xa0 ./wiseconnect3_sdk_3.1.4/components/device/silabs/si91x/wireless/ahb_interface/src/rsi_hal_mcu_m4_rom.o
                0x0820850c                sli_m4_interrupt_isr
 .text.sl_si91x_bus_read_interrupt_status
                0x082085ac       0x10 ./wiseconnect3_sdk_3.1.4/components/device/silabs/si91x/wireless/ahb_interface/src/rsi_hal_mcu_m4_rom.o
                0x082085ac                sl_si91x_bus_read_interrupt_status
 .text.si91x_req_wakeup
                0x082085bc       0x20 ./wiseconnect3_sdk_3.1.4/components/device/silabs/si91x/wireless/ahb_interface/src/rsi_hal_mcu_m4_rom.o
                0x082085bc                si91x_req_wakeup
 .text.sl_si91x_host_clear_sleep_indicator
                0x082085dc       0x14 ./wiseconnect3_sdk_3.1.4/components/device/silabs/si91x/wireless/ahb_interface/src/rsi_hal_mcu_m4_rom.o
                0x082085dc                sl_si91x_host_clear_sleep_indicator
 .text.IRQ074_Handler
                0x082085f0        0x4 ./wiseconnect3_sdk_3.1.4/components/device/silabs/si91x/wireless/ahb_interface/src/rsi_hal_mcu_m4_rom.o
                0x082085f0                IRQ074_Handler
 .text.sl_si91x_ta_events_init
                0x082085f4       0x14 ./wiseconnect3_sdk_3.1.4/components/device/silabs/si91x/wireless/ahb_interface/src/rsi_hal_mcu_m4_rom.o
                0x082085f4                sl_si91x_ta_events_init
 .text.sli_si91x_platform_init
                0x08208608       0x5c ./wiseconnect3_sdk_3.1.4/components/device/silabs/si91x/wireless/ahb_interface/src/sl_platform.o
                0x08208608                sli_si91x_platform_init
 .text.si91x_bootup_firmware
                0x08208664       0x94 ./wiseconnect3_sdk_3.1.4/components/device/silabs/si91x/wireless/ahb_interface/src/sl_platform.o
                0x08208664                si91x_bootup_firmware
 .text.sli_si91x_configure_wireless_frontend_controls
                0x082086f8       0x44 ./wiseconnect3_sdk_3.1.4/components/device/silabs/si91x/wireless/ahb_interface/src/sl_platform_wireless.o
                0x082086f8                sli_si91x_configure_wireless_frontend_controls
 .text.sl_si91x_trigger_sleep
                0x0820873c      0x230 ./wiseconnect3_sdk_3.1.4/components/device/silabs/si91x/wireless/ahb_interface/src/sl_platform_wireless.o
                0x0820873c                sl_si91x_trigger_sleep
 .text.sl_si91x_configure_ram_retention
                0x0820896c       0x48 ./wiseconnect3_sdk_3.1.4/components/device/silabs/si91x/wireless/ahb_interface/src/sl_platform_wireless.o
                0x0820896c                sl_si91x_configure_ram_retention
 .text.sli_si91x_submit_rx_pkt
                0x082089b4       0x84 ./wiseconnect3_sdk_3.1.4/components/device/silabs/si91x/wireless/ahb_interface/src/sl_si91x_bus.o
                0x082089b4                sli_si91x_submit_rx_pkt
 .text.sl_si91x_bus_read_frame
                0x08208a38        0x8 ./wiseconnect3_sdk_3.1.4/components/device/silabs/si91x/wireless/ahb_interface/src/sl_si91x_bus.o
                0x08208a38                sl_si91x_bus_read_frame
 .text.sl_si91x_bus_write_frame
                0x08208a40       0x24 ./wiseconnect3_sdk_3.1.4/components/device/silabs/si91x/wireless/ahb_interface/src/sl_si91x_bus.o
                0x08208a40                sl_si91x_bus_write_frame
 .text.sli_submit_rx_buffer
                0x08208a64       0x16 ./wiseconnect3_sdk_3.1.4/components/device/silabs/si91x/wireless/ahb_interface/src/sl_si91x_bus.o
                0x08208a64                sli_submit_rx_buffer
 *fill*         0x08208a7a        0x2 
 .text.rsi_update_tx_dma_desc
                0x08208a7c       0x28 ./wiseconnect3_sdk_3.1.4/components/device/silabs/si91x/wireless/ahb_interface/src/sl_si91x_bus.o
                0x08208a7c                rsi_update_tx_dma_desc
 .text.rsi_update_rx_dma_desc
                0x08208aa4       0x10 ./wiseconnect3_sdk_3.1.4/components/device/silabs/si91x/wireless/ahb_interface/src/sl_si91x_bus.o
                0x08208aa4                rsi_update_rx_dma_desc
 .text.sli_si91x_config_m4_dma_desc_on_reset
                0x08208ab4       0x48 ./wiseconnect3_sdk_3.1.4/components/device/silabs/si91x/wireless/ahb_interface/src/sl_si91x_bus.o
                0x08208ab4                sli_si91x_config_m4_dma_desc_on_reset
 .text.rsi_waitfor_boardready
                0x08208afc       0x44 ./wiseconnect3_sdk_3.1.4/components/device/silabs/si91x/wireless/ahb_interface/src/sli_siwx917_soc.o
                0x08208afc                rsi_waitfor_boardready
 .text.rsi_select_option
                0x08208b40       0x80 ./wiseconnect3_sdk_3.1.4/components/device/silabs/si91x/wireless/ahb_interface/src/sli_siwx917_soc.o
                0x08208b40                rsi_select_option
 .text.unmask_ta_interrupt
                0x08208bc0        0xc ./wiseconnect3_sdk_3.1.4/components/device/silabs/si91x/wireless/ahb_interface/src/sli_siwx917_soc.o
                0x08208bc0                unmask_ta_interrupt
 .text.sli_m4_ta_interrupt_init
                0x08208bcc       0x2c ./wiseconnect3_sdk_3.1.4/components/device/silabs/si91x/wireless/ahb_interface/src/sli_siwx917_soc.o
                0x08208bcc                sli_m4_ta_interrupt_init
 .text.sl_si91x_errno
                0x08208bf8       0x1c ./wiseconnect3_sdk_3.1.4/components/device/silabs/si91x/wireless/errno/src/sl_si91x_errno.o
                0x08208bf8                sl_si91x_errno
 .text.sl_si91x_bus_rx_irq_handler
                0x08208c14        0x4 ./wiseconnect3_sdk_3.1.4/components/device/silabs/si91x/wireless/host_mcu/si91x/siwx917_soc_ncp_host.o
                0x08208c14                sl_si91x_bus_rx_irq_handler
 .text.sl_si91x_bus_rx_done_handler
                0x08208c18        0x2 ./wiseconnect3_sdk_3.1.4/components/device/silabs/si91x/wireless/host_mcu/si91x/siwx917_soc_ncp_host.o
                0x08208c18                sl_si91x_bus_rx_done_handler
 .text.sl_si91x_bus_init
                0x08208c1a        0x4 ./wiseconnect3_sdk_3.1.4/components/device/silabs/si91x/wireless/host_mcu/si91x/siwx917_soc_ncp_host.o
                0x08208c1a                sl_si91x_bus_init
 .text.sl_si91x_host_init
                0x08208c1e        0xa ./wiseconnect3_sdk_3.1.4/components/device/silabs/si91x/wireless/host_mcu/si91x/siwx917_soc_ncp_host.o
                0x08208c1e                sl_si91x_host_init
 .text.sl_si91x_host_hold_in_reset
                0x08208c28        0x2 ./wiseconnect3_sdk_3.1.4/components/device/silabs/si91x/wireless/host_mcu/si91x/siwx917_soc_ncp_host.o
                0x08208c28                sl_si91x_host_hold_in_reset
 .text.sl_si91x_host_release_from_reset
                0x08208c2a        0x2 ./wiseconnect3_sdk_3.1.4/components/device/silabs/si91x/wireless/host_mcu/si91x/siwx917_soc_ncp_host.o
                0x08208c2a                sl_si91x_host_release_from_reset
 .text.sl_si91x_host_enable_bus_interrupt
                0x08208c2c        0x2 ./wiseconnect3_sdk_3.1.4/components/device/silabs/si91x/wireless/host_mcu/si91x/siwx917_soc_ncp_host.o
                0x08208c2c                sl_si91x_host_enable_bus_interrupt
 *fill*         0x08208c2e        0x2 
 .text.sl_si91x_host_is_in_irq_context
                0x08208c30       0x14 ./wiseconnect3_sdk_3.1.4/components/device/silabs/si91x/wireless/host_mcu/si91x/siwx917_soc_ncp_host.o
                0x08208c30                sl_si91x_host_is_in_irq_context
 .text.sl_si91x_host_init_buffer_manager
                0x08208c44       0x38 ./wiseconnect3_sdk_3.1.4/components/device/silabs/si91x/wireless/memory/mem_pool_buffers.o
                0x08208c44                sl_si91x_host_init_buffer_manager
 .text.sl_si91x_host_allocate_buffer
                0x08208c7c       0x4c ./wiseconnect3_sdk_3.1.4/components/device/silabs/si91x/wireless/memory/mem_pool_buffers.o
                0x08208c7c                sl_si91x_host_allocate_buffer
 .text.sl_si91x_host_get_buffer_data
                0x08208cc8       0x18 ./wiseconnect3_sdk_3.1.4/components/device/silabs/si91x/wireless/memory/mem_pool_buffers.o
                0x08208cc8                sl_si91x_host_get_buffer_data
 .text.sl_si91x_host_free_buffer
                0x08208ce0       0x18 ./wiseconnect3_sdk_3.1.4/components/device/silabs/si91x/wireless/memory/mem_pool_buffers.o
                0x08208ce0                sl_si91x_host_free_buffer
 .text.convert_si91x_dns_response
                0x08208cf8       0x2a ./wiseconnect3_sdk_3.1.4/components/device/silabs/si91x/wireless/sl_net/src/sl_net_rsi_utility.o
                0x08208cf8                convert_si91x_dns_response
 .text.convert_si91x_event_to_sl_net_event
                0x08208d22       0x2a ./wiseconnect3_sdk_3.1.4/components/device/silabs/si91x/wireless/sl_net/src/sl_net_rsi_utility.o
                0x08208d22                convert_si91x_event_to_sl_net_event
 .text.si91x_node_free_function
                0x08208d4c        0x6 ./wiseconnect3_sdk_3.1.4/components/device/silabs/si91x/wireless/sl_net/src/sl_net_si91x_integration_handler.o
 *fill*         0x08208d52        0x2 
 .text.sl_net_si91x_event_dispatch_handler
                0x08208d54      0x100 ./wiseconnect3_sdk_3.1.4/components/device/silabs/si91x/wireless/sl_net/src/sl_net_si91x_integration_handler.o
                0x08208d54                sl_net_si91x_event_dispatch_handler
 .text.convert_to_si91x_cert_type
                0x08208e54       0x82 ./wiseconnect3_sdk_3.1.4/components/device/silabs/si91x/wireless/sl_net/src/sl_si91x_net_credentials.o
 .text.sl_si91x_set_credential
                0x08208ed6       0x40 ./wiseconnect3_sdk_3.1.4/components/device/silabs/si91x/wireless/sl_net/src/sl_si91x_net_credentials.o
                0x08208ed6                sl_si91x_set_credential
 .text.sl_si91x_host_get_credentials
                0x08208f16       0x4a ./wiseconnect3_sdk_3.1.4/components/device/silabs/si91x/wireless/sl_net/src/sl_si91x_net_credentials.o
                0x08208f16                sl_si91x_host_get_credentials
 .text.sl_si91x_configure_ip_address
                0x08208f60      0x1a4 ./wiseconnect3_sdk_3.1.4/components/device/silabs/si91x/wireless/sl_net/src/sl_si91x_net_internal_stack.o
                0x08208f60                sl_si91x_configure_ip_address
 .text.save_wifi_current_performance_profile
                0x08209104       0x34 ./wiseconnect3_sdk_3.1.4/components/device/silabs/si91x/wireless/src/sl_rsi_utility.o
                0x08209104                save_wifi_current_performance_profile
 .text.get_wifi_current_performance_profile
                0x08209138       0x2c ./wiseconnect3_sdk_3.1.4/components/device/silabs/si91x/wireless/src/sl_rsi_utility.o
                0x08209138                get_wifi_current_performance_profile
 .text.get_coex_performance_profile
                0x08209164      0x108 ./wiseconnect3_sdk_3.1.4/components/device/silabs/si91x/wireless/src/sl_rsi_utility.o
                0x08209164                get_coex_performance_profile
 .text.reset_coex_current_performance_profile
                0x0820926c       0x10 ./wiseconnect3_sdk_3.1.4/components/device/silabs/si91x/wireless/src/sl_rsi_utility.o
                0x0820926c                reset_coex_current_performance_profile
 .text.save_tcp_auto_close_choice
                0x0820927c        0xc ./wiseconnect3_sdk_3.1.4/components/device/silabs/si91x/wireless/src/sl_rsi_utility.o
                0x0820927c                save_tcp_auto_close_choice
 .text.get_max_tx_power
                0x08209288       0x24 ./wiseconnect3_sdk_3.1.4/components/device/silabs/si91x/wireless/src/sl_rsi_utility.o
                0x08209288                get_max_tx_power
 .text.set_card_ready_required
                0x082092ac        0xc ./wiseconnect3_sdk_3.1.4/components/device/silabs/si91x/wireless/src/sl_rsi_utility.o
                0x082092ac                set_card_ready_required
 .text.get_card_ready_required
                0x082092b8        0xc ./wiseconnect3_sdk_3.1.4/components/device/silabs/si91x/wireless/src/sl_rsi_utility.o
                0x082092b8                get_card_ready_required
 .text.save_coex_mode
                0x082092c4        0xc ./wiseconnect3_sdk_3.1.4/components/device/silabs/si91x/wireless/src/sl_rsi_utility.o
                0x082092c4                save_coex_mode
 .text.convert_si91x_event_to_sl_wifi_event
                0x082092d0      0x198 ./wiseconnect3_sdk_3.1.4/components/device/silabs/si91x/wireless/src/sl_rsi_utility.o
                0x082092d0                convert_si91x_event_to_sl_wifi_event
 .text.get_saved_sl_wifi_rate
                0x08209468       0x14 ./wiseconnect3_sdk_3.1.4/components/device/silabs/si91x/wireless/src/sl_rsi_utility.o
                0x08209468                get_saved_sl_wifi_rate
 .text.save_ap_configuration
                0x0820947c       0x28 ./wiseconnect3_sdk_3.1.4/components/device/silabs/si91x/wireless/src/sl_rsi_utility.o
                0x0820947c                save_ap_configuration
 .text.convert_performance_profile_to_power_save_command
                0x082094a4       0x5c ./wiseconnect3_sdk_3.1.4/components/device/silabs/si91x/wireless/src/sl_rsi_utility.o
                0x082094a4                convert_performance_profile_to_power_save_command
 .text.sl_si91x_send_power_save_request
                0x08209500       0x4c ./wiseconnect3_sdk_3.1.4/components/device/silabs/si91x/wireless/src/sl_rsi_utility.o
                0x08209500                sl_si91x_send_power_save_request
 .text.convert_sl_wifi_to_sl_si91x_encryption
                0x0820954c       0x1c ./wiseconnect3_sdk_3.1.4/components/device/silabs/si91x/wireless/src/sl_rsi_utility.o
                0x0820954c                convert_sl_wifi_to_sl_si91x_encryption
 .text.sl_si91x_platform_init
                0x08209568       0xec ./wiseconnect3_sdk_3.1.4/components/device/silabs/si91x/wireless/src/sl_rsi_utility.o
                0x08209568                sl_si91x_platform_init
 .text.sl_si91x_host_set_event
                0x08209654       0x10 ./wiseconnect3_sdk_3.1.4/components/device/silabs/si91x/wireless/src/sl_rsi_utility.o
                0x08209654                sl_si91x_host_set_event
 .text.sl_si91x_host_set_bus_event
                0x08209664       0x10 ./wiseconnect3_sdk_3.1.4/components/device/silabs/si91x/wireless/src/sl_rsi_utility.o
                0x08209664                sl_si91x_host_set_bus_event
 .text.sl_si91x_host_set_async_event
                0x08209674       0x10 ./wiseconnect3_sdk_3.1.4/components/device/silabs/si91x/wireless/src/sl_rsi_utility.o
                0x08209674                sl_si91x_host_set_async_event
 .text.sl_si91x_host_add_to_queue
                0x08209684       0x48 ./wiseconnect3_sdk_3.1.4/components/device/silabs/si91x/wireless/src/sl_rsi_utility.o
                0x08209684                sl_si91x_host_add_to_queue
 .text.sl_si91x_host_add_to_queue_with_atomic_action
                0x082096cc       0x58 ./wiseconnect3_sdk_3.1.4/components/device/silabs/si91x/wireless/src/sl_rsi_utility.o
                0x082096cc                sl_si91x_host_add_to_queue_with_atomic_action
 .text.sl_si91x_host_remove_from_queue
                0x08209724       0x58 ./wiseconnect3_sdk_3.1.4/components/device/silabs/si91x/wireless/src/sl_rsi_utility.o
                0x08209724                sl_si91x_host_remove_from_queue
 .text.sl_si91x_host_remove_node_from_queue
                0x0820977c       0x8c ./wiseconnect3_sdk_3.1.4/components/device/silabs/si91x/wireless/src/sl_rsi_utility.o
                0x0820977c                sl_si91x_host_remove_node_from_queue
 .text.sl_si91x_flush_queue_based_on_type
                0x08209808      0x108 ./wiseconnect3_sdk_3.1.4/components/device/silabs/si91x/wireless/src/sl_rsi_utility.o
                0x08209808                sl_si91x_flush_queue_based_on_type
 .text.sl_si91x_host_queue_status
                0x08209910       0x34 ./wiseconnect3_sdk_3.1.4/components/device/silabs/si91x/wireless/src/sl_rsi_utility.o
                0x08209910                sl_si91x_host_queue_status
 .text.si91x_host_wait_for_event
                0x08209944       0x2c ./wiseconnect3_sdk_3.1.4/components/device/silabs/si91x/wireless/src/sl_rsi_utility.o
                0x08209944                si91x_host_wait_for_event
 .text.si91x_host_wait_for_bus_event
                0x08209970       0x2c ./wiseconnect3_sdk_3.1.4/components/device/silabs/si91x/wireless/src/sl_rsi_utility.o
                0x08209970                si91x_host_wait_for_bus_event
 .text.si91x_host_wait_for_async_event
                0x0820999c       0x2c ./wiseconnect3_sdk_3.1.4/components/device/silabs/si91x/wireless/src/sl_rsi_utility.o
                0x0820999c                si91x_host_wait_for_async_event
 .text.si91x_host_clear_events
                0x082099c8       0x18 ./wiseconnect3_sdk_3.1.4/components/device/silabs/si91x/wireless/src/sl_rsi_utility.o
                0x082099c8                si91x_host_clear_events
 .text.sl_si91x_host_power_cycle
                0x082099e0       0x1a ./wiseconnect3_sdk_3.1.4/components/device/silabs/si91x/wireless/src/sl_rsi_utility.o
                0x082099e0                sl_si91x_host_power_cycle
 *fill*         0x082099fa        0x2 
 .text.sl_si91x_register_event_handler
                0x082099fc        0xc ./wiseconnect3_sdk_3.1.4/components/device/silabs/si91x/wireless/src/sl_si91x_callback_framework.o
                0x082099fc                sl_si91x_register_event_handler
 .text.sl_si91x_default_handler
                0x08209a08       0x68 ./wiseconnect3_sdk_3.1.4/components/device/silabs/si91x/wireless/src/sl_si91x_callback_framework.o
                0x08209a08                sl_si91x_default_handler
 .text.sl_si91x_atomic_packet_id_allocator
                0x08209a70       0x12 ./wiseconnect3_sdk_3.1.4/components/device/silabs/si91x/wireless/src/sl_si91x_driver.o
 .text.si91x_packet_identification_function
                0x08209a82       0x20 ./wiseconnect3_sdk_3.1.4/components/device/silabs/si91x/wireless/src/sl_si91x_driver.o
 *fill*         0x08209aa2        0x2 
 .text.sl_si91x_driver_wait_for_response_packet
                0x08209aa4       0x88 ./wiseconnect3_sdk_3.1.4/components/device/silabs/si91x/wireless/src/sl_si91x_driver.o
                0x08209aa4                sl_si91x_driver_wait_for_response_packet
 .text.sl_si91x_allocate_command_buffer
                0x08209b2c       0x24 ./wiseconnect3_sdk_3.1.4/components/device/silabs/si91x/wireless/src/sl_si91x_driver.o
                0x08209b2c                sl_si91x_allocate_command_buffer
 .text.sl_si91x_driver_send_command_packet
                0x08209b50      0x128 ./wiseconnect3_sdk_3.1.4/components/device/silabs/si91x/wireless/src/sl_si91x_driver.o
                0x08209b50                sl_si91x_driver_send_command_packet
 .text.sl_si91x_driver_send_command.part.0
                0x08209c78       0x5e ./wiseconnect3_sdk_3.1.4/components/device/silabs/si91x/wireless/src/sl_si91x_driver.o
 .text.sl_si91x_driver_send_command
                0x08209cd6       0x1e ./wiseconnect3_sdk_3.1.4/components/device/silabs/si91x/wireless/src/sl_si91x_driver.o
                0x08209cd6                sl_si91x_driver_send_command
 .text.sl_si91x_wifi_set_certificate_index
                0x08209cf4       0xa8 ./wiseconnect3_sdk_3.1.4/components/device/silabs/si91x/wireless/src/sl_si91x_driver.o
                0x08209cf4                sl_si91x_wifi_set_certificate_index
 .text.sl_si91x_set_device_region
                0x08209d9c      0x308 ./wiseconnect3_sdk_3.1.4/components/device/silabs/si91x/wireless/src/sl_si91x_driver.o
                0x08209d9c                sl_si91x_set_device_region
 .text.get_opermode
                0x0820a0a4        0xc ./wiseconnect3_sdk_3.1.4/components/device/silabs/si91x/wireless/src/sl_si91x_driver.o
                0x0820a0a4                get_opermode
 .text.sl_si91x_get_join_configuration
                0x0820a0b0       0x2c ./wiseconnect3_sdk_3.1.4/components/device/silabs/si91x/wireless/src/sl_si91x_driver.o
                0x0820a0b0                sl_si91x_get_join_configuration
 .text.sl_si91x_get_listen_interval
                0x0820a0dc        0xc ./wiseconnect3_sdk_3.1.4/components/device/silabs/si91x/wireless/src/sl_si91x_driver.o
                0x0820a0dc                sl_si91x_get_listen_interval
 .text.sl_si91x_configure_timeout
                0x0820a0e8       0x38 ./wiseconnect3_sdk_3.1.4/components/device/silabs/si91x/wireless/src/sl_si91x_driver.o
                0x0820a0e8                sl_si91x_configure_timeout
 .text.sl_si91x_driver_init_wifi_radio
                0x0820a120       0xc4 ./wiseconnect3_sdk_3.1.4/components/device/silabs/si91x/wireless/src/sl_si91x_driver.o
                0x0820a120                sl_si91x_driver_init_wifi_radio
 .text.sl_si91x_driver_init
                0x0820a1e4      0x228 ./wiseconnect3_sdk_3.1.4/components/device/silabs/si91x/wireless/src/sl_si91x_driver.o
                0x0820a1e4                sl_si91x_driver_init
 .text.sl_create_generic_rx_packet_from_params
                0x0820a40c       0x70 ./wiseconnect3_sdk_3.1.4/components/device/silabs/si91x/wireless/threading/sli_si91x_multithreaded.o
                0x0820a40c                sl_create_generic_rx_packet_from_params
 .text.handle_dhcp_and_rejoin_failure
                0x0820a47c       0xca ./wiseconnect3_sdk_3.1.4/components/device/silabs/si91x/wireless/threading/sli_si91x_multithreaded.o
                0x0820a47c                handle_dhcp_and_rejoin_failure
 *fill*         0x0820a546        0x2 
 .text.si91x_event_handler_thread
                0x0820a548       0xfc ./wiseconnect3_sdk_3.1.4/components/device/silabs/si91x/wireless/threading/sli_si91x_multithreaded.o
                0x0820a548                si91x_event_handler_thread
 .text.si91x_bus_thread
                0x0820a644      0xbd4 ./wiseconnect3_sdk_3.1.4/components/device/silabs/si91x/wireless/threading/sli_si91x_multithreaded.o
                0x0820a644                si91x_bus_thread
 .text.get_configured_join_request
                0x0820b218      0x106 ./wiseconnect3_sdk_3.1.4/components/protocol/wifi/si91x/sl_wifi.o
 .text.sl_wifi_init
                0x0820b31e        0x6 ./wiseconnect3_sdk_3.1.4/components/protocol/wifi/si91x/sl_wifi.o
                0x0820b31e                sl_wifi_init
 .text.sl_wifi_set_mac_address
                0x0820b324       0x34 ./wiseconnect3_sdk_3.1.4/components/protocol/wifi/si91x/sl_wifi.o
                0x0820b324                sl_wifi_set_mac_address
 .text.sl_wifi_start_ap
                0x0820b358      0x1c4 ./wiseconnect3_sdk_3.1.4/components/protocol/wifi/si91x/sl_wifi.o
                0x0820b358                sl_wifi_start_ap
 .text.sl_wifi_set_performance_profile
                0x0820b51c       0x8c ./wiseconnect3_sdk_3.1.4/components/protocol/wifi/si91x/sl_wifi.o
                0x0820b51c                sl_wifi_set_performance_profile
 .text.sl_wifi_is_interface_up
                0x0820b5a8       0x70 ./wiseconnect3_sdk_3.1.4/components/protocol/wifi/si91x/sl_wifi.o
                0x0820b5a8                sl_wifi_is_interface_up
 .text.sl_wifi_connect
                0x0820b618      0x320 ./wiseconnect3_sdk_3.1.4/components/protocol/wifi/si91x/sl_wifi.o
                0x0820b618                sl_wifi_connect
 .text.sl_wifi_get_mac_address
                0x0820b938       0x74 ./wiseconnect3_sdk_3.1.4/components/protocol/wifi/si91x/sl_wifi.o
                0x0820b938                sl_wifi_get_mac_address
 .text.sl_wifi_filter_broadcast
                0x0820b9ac       0x2c ./wiseconnect3_sdk_3.1.4/components/protocol/wifi/si91x/sl_wifi.o
                0x0820b9ac                sl_wifi_filter_broadcast
 .text.sl_wifi_btr_set_channel
                0x0820b9d8       0x80 ./wiseconnect3_sdk_3.1.4/components/protocol/wifi/si91x/sl_wifi.o
                0x0820b9d8                sl_wifi_btr_set_channel
 .text.sl_wifi_btr_config_params
                0x0820ba58       0xdc ./wiseconnect3_sdk_3.1.4/components/protocol/wifi/si91x/sl_wifi.o
                0x0820ba58                sl_wifi_btr_config_params
 .text.sl_wifi_btr_up
                0x0820bb34      0x18c ./wiseconnect3_sdk_3.1.4/components/protocol/wifi/si91x/sl_wifi.o
                0x0820bb34                sl_wifi_btr_up
 .text.get_event_group_from_event
                0x0820bcc0       0xbc ./wiseconnect3_sdk_3.1.4/components/protocol/wifi/src/sl_wifi_callback_framework.o
 .text.sl_wifi_default_event_handler
                0x0820bd7c      0x118 ./wiseconnect3_sdk_3.1.4/components/protocol/wifi/src/sl_wifi_callback_framework.o
                0x0820bd7c                sl_wifi_default_event_handler
 .text.sli_si91x_get_subscription.isra.0
                0x0820be94       0xe0 ./wiseconnect3_sdk_3.1.4/components/service/mqtt/si91x/sl_mqtt_client.o
 .text.sli_si91x_build_mqtt_sdk_context_if_async
                0x0820bf74       0x38 ./wiseconnect3_sdk_3.1.4/components/service/mqtt/si91x/sl_mqtt_client.o
                0x0820bf74                sli_si91x_build_mqtt_sdk_context_if_async
 .text.sli_si91x_get_mqtt_client
                0x0820bfac        0xc ./wiseconnect3_sdk_3.1.4/components/service/mqtt/si91x/sl_mqtt_client.o
                0x0820bfac                sli_si91x_get_mqtt_client
 .text.sl_mqtt_client_init
                0x0820bfb8       0x20 ./wiseconnect3_sdk_3.1.4/components/service/mqtt/si91x/sl_mqtt_client.o
                0x0820bfb8                sl_mqtt_client_init
 .text.sl_mqtt_client_connect
                0x0820bfd8      0x260 ./wiseconnect3_sdk_3.1.4/components/service/mqtt/si91x/sl_mqtt_client.o
                0x0820bfd8                sl_mqtt_client_connect
 .text.sl_mqtt_client_publish
                0x0820c238       0xe8 ./wiseconnect3_sdk_3.1.4/components/service/mqtt/si91x/sl_mqtt_client.o
                0x0820c238                sl_mqtt_client_publish
 .text.sl_mqtt_client_subscribe
                0x0820c320      0x104 ./wiseconnect3_sdk_3.1.4/components/service/mqtt/si91x/sl_mqtt_client.o
                0x0820c320                sl_mqtt_client_subscribe
 .text.sli_si91x_mqtt_event_handler
                0x0820c424      0x118 ./wiseconnect3_sdk_3.1.4/components/service/mqtt/si91x/sl_mqtt_client.o
                0x0820c424                sli_si91x_mqtt_event_handler
 .text.sl_net_wifi_client_init
                0x0820c53c       0x1c ./wiseconnect3_sdk_3.1.4/components/service/network_manager/si91x/sl_net_si91x.o
                0x0820c53c                sl_net_wifi_client_init
 .text.sl_net_wifi_client_up
                0x0820c558       0x36 ./wiseconnect3_sdk_3.1.4/components/service/network_manager/si91x/sl_net_si91x.o
                0x0820c558                sl_net_wifi_client_up
 .text.sl_net_wifi_ap_init
                0x0820c58e        0x4 ./wiseconnect3_sdk_3.1.4/components/service/network_manager/si91x/sl_net_si91x.o
                0x0820c58e                sl_net_wifi_ap_init
 .text.sl_net_wifi_ap_up
                0x0820c592       0x30 ./wiseconnect3_sdk_3.1.4/components/service/network_manager/si91x/sl_net_si91x.o
                0x0820c592                sl_net_wifi_ap_up
 .text.sl_net_wifi_btr_init
                0x0820c5c2        0x4 ./wiseconnect3_sdk_3.1.4/components/service/network_manager/si91x/sl_net_si91x.o
                0x0820c5c2                sl_net_wifi_btr_init
 .text.sl_net_wifi_btr_up
                0x0820c5c6       0x28 ./wiseconnect3_sdk_3.1.4/components/service/network_manager/si91x/sl_net_si91x.o
                0x0820c5c6                sl_net_wifi_btr_up
 *fill*         0x0820c5ee        0x2 
 .text.sl_net_init
                0x0820c5f0      0x174 ./wiseconnect3_sdk_3.1.4/components/service/network_manager/src/sl_net.o
                0x0820c5f0                sl_net_init
 .text.sl_net_up
                0x0820c764       0x20 ./wiseconnect3_sdk_3.1.4/components/service/network_manager/src/sl_net.o
                0x0820c764                sl_net_up
 .text.sl_net_inet_addr
                0x0820c784       0x5e ./wiseconnect3_sdk_3.1.4/components/service/network_manager/src/sl_net.o
                0x0820c784                sl_net_inet_addr
 *fill*         0x0820c7e2        0x2 
 .text.sl_net_set_credential
                0x0820c7e4       0xd8 ./wiseconnect3_sdk_3.1.4/components/service/network_manager/src/sl_net_basic_credentials.o
                0x0820c7e4                sl_net_set_credential
 .text.sl_net_get_credential
                0x0820c8bc       0x74 ./wiseconnect3_sdk_3.1.4/components/service/network_manager/src/sl_net_basic_credentials.o
                0x0820c8bc                sl_net_get_credential
 .text.sl_net_set_profile
                0x0820c930       0x60 ./wiseconnect3_sdk_3.1.4/components/service/network_manager/src/sl_net_basic_profiles.o
                0x0820c930                sl_net_set_profile
 .text.sl_net_get_profile
                0x0820c990       0x68 ./wiseconnect3_sdk_3.1.4/components/service/network_manager/src/sl_net_basic_profiles.o
                0x0820c990                sl_net_get_profile