Archive member included to satisfy reference by file (symbol)

c:/siliconlabs/simplicitystudio/v5/developer/toolchains/gnu_arm/12.2.rel1_2023.7/bin/../lib/gcc/arm-none-eabi/12.2.1/thumb/v7e-m+fp/softfp\libgcc.a(_arm_addsubdf3.o)
                              ./wiseconnect3_sdk_3.1.4/components/device/silabs/si91x/mcu/drivers/peripheral_drivers/src/clock_update.o (__aeabi_dadd)
c:/siliconlabs/simplicitystudio/v5/developer/toolchains/gnu_arm/12.2.rel1_2023.7/bin/../lib/gcc/arm-none-eabi/12.2.1/thumb/v7e-m+fp/softfp\libgcc.a(_arm_muldivdf3.o)
                              ./wiseconnect3_sdk_3.1.4/components/device/silabs/si91x/mcu/drivers/peripheral_drivers/src/clock_update.o (__aeabi_ddiv)
c:/siliconlabs/simplicitystudio/v5/developer/toolchains/gnu_arm/12.2.rel1_2023.7/bin/../lib/gcc/arm-none-eabi/12.2.1/thumb/v7e-m+fp/softfp\libgcc.a(_arm_fixunsdfsi.o)
                              ./wiseconnect3_sdk_3.1.4/components/device/silabs/si91x/mcu/drivers/peripheral_drivers/src/clock_update.o (__aeabi_d2uiz)
c:/siliconlabs/simplicitystudio/v5/developer/toolchains/gnu_arm/12.2.rel1_2023.7/bin/../lib/gcc/arm-none-eabi/12.2.1/thumb/v7e-m+fp/softfp\libc_nano.a(libc_a-calloc.o)
                              ./wiseconnect3_sdk_3.1.4/components/service/mqtt/si91x/sl_mqtt_client.o (calloc)
c:/siliconlabs/simplicitystudio/v5/developer/toolchains/gnu_arm/12.2.rel1_2023.7/bin/../lib/gcc/arm-none-eabi/12.2.1/thumb/v7e-m+fp/softfp\libc_nano.a(libc_a-callocr.o)
                              c:/siliconlabs/simplicitystudio/v5/developer/toolchains/gnu_arm/12.2.rel1_2023.7/bin/../lib/gcc/arm-none-eabi/12.2.1/thumb/v7e-m+fp/softfp\libc_nano.a(libc_a-calloc.o) (_calloc_r)
c:/siliconlabs/simplicitystudio/v5/developer/toolchains/gnu_arm/12.2.rel1_2023.7/bin/../lib/gcc/arm-none-eabi/12.2.1/thumb/v7e-m+fp/softfp\libc_nano.a(libc_a-exit.o)
                              c:/siliconlabs/simplicitystudio/v5/developer/toolchains/gnu_arm/12.2.rel1_2023.7/bin/../lib/gcc/arm-none-eabi/12.2.1/thumb/v7e-m+fp/softfp/crt0.o (exit)
c:/siliconlabs/simplicitystudio/v5/developer/toolchains/gnu_arm/12.2.rel1_2023.7/bin/../lib/gcc/arm-none-eabi/12.2.1/thumb/v7e-m+fp/softfp\libc_nano.a(libc_a-malloc.o)
                              ./app.o (malloc)
c:/siliconlabs/simplicitystudio/v5/developer/toolchains/gnu_arm/12.2.rel1_2023.7/bin/../lib/gcc/arm-none-eabi/12.2.1/thumb/v7e-m+fp/softfp\libc_nano.a(libc_a-mallocr.o)
                              c:/siliconlabs/simplicitystudio/v5/developer/toolchains/gnu_arm/12.2.rel1_2023.7/bin/../lib/gcc/arm-none-eabi/12.2.1/thumb/v7e-m+fp/softfp\libc_nano.a(libc_a-callocr.o) (_malloc_r)
c:/siliconlabs/simplicitystudio/v5/developer/toolchains/gnu_arm/12.2.rel1_2023.7/bin/../lib/gcc/arm-none-eabi/12.2.1/thumb/v7e-m+fp/softfp\libc_nano.a(libc_a-mlock.o)
                              c:/siliconlabs/simplicitystudio/v5/developer/toolchains/gnu_arm/12.2.rel1_2023.7/bin/../lib/gcc/arm-none-eabi/12.2.1/thumb/v7e-m+fp/softfp\libc_nano.a(libc_a-mallocr.o) (__malloc_lock)
c:/siliconlabs/simplicitystudio/v5/developer/toolchains/gnu_arm/12.2.rel1_2023.7/bin/../lib/gcc/arm-none-eabi/12.2.1/thumb/v7e-m+fp/softfp\libc_nano.a(libc_a-strtoul.o)
                              ./wiseconnect3_sdk_3.1.4/components/common/src/sl_utility.o (strtoul)
c:/siliconlabs/simplicitystudio/v5/developer/toolchains/gnu_arm/12.2.rel1_2023.7/bin/../lib/gcc/arm-none-eabi/12.2.1/thumb/v7e-m+fp/softfp\libc_nano.a(libc_a-ctype_.o)
                              ./gecko_sdk_4.4.1/platform/common/src/sl_string.o (_ctype_)
c:/siliconlabs/simplicitystudio/v5/developer/toolchains/gnu_arm/12.2.rel1_2023.7/bin/../lib/gcc/arm-none-eabi/12.2.1/thumb/v7e-m+fp/softfp\libc_nano.a(libc_a-nano-vfprintf_float.o)
                              (_printf_float)
c:/siliconlabs/simplicitystudio/v5/developer/toolchains/gnu_arm/12.2.rel1_2023.7/bin/../lib/gcc/arm-none-eabi/12.2.1/thumb/v7e-m+fp/softfp\libc_nano.a(libc_a-nano-vfprintf_i.o)
                              c:/siliconlabs/simplicitystudio/v5/developer/toolchains/gnu_arm/12.2.rel1_2023.7/bin/../lib/gcc/arm-none-eabi/12.2.1/thumb/v7e-m+fp/softfp\libc_nano.a(libc_a-nano-vfprintf_float.o) (_printf_common)
c:/siliconlabs/simplicitystudio/v5/developer/toolchains/gnu_arm/12.2.rel1_2023.7/bin/../lib/gcc/arm-none-eabi/12.2.1/thumb/v7e-m+fp/softfp\libc_nano.a(libc_a-findfp.o)
                              c:/siliconlabs/simplicitystudio/v5/developer/toolchains/gnu_arm/12.2.rel1_2023.7/bin/../lib/gcc/arm-none-eabi/12.2.1/thumb/v7e-m+fp/softfp\libc_nano.a(libc_a-exit.o) (__stdio_exit_handler)
c:/siliconlabs/simplicitystudio/v5/developer/toolchains/gnu_arm/12.2.rel1_2023.7/bin/../lib/gcc/arm-none-eabi/12.2.1/thumb/v7e-m+fp/softfp\libc_nano.a(libc_a-fwalk.o)
                              c:/siliconlabs/simplicitystudio/v5/developer/toolchains/gnu_arm/12.2.rel1_2023.7/bin/../lib/gcc/arm-none-eabi/12.2.1/thumb/v7e-m+fp/softfp\libc_nano.a(libc_a-findfp.o) (_fwalk_sglue)
[...]
Memory Configuration

Name             Origin             Length             Attributes
rom              0x08202000         0x001fe000         xr
ram              0x0000000c         0x0002fc00         xrw
udma0            0x0002fc00         0x00000400         xrw
udma1            0x24061c00         0x00000400         xrw
*default*        0x00000000         0xffffffff

Linker script and memory map

LOAD c:/siliconlabs/simplicitystudio/v5/developer/toolchains/gnu_arm/12.2.rel1_2023.7/bin/../lib/gcc/arm-none-eabi/12.2.1/thumb/v7e-m+fp/softfp/crti.o
LOAD c:/siliconlabs/simplicitystudio/v5/developer/toolchains/gnu_arm/12.2.rel1_2023.7/bin/../lib/gcc/arm-none-eabi/12.2.1/thumb/v7e-m+fp/softfp/crtbegin.o
LOAD c:/siliconlabs/simplicitystudio/v5/developer/toolchains/gnu_arm/12.2.rel1_2023.7/bin/../lib/gcc/arm-none-eabi/12.2.1/thumb/v7e-m+fp/softfp/crt0.o
START GROUP
LOAD ./ampak_wl72917/os_log_task.o
LOAD ./ampak_wl72917/power_save_manager.o
LOAD ./app.o
LOAD ./main.o
LOAD ./autogen/sl_event_handler.o
LOAD ./gecko_sdk_4.4.1/platform/CMSIS/RTOS2/Source/os_systick.o
LOAD ./gecko_sdk_4.4.1/platform/common/src/sl_assert.o
LOAD ./gecko_sdk_4.4.1/platform/common/src/sl_slist.o
LOAD ./gecko_sdk_4.4.1/platform/common/src/sl_string.o
LOAD ./gecko_sdk_4.4.1/platform/common/src/sli_cmsis_os2_ext_task_register.o
LOAD ./gecko_sdk_4.4.1/platform/emlib/src/em_core.o
LOAD ./gecko_sdk_4.4.1/platform/service/mem_pool/src/sl_mem_pool.o
LOAD ./gecko_sdk_4.4.1/platform/service/system/src/sl_system_init.o
LOAD ./gecko_sdk_4.4.1/platform/service/system/src/sl_system_kernel.o
LOAD ./gecko_sdk_4.4.1/util/third_party/freertos/cmsis/Source/cmsis_os2.o
LOAD ./gecko_sdk_4.4.1/util/third_party/freertos/kernel/croutine.o
LOAD ./gecko_sdk_4.4.1/util/third_party/freertos/kernel/event_groups.o
LOAD ./gecko_sdk_4.4.1/util/third_party/freertos/kernel/list.o
LOAD ./gecko_sdk_4.4.1/util/third_party/freertos/kernel/queue.o
LOAD ./gecko_sdk_4.4.1/util/third_party/freertos/kernel/stream_buffer.o
LOAD ./gecko_sdk_4.4.1/util/third_party/freertos/kernel/tasks.o
LOAD ./gecko_sdk_4.4.1/util/third_party/freertos/kernel/timers.o
LOAD ./gecko_sdk_4.4.1/util/third_party/freertos/kernel/portable/GCC/ARM_CM4F/port.o
LOAD ./gecko_sdk_4.4.1/util/third_party/freertos/kernel/portable/MemMang/heap_4.o
LOAD ./wiseconnect3_sdk_3.1.4/components/board/silabs/src/rsi_board.o
LOAD ./wiseconnect3_sdk_3.1.4/components/common/src/sl_utility.o
LOAD ./wiseconnect3_sdk_3.1.4/components/device/silabs/si91x/mcu/core/chip/src/iPMU_prog/iPMU_dotc/ipmu_apis.o
LOAD ./wiseconnect3_sdk_3.1.4/components/device/silabs/si91x/mcu/core/chip/src/iPMU_prog/iPMU_dotc/rsi_system_config_917.o
LOAD ./wiseconnect3_sdk_3.1.4/components/device/silabs/si91x/mcu/core/chip/src/rsi_deepsleep_soc.o
LOAD ./wiseconnect3_sdk_3.1.4/components/device/silabs/si91x/mcu/core/chip/src/rsi_ps_ram_func.o
LOAD ./wiseconnect3_sdk_3.1.4/components/device/silabs/si91x/mcu/core/chip/src/startup_si91x.o
LOAD ./wiseconnect3_sdk_3.1.4/components/device/silabs/si91x/mcu/core/chip/src/system_si91x.o
LOAD ./wiseconnect3_sdk_3.1.4/components/device/silabs/si91x/mcu/core/common/src/rsi_debug.o
LOAD ./wiseconnect3_sdk_3.1.4/components/device/silabs/si91x/mcu/core/common/src/sl_si91x_stack_object_declare.o
LOAD ./wiseconnect3_sdk_3.1.4/components/device/silabs/si91x/mcu/core/common/src/syscalls.o
LOAD ./wiseconnect3_sdk_3.1.4/components/device/silabs/si91x/mcu/core/config/src/rsi_nvic_priorities_config.o
LOAD ./wiseconnect3_sdk_3.1.4/components/device/silabs/si91x/mcu/drivers/cmsis_driver/UDMA.o
LOAD ./wiseconnect3_sdk_3.1.4/components/device/silabs/si91x/mcu/drivers/cmsis_driver/USART.o
LOAD ./wiseconnect3_sdk_3.1.4/components/device/silabs/si91x/mcu/drivers/peripheral_drivers/src/clock_update.o
LOAD ./wiseconnect3_sdk_3.1.4/components/device/silabs/si91x/mcu/drivers/peripheral_drivers/src/rsi_crc.o
LOAD ./wiseconnect3_sdk_3.1.4/components/device/silabs/si91x/mcu/drivers/peripheral_drivers/src/rsi_egpio.o
LOAD ./wiseconnect3_sdk_3.1.4/components/device/silabs/si91x/mcu/drivers/peripheral_drivers/src/rsi_timers.o
LOAD ./wiseconnect3_sdk_3.1.4/components/device/silabs/si91x/mcu/drivers/peripheral_drivers/src/rsi_udma.o
LOAD ./wiseconnect3_sdk_3.1.4/components/device/silabs/si91x/mcu/drivers/peripheral_drivers/src/rsi_udma_wrapper.o
LOAD ./wiseconnect3_sdk_3.1.4/components/device/silabs/si91x/mcu/drivers/peripheral_drivers/src/rsi_usart.o
LOAD ./wiseconnect3_sdk_3.1.4/components/device/silabs/si91x/mcu/drivers/systemlevel/src/rsi_ipmu.o
LOAD ./wiseconnect3_sdk_3.1.4/components/device/silabs/si91x/mcu/drivers/systemlevel/src/rsi_pll.o
LOAD ./wiseconnect3_sdk_3.1.4/components/device/silabs/si91x/mcu/drivers/systemlevel/src/rsi_power_save.o
LOAD ./wiseconnect3_sdk_3.1.4/components/device/silabs/si91x/mcu/drivers/systemlevel/src/rsi_rtc.o
LOAD ./wiseconnect3_sdk_3.1.4/components/device/silabs/si91x/mcu/drivers/systemlevel/src/rsi_temp_sensor.o
LOAD ./wiseconnect3_sdk_3.1.4/components/device/silabs/si91x/mcu/drivers/systemlevel/src/rsi_time_period.o
LOAD ./wiseconnect3_sdk_3.1.4/components/device/silabs/si91x/mcu/drivers/systemlevel/src/rsi_ulpss_clk.o
LOAD ./wiseconnect3_sdk_3.1.4/components/device/silabs/si91x/mcu/drivers/systemlevel/src/rsi_wwdt.o
LOAD ./wiseconnect3_sdk_3.1.4/components/device/silabs/si91x/wireless/ahb_interface/src/rsi_hal_mcu_m4_ram.o
LOAD ./wiseconnect3_sdk_3.1.4/components/device/silabs/si91x/wireless/ahb_interface/src/rsi_hal_mcu_m4_rom.o
LOAD ./wiseconnect3_sdk_3.1.4/components/device/silabs/si91x/wireless/ahb_interface/src/sl_platform.o
LOAD ./wiseconnect3_sdk_3.1.4/components/device/silabs/si91x/wireless/ahb_interface/src/sl_platform_wireless.o
LOAD ./wiseconnect3_sdk_3.1.4/components/device/silabs/si91x/wireless/ahb_interface/src/sl_si91x_bus.o
LOAD ./wiseconnect3_sdk_3.1.4/components/device/silabs/si91x/wireless/ahb_interface/src/sl_si91x_timer.o
LOAD ./wiseconnect3_sdk_3.1.4/components/device/silabs/si91x/wireless/ahb_interface/src/sli_siwx917_soc.o
LOAD ./wiseconnect3_sdk_3.1.4/components/device/silabs/si91x/wireless/errno/src/sl_si91x_errno.o
LOAD ./wiseconnect3_sdk_3.1.4/components/device/silabs/si91x/wireless/firmware_upgrade/firmware_upgradation.o
LOAD ./wiseconnect3_sdk_3.1.4/components/device/silabs/si91x/wireless/host_mcu/si91x/siwx917_soc_ncp_host.o
LOAD ./wiseconnect3_sdk_3.1.4/components/device/silabs/si91x/wireless/icmp/sl_net_ping.o
LOAD ./wiseconnect3_sdk_3.1.4/components/device/silabs/si91x/wireless/memory/mem_pool_buffers.o
LOAD ./wiseconnect3_sdk_3.1.4/components/device/silabs/si91x/wireless/sl_net/src/sl_net_rsi_utility.o
LOAD ./wiseconnect3_sdk_3.1.4/components/device/silabs/si91x/wireless/sl_net/src/sl_net_si91x_integration_handler.o
LOAD ./wiseconnect3_sdk_3.1.4/components/device/silabs/si91x/wireless/sl_net/src/sl_si91x_net_credentials.o
LOAD ./wiseconnect3_sdk_3.1.4/components/device/silabs/si91x/wireless/sl_net/src/sl_si91x_net_internal_stack.o
LOAD ./wiseconnect3_sdk_3.1.4/components/device/silabs/si91x/wireless/src/sl_rsi_utility.o
LOAD ./wiseconnect3_sdk_3.1.4/components/device/silabs/si91x/wireless/src/sl_si91x_callback_framework.o
LOAD ./wiseconnect3_sdk_3.1.4/components/device/silabs/si91x/wireless/src/sl_si91x_driver.o
LOAD ./wiseconnect3_sdk_3.1.4/components/device/silabs/si91x/wireless/threading/sli_si91x_multithreaded.o
LOAD ./wiseconnect3_sdk_3.1.4/components/protocol/wifi/si91x/sl_wifi.o
LOAD ./wiseconnect3_sdk_3.1.4/components/protocol/wifi/src/sl_wifi_callback_framework.o
LOAD ./wiseconnect3_sdk_3.1.4/components/service/mqtt/si91x/sl_mqtt_client.o
LOAD ./wiseconnect3_sdk_3.1.4/components/service/network_manager/si91x/sl_net_si91x.o
LOAD ./wiseconnect3_sdk_3.1.4/components/service/network_manager/src/sl_net.o
LOAD ./wiseconnect3_sdk_3.1.4/components/service/network_manager/src/sl_net_basic_certificate_store.o
LOAD ./wiseconnect3_sdk_3.1.4/components/service/network_manager/src/sl_net_basic_credentials.o
LOAD ./wiseconnect3_sdk_3.1.4/components/service/network_manager/src/sl_net_basic_profiles.o
LOAD c:/siliconlabs/simplicitystudio/v5/developer/toolchains/gnu_arm/12.2.rel1_2023.7/bin/../lib/gcc/arm-none-eabi/12.2.1/thumb/v7e-m+fp/softfp\libgcc.a
LOAD c:/siliconlabs/simplicitystudio/v5/developer/toolchains/gnu_arm/12.2.rel1_2023.7/bin/../lib/gcc/arm-none-eabi/12.2.1/thumb/v7e-m+fp/softfp\libnosys.a
LOAD c:/siliconlabs/simplicitystudio/v5/developer/toolchains/gnu_arm/12.2.rel1_2023.7/bin/../lib/gcc/arm-none-eabi/12.2.1/thumb/v7e-m+fp/softfp\libc_nano.a
LOAD c:/siliconlabs/simplicitystudio/v5/developer/toolchains/gnu_arm/12.2.rel1_2023.7/bin/../lib/gcc/arm-none-eabi/12.2.1/thumb/v7e-m+fp/softfp\libm.a
END GROUP
START GROUP
LOAD c:/siliconlabs/simplicitystudio/v5/developer/toolchains/gnu_arm/12.2.rel1_2023.7/bin/../lib/gcc/arm-none-eabi/12.2.1/thumb/v7e-m+fp/softfp\libgcc.a
LOAD c:/siliconlabs/simplicitystudio/v5/developer/toolchains/gnu_arm/12.2.rel1_2023.7/bin/../lib/gcc/arm-none-eabi/12.2.1/thumb/v7e-m+fp/softfp\libc_nano.a
LOAD c:/siliconlabs/simplicitystudio/v5/developer/toolchains/gnu_arm/12.2.rel1_2023.7/bin/../lib/gcc/arm-none-eabi/12.2.1/thumb/v7e-m+fp/softfp\libnosys.a
END GROUP
START GROUP
LOAD c:/siliconlabs/simplicitystudio/v5/developer/toolchains/gnu_arm/12.2.rel1_2023.7/bin/../lib/gcc/arm-none-eabi/12.2.1/thumb/v7e-m+fp/softfp\libgcc.a
LOAD c:/siliconlabs/simplicitystudio/v5/developer/toolchains/gnu_arm/12.2.rel1_2023.7/bin/../lib/gcc/arm-none-eabi/12.2.1/thumb/v7e-m+fp/softfp\libg_nano.a
LOAD c:/siliconlabs/simplicitystudio/v5/developer/toolchains/gnu_arm/12.2.rel1_2023.7/bin/../lib/gcc/arm-none-eabi/12.2.1/thumb/v7e-m+fp/softfp\libc_nano.a
END GROUP
START GROUP
LOAD c:/siliconlabs/simplicitystudio/v5/developer/toolchains/gnu_arm/12.2.rel1_2023.7/bin/../lib/gcc/arm-none-eabi/12.2.1/thumb/v7e-m+fp/softfp\libgcc.a
LOAD c:/siliconlabs/simplicitystudio/v5/developer/toolchains/gnu_arm/12.2.rel1_2023.7/bin/../lib/gcc/arm-none-eabi/12.2.1/thumb/v7e-m+fp/softfp\libc_nano.a
END GROUP
LOAD c:/siliconlabs/simplicitystudio/v5/developer/toolchains/gnu_arm/12.2.rel1_2023.7/bin/../lib/gcc/arm-none-eabi/12.2.1/thumb/v7e-m+fp/softfp/crtend.o
LOAD c:/siliconlabs/simplicitystudio/v5/developer/toolchains/gnu_arm/12.2.rel1_2023.7/bin/../lib/gcc/arm-none-eabi/12.2.1/thumb/v7e-m+fp/softfp/crtn.o

.text           0x08202000     0xfba5
 *(.isr_vector)
 .isr_vector    0x08202000      0x16c ./wiseconnect3_sdk_3.1.4/components/device/silabs/si91x/mcu/core/chip/src/startup_si91x.o
                0x08202000                __Vectors
 *(.text*)
 .text.deregister_tm_clones
                0x0820216c       0x1c c:/siliconlabs/simplicitystudio/v5/developer/toolchains/gnu_arm/12.2.rel1_2023.7/bin/../lib/gcc/arm-none-eabi/12.2.1/thumb/v7e-m+fp/softfp/crtbegin.o
 .text.register_tm_clones
                0x08202188       0x24 c:/siliconlabs/simplicitystudio/v5/developer/toolchains/gnu_arm/12.2.rel1_2023.7/bin/../lib/gcc/arm-none-eabi/12.2.1/thumb/v7e-m+fp/softfp/crtbegin.o
 .text.__do_global_dtors_aux
                0x082021ac       0x28 c:/siliconlabs/simplicitystudio/v5/developer/toolchains/gnu_arm/12.2.rel1_2023.7/bin/../lib/gcc/arm-none-eabi/12.2.1/thumb/v7e-m+fp/softfp/crtbegin.o
 .text.frame_dummy
                0x082021d4       0x24 c:/siliconlabs/simplicitystudio/v5/developer/toolchains/gnu_arm/12.2.rel1_2023.7/bin/../lib/gcc/arm-none-eabi/12.2.1/thumb/v7e-m+fp/softfp/crtbegin.o
 .text.mqtt_publish_message_api
                0x082021f8       0x74 ./app.o
                0x082021f8                mqtt_publish_message_api
 .text.mqtt_net_up
                0x0820226c       0x58 ./app.o
                0x0820226c                mqtt_net_up
 .text.mqtt_net_up2
                0x082022c4       0x58 ./app.o
                0x082022c4                mqtt_net_up2
 .text.mqtt_init
                0x0820231c       0x38 ./app.o
                0x0820231c                mqtt_init
 .text.mqtt_client_cleanup
                0x08202354       0x2c ./app.o
                0x08202354                mqtt_client_cleanup
 .text.print_char_buffer
                0x08202380       0x16 ./app.o
                0x08202380                print_char_buffer
 *fill*         0x08202396        0x2 
 .text.mqtt_client_message_handler
                0x08202398       0xc0 ./app.o
                0x08202398                mqtt_client_message_handler
 .text.mqtt_client_error_event_handler
                0x08202458       0x18 ./app.o
                0x08202458                mqtt_client_error_event_handler
 .text.mqtt_client_event_handler
                0x08202470       0xe0 ./app.o
                0x08202470                mqtt_client_event_handler
 .text.mqtt_client_setup
                0x08202550      0x1f8 ./app.o
                0x08202550                mqtt_client_setup
 .text.ampak_switch_device_profile_startover
                0x08202748       0x70 ./app.o
                0x08202748                ampak_switch_device_profile_startover
 .text.mqtt_task
                0x082027b8       0x18 ./app.o
                0x082027b8                mqtt_task
 .text.startup.main
                0x082027d0       0x12 ./main.o
                0x082027d0                main
 .text.sl_platform_init
                0x082027e2       0x1e ./autogen/sl_event_handler.o
                0x082027e2                sl_platform_init
 .text.sl_kernel_start
                0x08202800        0x4 ./autogen/sl_event_handler.o
                0x08202800                sl_kernel_start
 .text.sl_driver_init
                0x08202804        0x2 ./autogen/sl_event_handler.o
                0x08202804                sl_driver_init
 .text.sl_service_init
                0x08202806        0x2 ./autogen/sl_event_handler.o
                0x08202806                sl_service_init
 .text.sl_stack_init
                0x08202808        0x2 ./autogen/sl_event_handler.o
                0x08202808                sl_stack_init
 .text.sl_internal_app_init
                0x0820280a        0x2 ./autogen/sl_event_handler.o
                0x0820280a                sl_internal_app_init
 .text.sl_slist_init
                0x0820280c        0x6 ./gecko_sdk_4.4.1/platform/common/src/sl_slist.o
                0x0820280c                sl_slist_init
 .text.sl_slist_push
                0x08202812        0x8 ./gecko_sdk_4.4.1/platform/common/src/sl_slist.o
                0x08202812                sl_slist_push
 .text.sl_slist_pop
                0x0820281a       0x10 ./gecko_sdk_4.4.1/platform/common/src/sl_slist.o
                0x0820281a                sl_slist_pop
 .text.sl_slist_remove
                0x0820282a       0x14 ./gecko_sdk_4.4.1/platform/common/src/sl_slist.o
                0x0820282a                sl_slist_remove
 .text.sli_osTaskRegisterSetValue
                0x0820283e        0xa ./gecko_sdk_4.4.1/platform/common/src/sli_cmsis_os2_ext_task_register.o
                0x0820283e                sli_osTaskRegisterSetValue
 .text.CORE_ExitCritical
                0x08202848        0x6 ./gecko_sdk_4.4.1/platform/emlib/src/em_core.o
                0x08202848                CORE_ExitCritical
 .text.CORE_EnterAtomic
                0x0820284e        0x8 ./gecko_sdk_4.4.1/platform/emlib/src/em_core.o
                0x0820284e                CORE_EnterAtomic
 .text.CORE_ExitAtomic
                0x08202856        0x4 ./gecko_sdk_4.4.1/platform/emlib/src/em_core.o
                0x08202856                CORE_ExitAtomic
 .text.sli_mem_pool_create
                0x0820285a       0x3c ./gecko_sdk_4.4.1/platform/service/mem_pool/src/sl_mem_pool.o
                0x0820285a                sli_mem_pool_create
 .text.sli_mem_pool_alloc
                0x08202896       0x24 ./gecko_sdk_4.4.1/platform/service/mem_pool/src/sl_mem_pool.o
                0x08202896                sli_mem_pool_alloc
 .text.sli_mem_pool_free
                0x082028ba       0x18 ./gecko_sdk_4.4.1/platform/service/mem_pool/src/sl_mem_pool.o
                0x082028ba                sli_mem_pool_free
 .text.sl_system_init
                0x082028d2       0x1a ./gecko_sdk_4.4.1/platform/service/system/src/sl_system_init.o
                0x082028d2                sl_system_init
 .text.sl_system_kernel_start
                0x082028ec        0x4 ./gecko_sdk_4.4.1/platform/service/system/src/sl_system_kernel.o
                0x082028ec                sl_system_kernel_start
 .text.SysTick_Handler
                0x082028f0       0x1a ./gecko_sdk_4.4.1/util/third_party/freertos/cmsis/Source/cmsis_os2.o
                0x082028f0                SysTick_Handler
 *fill*         0x0820290a        0x2 
 .text.osKernelInitialize
                0x0820290c       0x34 ./gecko_sdk_4.4.1/util/third_party/freertos/cmsis/Source/cmsis_os2.o
                0x0820290c                osKernelInitialize
 .text.osKernelStart
                0x08202940       0x48 ./gecko_sdk_4.4.1/util/third_party/freertos/cmsis/Source/cmsis_os2.o
                0x08202940                osKernelStart
 .text.osKernelGetTickCount
                0x08202988       0x28 ./gecko_sdk_4.4.1/util/third_party/freertos/cmsis/Source/cmsis_os2.o
                0x08202988                osKernelGetTickCount
 .text.osThreadNew
                0x082029b0       0xa8 ./gecko_sdk_4.4.1/util/third_party/freertos/cmsis/Source/cmsis_os2.o
                0x082029b0                osThreadNew
 .text.osThreadYield
                0x08202a58       0x3c ./gecko_sdk_4.4.1/util/third_party/freertos/cmsis/Source/cmsis_os2.o
                0x08202a58                osThreadYield
 .text.osThreadTerminate
                0x08202a94       0x4c ./gecko_sdk_4.4.1/util/third_party/freertos/cmsis/Source/cmsis_os2.o
                0x08202a94                osThreadTerminate
 .text.osDelay  0x08202ae0       0x30 ./gecko_sdk_4.4.1/util/third_party/freertos/cmsis/Source/cmsis_os2.o
                0x08202ae0                osDelay
 .text.osEventFlagsNew
                0x08202b10       0x3c ./gecko_sdk_4.4.1/util/third_party/freertos/cmsis/Source/cmsis_os2.o
                0x08202b10                osEventFlagsNew
 .text.osEventFlagsSet
                0x08202b4c       0x70 ./gecko_sdk_4.4.1/util/third_party/freertos/cmsis/Source/cmsis_os2.o
                0x08202b4c                osEventFlagsSet
 .text.osEventFlagsClear
                0x08202bbc       0x5c ./gecko_sdk_4.4.1/util/third_party/freertos/cmsis/Source/cmsis_os2.o
                0x08202bbc                osEventFlagsClear
 .text.osEventFlagsWait
                0x08202c18       0x70 ./gecko_sdk_4.4.1/util/third_party/freertos/cmsis/Source/cmsis_os2.o
                0x08202c18                osEventFlagsWait
 .text.osEventFlagsDelete
                0x08202c88       0x38 ./gecko_sdk_4.4.1/util/third_party/freertos/cmsis/Source/cmsis_os2.o
                0x08202c88                osEventFlagsDelete
 .text.osMutexNew
                0x08202cc0       0x94 ./gecko_sdk_4.4.1/util/third_party/freertos/cmsis/Source/cmsis_os2.o
                0x08202cc0                osMutexNew
 .text.osMutexAcquire
                0x08202d54       0x60 ./gecko_sdk_4.4.1/util/third_party/freertos/cmsis/Source/cmsis_os2.o
                0x08202d54                osMutexAcquire
 .text.osMutexRelease
                0x08202db4       0x58 ./gecko_sdk_4.4.1/util/third_party/freertos/cmsis/Source/cmsis_os2.o
                0x08202db4                osMutexRelease
 .text.osMutexDelete
                0x08202e0c       0x48 ./gecko_sdk_4.4.1/util/third_party/freertos/cmsis/Source/cmsis_os2.o
                0x08202e0c                osMutexDelete
 .text.osSemaphoreNew
                0x08202e54       0xb0 ./gecko_sdk_4.4.1/util/third_party/freertos/cmsis/Source/cmsis_os2.o
                0x08202e54                osSemaphoreNew
 .text.vApplicationGetIdleTaskMemory
                0x08202f04       0x18 ./gecko_sdk_4.4.1/util/third_party/freertos/cmsis/Source/cmsis_os2.o
                0x08202f04                vApplicationGetIdleTaskMemory
 .text.vApplicationGetTimerTaskMemory
                0x08202f1c       0x18 ./gecko_sdk_4.4.1/util/third_party/freertos/cmsis/Source/cmsis_os2.o
                0x08202f1c                vApplicationGetTimerTaskMemory
 .text.xEventGroupCreateStatic
                0x08202f34       0x48 ./gecko_sdk_4.4.1/util/third_party/freertos/kernel/event_groups.o
                0x08202f34                xEventGroupCreateStatic
 .text.xEventGroupCreate
                0x08202f7c       0x1c ./gecko_sdk_4.4.1/util/third_party/freertos/kernel/event_groups.o
                0x08202f7c                xEventGroupCreate
 .text.xEventGroupWaitBits
                0x08202f98      0x130 ./gecko_sdk_4.4.1/util/third_party/freertos/kernel/event_groups.o
                0x08202f98                xEventGroupWaitBits
 .text.xEventGroupClearBits
                0x082030c8       0x46 ./gecko_sdk_4.4.1/util/third_party/freertos/kernel/event_groups.o
                0x082030c8                xEventGroupClearBits
 .text.vEventGroupClearBitsCallback
                0x0820310e        0x4 ./gecko_sdk_4.4.1/util/third_party/freertos/kernel/event_groups.o
                0x0820310e                vEventGroupClearBitsCallback
 *fill*         0x08203112        0x2 
 .text.xEventGroupClearBitsFromISR
                0x08203114       0x10 ./gecko_sdk_4.4.1/util/third_party/freertos/kernel/event_groups.o
                0x08203114                xEventGroupClearBitsFromISR
 .text.xEventGroupGetBitsFromISR
                0x08203124       0x1c ./gecko_sdk_4.4.1/util/third_party/freertos/kernel/event_groups.o
                0x08203124                xEventGroupGetBitsFromISR
 .text.xEventGroupSetBits
                0x08203140       0x88 ./gecko_sdk_4.4.1/util/third_party/freertos/kernel/event_groups.o
                0x08203140                xEventGroupSetBits
 .text.vEventGroupSetBitsCallback
                0x082031c8        0x4 ./gecko_sdk_4.4.1/util/third_party/freertos/kernel/event_groups.o
                0x082031c8                vEventGroupSetBitsCallback
 .text.vEventGroupDelete
                0x082031cc       0x44 ./gecko_sdk_4.4.1/util/third_party/freertos/kernel/event_groups.o
                0x082031cc                vEventGroupDelete
 .text.xEventGroupSetBitsFromISR
                0x08203210       0x10 ./gecko_sdk_4.4.1/util/third_party/freertos/kernel/event_groups.o
                0x08203210                xEventGroupSetBitsFromISR
 .text.vListInitialise
                0x08203220       0x16 ./gecko_sdk_4.4.1/util/third_party/freertos/kernel/list.o
                0x08203220                vListInitialise
 .text.vListInitialiseItem
                0x08203236        0x6 ./gecko_sdk_4.4.1/util/third_party/freertos/kernel/list.o
                0x08203236                vListInitialiseItem
 .text.vListInsertEnd
                0x0820323c       0x16 ./gecko_sdk_4.4.1/util/third_party/freertos/kernel/list.o
                0x0820323c                vListInsertEnd
 .text.vListInsert
                0x08203252       0x2e ./gecko_sdk_4.4.1/util/third_party/freertos/kernel/list.o
                0x08203252                vListInsert
 .text.uxListRemove
                0x08203280       0x20 ./gecko_sdk_4.4.1/util/third_party/freertos/kernel/list.o
                0x08203280                uxListRemove
 .text.prvIsQueueEmpty
                0x082032a0       0x16 ./gecko_sdk_4.4.1/util/third_party/freertos/kernel/queue.o
 .text.prvCopyDataToQueue
                0x082032b6       0x66 ./gecko_sdk_4.4.1/util/third_party/freertos/kernel/queue.o
 .text.prvCopyDataFromQueue
                0x0820331c       0x2c ./gecko_sdk_4.4.1/util/third_party/freertos/kernel/queue.o
 .text.prvUnlockQueue
                0x08203348       0x70 ./gecko_sdk_4.4.1/util/third_party/freertos/kernel/queue.o
 .text.xQueueGenericReset
                0x082033b8       0x7e ./gecko_sdk_4.4.1/util/third_party/freertos/kernel/queue.o
                0x082033b8                xQueueGenericReset
 .text.xQueueGenericCreate.part.0
                0x08203436       0x7a ./gecko_sdk_4.4.1/util/third_party/freertos/kernel/queue.o
 .text.xQueueGenericCreateStatic
                0x082034b0       0xa6 ./gecko_sdk_4.4.1/util/third_party/freertos/kernel/queue.o
                0x082034b0                xQueueGenericCreateStatic
 .text.xQueueGenericCreate
                0x08203556       0x18 ./gecko_sdk_4.4.1/util/third_party/freertos/kernel/queue.o
                0x08203556                xQueueGenericCreate
 .text.xQueueCreateCountingSemaphoreStatic
                0x0820356e       0x44 ./gecko_sdk_4.4.1/util/third_party/freertos/kernel/queue.o
                0x0820356e                xQueueCreateCountingSemaphoreStatic
 .text.xQueueCreateCountingSemaphore
                0x082035b2       0x3c ./gecko_sdk_4.4.1/util/third_party/freertos/kernel/queue.o
                0x082035b2                xQueueCreateCountingSemaphore
 .text.xQueueGenericSend
                0x082035ee      0x178 ./gecko_sdk_4.4.1/util/third_party/freertos/kernel/queue.o
                0x082035ee                xQueueGenericSend
 .text.xQueueCreateMutexStatic
                0x08203766       0x2a ./gecko_sdk_4.4.1/util/third_party/freertos/kernel/queue.o
                0x08203766                xQueueCreateMutexStatic
 .text.xQueueGiveMutexRecursive
                0x08203790       0x3e ./gecko_sdk_4.4.1/util/third_party/freertos/kernel/queue.o
                0x08203790                xQueueGiveMutexRecursive
 .text.xQueueCreateMutex
                0x082037ce       0x24 ./gecko_sdk_4.4.1/util/third_party/freertos/kernel/queue.o
                0x082037ce                xQueueCreateMutex
 .text.xQueueGenericSendFromISR
                0x082037f2       0xd0 ./gecko_sdk_4.4.1/util/third_party/freertos/kernel/queue.o
                0x082037f2                xQueueGenericSendFromISR
 .text.xQueueReceive
                0x082038c2      0x13e ./gecko_sdk_4.4.1/util/third_party/freertos/kernel/queue.o
                0x082038c2                xQueueReceive
 .text.xQueueSemaphoreTake
                0x08203a00      0x17a ./gecko_sdk_4.4.1/util/third_party/freertos/kernel/queue.o
                0x08203a00                xQueueSemaphoreTake
 .text.xQueueTakeMutexRecursive
                0x08203b7a       0x42 ./gecko_sdk_4.4.1/util/third_party/freertos/kernel/queue.o
                0x08203b7a                xQueueTakeMutexRecursive
 .text.vQueueAddToRegistry
                0x08203bbc       0x24 ./gecko_sdk_4.4.1/util/third_party/freertos/kernel/queue.o
                0x08203bbc                vQueueAddToRegistry
 .text.vQueueUnregisterQueue
                0x08203be0       0x30 ./gecko_sdk_4.4.1/util/third_party/freertos/kernel/queue.o
                0x08203be0                vQueueUnregisterQueue
 .text.vQueueDelete
                0x08203c10       0x2a ./gecko_sdk_4.4.1/util/third_party/freertos/kernel/queue.o
                0x08203c10                vQueueDelete
 .text.vQueueWaitForMessageRestricted
                0x08203c3a       0x46 ./gecko_sdk_4.4.1/util/third_party/freertos/kernel/queue.o
                0x08203c3a                vQueueWaitForMessageRestricted
 .text.prvAddNewTaskToReadyList
                0x08203c80      0x100 ./gecko_sdk_4.4.1/util/third_party/freertos/kernel/tasks.o
 .text.prvAddCurrentTaskToDelayedList
                0x08203d80       0x78 ./gecko_sdk_4.4.1/util/third_party/freertos/kernel/tasks.o
 .text.prvResetNextTaskUnblockTime
                0x08203df8       0x24 ./gecko_sdk_4.4.1/util/third_party/freertos/kernel/tasks.o
 .text.prvDeleteTCB
                0x08203e1c       0x36 ./gecko_sdk_4.4.1/util/third_party/freertos/kernel/tasks.o
 *fill*         0x08203e52        0x2 
 .text.prvIdleTask
                0x08203e54       0x60 ./gecko_sdk_4.4.1/util/third_party/freertos/kernel/tasks.o
 .text.prvInitialiseNewTask.constprop.0
                0x08203eb4       0xb0 ./gecko_sdk_4.4.1/util/third_party/freertos/kernel/tasks.o
 .text.xTaskCreateStatic
                0x08203f64       0x70 ./gecko_sdk_4.4.1/util/third_party/freertos/kernel/tasks.o
                0x08203f64                xTaskCreateStatic
 .text.xTaskCreate
                0x08203fd4       0x5c ./gecko_sdk_4.4.1/util/third_party/freertos/kernel/tasks.o
                0x08203fd4                xTaskCreate
 .text.vTaskDelete
                0x08204030       0xb0 ./gecko_sdk_4.4.1/util/third_party/freertos/kernel/tasks.o
                0x08204030                vTaskDelete
 .text.eTaskGetState
                0x082040e0       0x84 ./gecko_sdk_4.4.1/util/third_party/freertos/kernel/tasks.o
                0x082040e0                eTaskGetState
 .text.vTaskStartScheduler
                0x08204164       0x90 ./gecko_sdk_4.4.1/util/third_party/freertos/kernel/tasks.o
                0x08204164                vTaskStartScheduler
 .text.vTaskSuspendAll
                0x082041f4       0x10 ./gecko_sdk_4.4.1/util/third_party/freertos/kernel/tasks.o
                0x082041f4                vTaskSuspendAll
 .text.xTaskGetTickCount
                0x08204204        0xc ./gecko_sdk_4.4.1/util/third_party/freertos/kernel/tasks.o
                0x08204204                xTaskGetTickCount
 .text.xTaskGetTickCountFromISR
                0x08204210       0x10 ./gecko_sdk_4.4.1/util/third_party/freertos/kernel/tasks.o
                0x08204210                xTaskGetTickCountFromISR
 .text.xTaskIncrementTick
                0x08204220      0x12c ./gecko_sdk_4.4.1/util/third_party/freertos/kernel/tasks.o
                0x08204220                xTaskIncrementTick
 .text.xTaskResumeAll
                0x0820434c       0xe8 ./gecko_sdk_4.4.1/util/third_party/freertos/kernel/tasks.o
                0x0820434c                xTaskResumeAll
 .text.vTaskDelay
                0x08204434       0x48 ./gecko_sdk_4.4.1/util/third_party/freertos/kernel/tasks.o
                0x08204434                vTaskDelay
 .text.vTaskSwitchContext
                0x0820447c       0x88 ./gecko_sdk_4.4.1/util/third_party/freertos/kernel/tasks.o
                0x0820447c                vTaskSwitchContext
 .text.vTaskPlaceOnEventList
                0x08204504       0x34 ./gecko_sdk_4.4.1/util/third_party/freertos/kernel/tasks.o
                0x08204504                vTaskPlaceOnEventList
 .text.vTaskPlaceOnUnorderedEventList
                0x08204538       0x58 ./gecko_sdk_4.4.1/util/third_party/freertos/kernel/tasks.o
                0x08204538                vTaskPlaceOnUnorderedEventList
 .text.vTaskPlaceOnEventListRestricted
                0x08204590       0x3c ./gecko_sdk_4.4.1/util/third_party/freertos/kernel/tasks.o
                0x08204590                vTaskPlaceOnEventListRestricted
 .text.xTaskRemoveFromEventList
                0x082045cc       0x80 ./gecko_sdk_4.4.1/util/third_party/freertos/kernel/tasks.o
                0x082045cc                xTaskRemoveFromEventList
 .text.vTaskRemoveFromUnorderedEventList
                0x0820464c       0x84 ./gecko_sdk_4.4.1/util/third_party/freertos/kernel/tasks.o
                0x0820464c                vTaskRemoveFromUnorderedEventList
 .text.vTaskInternalSetTimeOutState
                0x082046d0       0x18 ./gecko_sdk_4.4.1/util/third_party/freertos/kernel/tasks.o
                0x082046d0                vTaskInternalSetTimeOutState
 .text.xTaskCheckForTimeOut
                0x082046e8       0x90 ./gecko_sdk_4.4.1/util/third_party/freertos/kernel/tasks.o
                0x082046e8                xTaskCheckForTimeOut
 .text.vTaskMissedYield
                0x08204778        0xc ./gecko_sdk_4.4.1/util/third_party/freertos/kernel/tasks.o
                0x08204778                vTaskMissedYield
 .text.vTaskSetThreadLocalStoragePointer
                0x08204784       0x2c ./gecko_sdk_4.4.1/util/third_party/freertos/kernel/tasks.o
                0x08204784                vTaskSetThreadLocalStoragePointer
 .text.xTaskGetCurrentTaskHandle
                0x082047b0        0xc ./gecko_sdk_4.4.1/util/third_party/freertos/kernel/tasks.o
                0x082047b0                xTaskGetCurrentTaskHandle
 .text.xTaskGetSchedulerState
                0x082047bc       0x20 ./gecko_sdk_4.4.1/util/third_party/freertos/kernel/tasks.o
                0x082047bc                xTaskGetSchedulerState
 .text.xTaskPriorityInherit
                0x082047dc       0x7c ./gecko_sdk_4.4.1/util/third_party/freertos/kernel/tasks.o
                0x082047dc                xTaskPriorityInherit
 .text.xTaskPriorityDisinherit
                0x08204858       0x84 ./gecko_sdk_4.4.1/util/third_party/freertos/kernel/tasks.o
                0x08204858                xTaskPriorityDisinherit
 .text.vTaskPriorityDisinheritAfterTimeout
                0x082048dc       0x9c ./gecko_sdk_4.4.1/util/third_party/freertos/kernel/tasks.o
                0x082048dc                vTaskPriorityDisinheritAfterTimeout
 .text.uxTaskResetEventItemValue
                0x08204978       0x18 ./gecko_sdk_4.4.1/util/third_party/freertos/kernel/tasks.o
                0x08204978                uxTaskResetEventItemValue
 .text.pvTaskIncrementMutexHeldCount
                0x08204990       0x18 ./gecko_sdk_4.4.1/util/third_party/freertos/kernel/tasks.o
                0x08204990                pvTaskIncrementMutexHeldCount
 .text.prvInsertTimerInActiveList
                0x082049a8       0x3c ./gecko_sdk_4.4.1/util/third_party/freertos/kernel/timers.o
 .text.prvCheckForValidListAndQueue
                0x082049e4       0x68 ./gecko_sdk_4.4.1/util/third_party/freertos/kernel/timers.o
 .text.xTimerCreateTimerTask
                0x08204a4c       0x64 ./gecko_sdk_4.4.1/util/third_party/freertos/kernel/timers.o
                0x08204a4c                xTimerCreateTimerTask
 .text.xTimerGenericCommand
                0x08204ab0       0x58 ./gecko_sdk_4.4.1/util/third_party/freertos/kernel/timers.o
                0x08204ab0                xTimerGenericCommand
 .text.prvSampleTimeNow
                0x08204b08       0xa4 ./gecko_sdk_4.4.1/util/third_party/freertos/kernel/timers.o
 .text.prvTimerTask
                0x08204bac      0x1cc ./gecko_sdk_4.4.1/util/third_party/freertos/kernel/timers.o
 .text.xTimerPendFunctionCallFromISR
                0x08204d78       0x28 ./gecko_sdk_4.4.1/util/third_party/freertos/kernel/timers.o
                0x08204d78                xTimerPendFunctionCallFromISR
 .text.prvPortStartFirstTask
                0x08204da0       0x28 ./gecko_sdk_4.4.1/util/third_party/freertos/kernel/portable/GCC/ARM_CM4F/port.o
 .text.vPortEnableVFP
                0x08204dc8       0x14 ./gecko_sdk_4.4.1/util/third_party/freertos/kernel/portable/GCC/ARM_CM4F/port.o
 .text.prvTaskExitError
                0x08204ddc       0x40 ./gecko_sdk_4.4.1/util/third_party/freertos/kernel/portable/GCC/ARM_CM4F/port.o
 .text.pxPortInitialiseStack
                0x08204e1c       0x2c ./gecko_sdk_4.4.1/util/third_party/freertos/kernel/portable/GCC/ARM_CM4F/port.o
                0x08204e1c                pxPortInitialiseStack
 *fill*         0x08204e48        0x8 
 .text.SVC_Handler
                0x08204e50       0x24 ./gecko_sdk_4.4.1/util/third_party/freertos/kernel/portable/GCC/ARM_CM4F/port.o
                0x08204e50                SVC_Handler
 .text.vPortEnterCritical
                0x08204e74       0x40 ./gecko_sdk_4.4.1/util/third_party/freertos/kernel/portable/GCC/ARM_CM4F/port.o
                0x08204e74                vPortEnterCritical
 .text.vPortExitCritical
                0x08204eb4       0x28 ./gecko_sdk_4.4.1/util/third_party/freertos/kernel/portable/GCC/ARM_CM4F/port.o
                0x08204eb4                vPortExitCritical
 *fill*         0x08204edc        0x4 
 .text.PendSV_Handler
                0x08204ee0       0x64 ./gecko_sdk_4.4.1/util/third_party/freertos/kernel/portable/GCC/ARM_CM4F/port.o
                0x08204ee0                PendSV_Handler
 .text.xPortSysTickHandler
                0x08204f44       0x2c ./gecko_sdk_4.4.1/util/third_party/freertos/kernel/portable/GCC/ARM_CM4F/port.o
                0x08204f44                xPortSysTickHandler
 .text.vPortSetupTimerInterrupt
                0x08204f70       0x24 ./gecko_sdk_4.4.1/util/third_party/freertos/kernel/portable/GCC/ARM_CM4F/port.o
                0x08204f70                vPortSetupTimerInterrupt
 .text.xPortStartScheduler
                0x08204f94      0x10c ./gecko_sdk_4.4.1/util/third_party/freertos/kernel/portable/GCC/ARM_CM4F/port.o
                0x08204f94                xPortStartScheduler
 .text.vPortValidateInterruptPriority
                0x082050a0       0x5c ./gecko_sdk_4.4.1/util/third_party/freertos/kernel/portable/GCC/ARM_CM4F/port.o
                0x082050a0                vPortValidateInterruptPriority
 .text.prvInsertBlockIntoFreeList
                0x082050fc       0x50 ./gecko_sdk_4.4.1/util/third_party/freertos/kernel/portable/MemMang/heap_4.o
 .text.pvPortMalloc
                0x0820514c      0x134 ./gecko_sdk_4.4.1/util/third_party/freertos/kernel/portable/MemMang/heap_4.o
                0x0820514c                pvPortMalloc
 .text.vPortFree
                0x08205280       0x7c ./gecko_sdk_4.4.1/util/third_party/freertos/kernel/portable/MemMang/heap_4.o
                0x08205280                vPortFree
 .text.RSI_Board_Init
                0x082052fc       0x5c ./wiseconnect3_sdk_3.1.4/components/board/silabs/src/rsi_board.o
                0x082052fc                RSI_Board_Init
 .text.sl_debug_log
                0x08205358        0x6 ./wiseconnect3_sdk_3.1.4/components/common/src/sl_utility.o
                0x08205358                sl_debug_log
 *fill*         0x0820535e        0x2 
 .text.init_ipmu_calib_data
                0x08205360       0x54 ./wiseconnect3_sdk_3.1.4/components/device/silabs/si91x/mcu/core/chip/src/iPMU_prog/iPMU_dotc/ipmu_apis.o
                0x08205360                init_ipmu_calib_data
 .text.program_ipmu_data
                0x082053b4       0x54 ./wiseconnect3_sdk_3.1.4/components/device/silabs/si91x/mcu/core/chip/src/iPMU_prog/iPMU_dotc/ipmu_apis.o
                0x082053b4                program_ipmu_data
 .text.ipmu_init_mcu
                0x08205408       0x94 ./wiseconnect3_sdk_3.1.4/components/device/silabs/si91x/mcu/core/chip/src/iPMU_prog/iPMU_dotc/ipmu_apis.o
                0x08205408                ipmu_init_mcu
 .text.ipmu_init
                0x0820549c       0xa8 ./wiseconnect3_sdk_3.1.4/components/device/silabs/si91x/mcu/core/chip/src/iPMU_prog/iPMU_dotc/ipmu_apis.o
                0x0820549c                ipmu_init
 .text.configure_ipmu_mode
                0x08205544       0x38 ./wiseconnect3_sdk_3.1.4/components/device/silabs/si91x/mcu/core/chip/src/iPMU_prog/iPMU_dotc/ipmu_apis.o
                0x08205544                configure_ipmu_mode
 .text.RSI_PS_RestoreCpuContext
                0x0820557c       0x34 ./wiseconnect3_sdk_3.1.4/components/device/silabs/si91x/mcu/core/chip/src/rsi_deepsleep_soc.o
                0x0820557c                RSI_PS_RestoreCpuContext
 .text.RSI_Set_Cntrls_To_M4
                0x082055b0       0x50 ./wiseconnect3_sdk_3.1.4/components/device/silabs/si91x/mcu/core/chip/src/rsi_deepsleep_soc.o
                0x082055b0                RSI_Set_Cntrls_To_M4
 .text.Default_Handler
                0x08205600        0x2 ./wiseconnect3_sdk_3.1.4/components/device/silabs/si91x/mcu/core/chip/src/startup_si91x.o
                0x08205600                DebugMon_Handler
                0x08205600                IRQ031_Handler
                0x08205600                HardFault_Handler
                0x08205600                IRQ058_Handler
                0x08205600                IRQ095_Handler
                0x08205600                IRQ065_Handler
                0x08205600                IRQ019_Handler
                0x08205600                IRQ056_Handler
                0x08205600                IRQ093_Handler
                0x08205600                NMI_Handler
                0x08205600                IRQ011_Handler
                0x08205600                IRQ014_Handler
                0x08205600                IRQ051_Handler
                0x08205600                IRQ027_Handler
                0x08205600                IRQ062_Handler
                0x08205600                IRQ097_Handler
                0x08205600                IRQ088_Handler
                0x08205600                IRQ034_Handler
                0x08205600                IRQ071_Handler
                0x08205600                IRQ067_Handler
                0x08205600                IRQ070_Handler
                0x08205600                IRQ077_Handler
                0x08205600                IRQ028_Handler
                0x08205600                IRQ063_Handler
                0x08205600                IRQ076_Handler
                0x08205600                UsageFault_Handler
                0x08205600                IRQ023_Handler
                0x08205600                IRQ009_Handler
                0x08205600                IRQ048_Handler
                0x08205600                IRQ083_Handler
                0x08205600                IRQ089_Handler
                0x08205600                HIF1_IRQHandler
                0x08205600                IRQ037_Handler
                0x08205600                IRQ072_Handler
                0x08205600                IRQ021_Handler
                0x08205600                IRQ008_Handler
                0x08205600                IRQ047_Handler
                0x08205600                IRQ082_Handler
                0x08205600                IRQ022_Handler
                0x08205600                IRQ007_Handler
                0x08205600                IRQ046_Handler
                0x08205600                IRQ081_Handler
                0x08205600                IRQ004_Handler
                0x08205600                IRQ043_Handler
                0x08205600                IRQ002_Handler
                0x08205600                IRQ041_Handler
                0x08205600                IRQ098_Handler
                0x08205600                IRQ000_Handler
                0x08205600                IRQ005_Handler
                0x08205600                IRQ044_Handler
                0x08205600                IRQ049_Handler
                0x08205600                IRQ084_Handler
                0x08205600                IRQ006_Handler
                0x08205600                IRQ045_Handler
                0x08205600                IRQ080_Handler
                0x08205600                IRQ015_Handler
                0x08205600                IRQ052_Handler
                0x08205600                MemManage_Handler
                0x08205600                HIF2_IRQHandler
                0x08205600                IRQ001_Handler
                0x08205600                IRQ040_Handler
                0x08205600                IRQ068_Handler
                0x08205600                IRQ059_Handler
                0x08205600                IRQ096_Handler
                0x08205600                IRQ003_Handler
                0x08205600                IRQ042_Handler
                0x08205600                IRQ024_Handler
                0x08205600                IRQ016_Handler
                0x08205600                IRQ053_Handler
                0x08205600                IRQ090_Handler
                0x08205600                IRQ078_Handler
                0x08205600                IRQ032_Handler
                0x08205600                IRQ020_Handler
                0x08205600                IRQ073_Handler
                0x08205600                IRQ018_Handler
                0x08205600                IRQ055_Handler
                0x08205600                IRQ092_Handler
                0x08205600                IRQ087_Handler
                0x08205600                IRQ026_Handler
                0x08205600                IRQ061_Handler
                0x08205600                IRQ025_Handler
                0x08205600                IRQ060_Handler
                0x08205600                IRQ085_Handler
                0x08205600                IRQ013_Handler
                0x08205600                IRQ050_Handler
                0x08205600                IRQ030_Handler
                0x08205600                IRQ029_Handler
                0x08205600                IRQ064_Handler
                0x08205600                IRQ066_Handler
                0x08205600                IRQ017_Handler
                0x08205600                IRQ054_Handler
                0x08205600                IRQ091_Handler
                0x08205600                BusFault_Handler
                0x08205600                IRQ069_Handler
                0x08205600                IRQ075_Handler
                0x08205600                IRQ086_Handler
                0x08205600                IRQ057_Handler
                0x08205600                IRQ094_Handler
                0x08205600                IRQ079_Handler
 .text.Default_Reset_Handler
                0x08205602        0x2 ./wiseconnect3_sdk_3.1.4/components/device/silabs/si91x/mcu/core/chip/src/startup_si91x.o
                0x08205602                Default_Reset_Handler
                0x08205602                Reset_Handler
 .text.Copy_Table
                0x08205604       0x24 ./wiseconnect3_sdk_3.1.4/components/device/silabs/si91x/mcu/core/chip/src/startup_si91x.o
                0x08205604                Copy_Table
 .text.Zero_Table
                0x08205628       0x24 ./wiseconnect3_sdk_3.1.4/components/device/silabs/si91x/mcu/core/chip/src/startup_si91x.o
                0x08205628                Zero_Table
 .text.RSI_Default_Reset_Handler
                0x0820564c       0x16 ./wiseconnect3_sdk_3.1.4/components/device/silabs/si91x/mcu/core/chip/src/startup_si91x.o
                0x0820564c                RSI_Default_Reset_Handler
 *fill*         0x08205662        0x2 
 .text.SystemCoreClockUpdate
                0x08205664      0x104 ./wiseconnect3_sdk_3.1.4/components/device/silabs/si91x/mcu/core/chip/src/system_si91x.o
                0x08205664                SystemCoreClockUpdate
 .text.fpuInit  0x08205768       0x44 ./wiseconnect3_sdk_3.1.4/components/device/silabs/si91x/mcu/core/chip/src/system_si91x.o
                0x08205768                fpuInit
 .text.SystemInit
                0x082057ac       0xe4 ./wiseconnect3_sdk_3.1.4/components/device/silabs/si91x/mcu/core/chip/src/system_si91x.o
                0x082057ac                SystemInit
 .text.ARM_UART_SignalEvent
                0x08205890       0x24 ./wiseconnect3_sdk_3.1.4/components/device/silabs/si91x/mcu/core/common/src/rsi_debug.o
                0x08205890                ARM_UART_SignalEvent
 .text.Board_Debug_Init
                0x082058b4       0x4c ./wiseconnect3_sdk_3.1.4/components/device/silabs/si91x/mcu/core/common/src/rsi_debug.o
                0x082058b4                Board_Debug_Init
 .text.Board_UARTGetChar
                0x08205900       0x30 ./wiseconnect3_sdk_3.1.4/components/device/silabs/si91x/mcu/core/common/src/rsi_debug.o
                0x08205900                Board_UARTGetChar
 .text.Board_UARTPutChar
                0x08205930       0x30 ./wiseconnect3_sdk_3.1.4/components/device/silabs/si91x/mcu/core/common/src/rsi_debug.o
                0x08205930                Board_UARTPutChar
 .text.read_exclude_space
                0x08205960       0x20 ./wiseconnect3_sdk_3.1.4/components/device/silabs/si91x/mcu/core/common/src/syscalls.o
 .text._getpid  0x08205980        0x4 ./wiseconnect3_sdk_3.1.4/components/device/silabs/si91x/mcu/core/common/src/syscalls.o
                0x08205980                _getpid
 .text._kill    0x08205984       0x10 ./wiseconnect3_sdk_3.1.4/components/device/silabs/si91x/mcu/core/common/src/syscalls.o
                0x08205984                _kill
 .text._exit    0x08205994        0xc ./wiseconnect3_sdk_3.1.4/components/device/silabs/si91x/mcu/core/common/src/syscalls.o
                0x08205994                _exit
 .text._write   0x082059a0       0x1c ./wiseconnect3_sdk_3.1.4/components/device/silabs/si91x/mcu/core/common/src/syscalls.o
                0x082059a0                _write
 .text._close   0x082059bc        0x6 ./wiseconnect3_sdk_3.1.4/components/device/silabs/si91x/mcu/core/common/src/syscalls.o
                0x082059bc                _close
 .text._fstat   0x082059c2        0xa ./wiseconnect3_sdk_3.1.4/components/device/silabs/si91x/mcu/core/common/src/syscalls.o
                0x082059c2                _fstat
 .text._isatty  0x082059cc        0x4 ./wiseconnect3_sdk_3.1.4/components/device/silabs/si91x/mcu/core/common/src/syscalls.o
                0x082059cc                _isatty
 .text._lseek   0x082059d0        0x4 ./wiseconnect3_sdk_3.1.4/components/device/silabs/si91x/mcu/core/common/src/syscalls.o
                0x082059d0                _lseek
 .text._read    0x082059d4      0x30c ./wiseconnect3_sdk_3.1.4/components/device/silabs/si91x/mcu/core/common/src/syscalls.o
                0x082059d4                _read
 .text.sl_si91x_device_init_nvic
                0x08205ce0       0x18 ./wiseconnect3_sdk_3.1.4/components/device/silabs/si91x/mcu/core/config/src/rsi_nvic_priorities_config.o
                0x08205ce0                sl_si91x_device_init_nvic
 .text.IRQ033_Handler
                0x08205cf8       0x20 ./wiseconnect3_sdk_3.1.4/components/device/silabs/si91x/mcu/drivers/cmsis_driver/UDMA.o
                0x08205cf8                IRQ033_Handler
 .text.IRQ010_Handler
                0x08205d18       0x20 ./wiseconnect3_sdk_3.1.4/components/device/silabs/si91x/mcu/drivers/cmsis_driver/UDMA.o
                0x08205d18                IRQ010_Handler
 .text.ARM_USARTx_GetVersion
                0x08205d38       0x20 ./wiseconnect3_sdk_3.1.4/components/device/silabs/si91x/mcu/drivers/cmsis_driver/USART.o
                0x08205d38                ARM_USARTx_GetVersion
 .text.ARM_ULP_UART_GetCapabilities
                0x08205d58        0xc ./wiseconnect3_sdk_3.1.4/components/device/silabs/si91x/mcu/drivers/cmsis_driver/USART.o
 .text.ARM_ULP_UART_GetModemStatus
                0x08205d64        0xc ./wiseconnect3_sdk_3.1.4/components/device/silabs/si91x/mcu/drivers/cmsis_driver/USART.o
 .text.ARM_ULP_UART_SetModemControl
                0x08205d70        0xc ./wiseconnect3_sdk_3.1.4/components/device/silabs/si91x/mcu/drivers/cmsis_driver/USART.o
 .text.ARM_ULP_UART_GetStatus
                0x08205d7c        0xc ./wiseconnect3_sdk_3.1.4/components/device/silabs/si91x/mcu/drivers/cmsis_driver/USART.o
 .text.ARM_ULP_UART_Control
                0x08205d88       0x34 ./wiseconnect3_sdk_3.1.4/components/device/silabs/si91x/mcu/drivers/cmsis_driver/USART.o
 .text.ARM_ULP_UART_GetRxCount
                0x08205dbc        0xc ./wiseconnect3_sdk_3.1.4/components/device/silabs/si91x/mcu/drivers/cmsis_driver/USART.o
 .text.ARM_ULP_UART_GetTxCount
                0x08205dc8        0xc ./wiseconnect3_sdk_3.1.4/components/device/silabs/si91x/mcu/drivers/cmsis_driver/USART.o
 .text.ARM_ULP_UART_Transfer
                0x08205dd4       0x54 ./wiseconnect3_sdk_3.1.4/components/device/silabs/si91x/mcu/drivers/cmsis_driver/USART.o
 .text.ARM_ULP_UART_Receive
                0x08205e28       0x48 ./wiseconnect3_sdk_3.1.4/components/device/silabs/si91x/mcu/drivers/cmsis_driver/USART.o
 .text.ARM_ULP_UART_Send
                0x08205e70       0x48 ./wiseconnect3_sdk_3.1.4/components/device/silabs/si91x/mcu/drivers/cmsis_driver/USART.o
 .text.ARM_ULP_UART_PowerControl
                0x08205eb8       0x18 ./wiseconnect3_sdk_3.1.4/components/device/silabs/si91x/mcu/drivers/cmsis_driver/USART.o
 .text.ARM_ULP_UART_Uninitialize
                0x08205ed0       0x1c ./wiseconnect3_sdk_3.1.4/components/device/silabs/si91x/mcu/drivers/cmsis_driver/USART.o
 .text.ARM_ULP_UART_Initialize
                0x08205eec       0x30 ./wiseconnect3_sdk_3.1.4/components/device/silabs/si91x/mcu/drivers/cmsis_driver/USART.o
 .text.IRQ038_Handler
                0x08205f1c        0xc ./wiseconnect3_sdk_3.1.4/components/device/silabs/si91x/mcu/drivers/cmsis_driver/USART.o
                0x08205f1c                IRQ038_Handler
 .text.IRQ039_Handler
                0x08205f28        0xc ./wiseconnect3_sdk_3.1.4/components/device/silabs/si91x/mcu/drivers/cmsis_driver/USART.o
                0x08205f28                IRQ039_Handler
 .text.IRQ012_Handler
                0x08205f34        0xc ./wiseconnect3_sdk_3.1.4/components/device/silabs/si91x/mcu/drivers/cmsis_driver/USART.o
                0x08205f34                IRQ012_Handler
 .text.RSI_ULPUartHandler
                0x08205f40        0x4 ./wiseconnect3_sdk_3.1.4/components/device/silabs/si91x/mcu/drivers/cmsis_driver/USART.o
                0x08205f40                RSI_ULPUartHandler
 .text.RSI_CLK_GetBaseClock
                0x08205f44      0x50c ./wiseconnect3_sdk_3.1.4/components/device/silabs/si91x/mcu/drivers/peripheral_drivers/src/clock_update.o
                0x08205f44                RSI_CLK_GetBaseClock
 .text.RSI_EGPIO_SetPinMux
                0x08206450       0x14 ./wiseconnect3_sdk_3.1.4/components/device/silabs/si91x/mcu/drivers/peripheral_drivers/src/rsi_usart.o
 .text.RSI_EGPIO_HostPadsGpioModeEnable
                0x08206464       0x10 ./wiseconnect3_sdk_3.1.4/components/device/silabs/si91x/mcu/drivers/peripheral_drivers/src/rsi_usart.o
 .text.RSI_EGPIO_PadSelectionEnable
                0x08206474       0x10 ./wiseconnect3_sdk_3.1.4/components/device/silabs/si91x/mcu/drivers/peripheral_drivers/src/rsi_usart.o
 .text.RSI_EGPIO_PadReceiverEnable
                0x08206484       0x10 ./wiseconnect3_sdk_3.1.4/components/device/silabs/si91x/mcu/drivers/peripheral_drivers/src/rsi_usart.o
 .text.RSI_EGPIO_UlpPadReceiverEnable
                0x08206494       0x10 ./wiseconnect3_sdk_3.1.4/components/device/silabs/si91x/mcu/drivers/peripheral_drivers/src/rsi_usart.o
 .text.UDMAx_ChannelDisable.isra.0
                0x082064a4        0xc ./wiseconnect3_sdk_3.1.4/components/device/silabs/si91x/mcu/drivers/peripheral_drivers/src/rsi_usart.o
 .text.UartIrqHandler
                0x082064b0      0x1f0 ./wiseconnect3_sdk_3.1.4/components/device/silabs/si91x/mcu/drivers/peripheral_drivers/src/rsi_usart.o
                0x082064b0                UartIrqHandler
 .text.USART_SetBaudrate
                0x082066a0       0x50 ./wiseconnect3_sdk_3.1.4/components/device/silabs/si91x/mcu/drivers/peripheral_drivers/src/rsi_usart.o
                0x082066a0                USART_SetBaudrate
 .text.USART_Initialize
                0x082066f0      0x120 ./wiseconnect3_sdk_3.1.4/components/device/silabs/si91x/mcu/drivers/peripheral_drivers/src/rsi_usart.o
                0x082066f0                USART_Initialize
 .text.USART_Uninitialize
                0x08206810       0xa0 ./wiseconnect3_sdk_3.1.4/components/device/silabs/si91x/mcu/drivers/peripheral_drivers/src/rsi_usart.o
                0x08206810                USART_Uninitialize
 .text.USART_PowerControl
                0x082068b0      0x150 ./wiseconnect3_sdk_3.1.4/components/device/silabs/si91x/mcu/drivers/peripheral_drivers/src/rsi_usart.o
                0x082068b0                USART_PowerControl
 .text.USART_Send_Data
                0x08206a00      0x15c ./wiseconnect3_sdk_3.1.4/components/device/silabs/si91x/mcu/drivers/peripheral_drivers/src/rsi_usart.o
                0x08206a00                USART_Send_Data
 .text.USART_Receive_Data
                0x08206b5c      0x13c ./wiseconnect3_sdk_3.1.4/components/device/silabs/si91x/mcu/drivers/peripheral_drivers/src/rsi_usart.o
                0x08206b5c                USART_Receive_Data
 .text.USART_Transfer
                0x08206c98       0x72 ./wiseconnect3_sdk_3.1.4/components/device/silabs/si91x/mcu/drivers/peripheral_drivers/src/rsi_usart.o
                0x08206c98                USART_Transfer
 .text.USART_GetTxCount
                0x08206d0a        0x6 ./wiseconnect3_sdk_3.1.4/components/device/silabs/si91x/mcu/drivers/peripheral_drivers/src/rsi_usart.o
                0x08206d0a                USART_GetTxCount
 .text.USART_GetRxCount
                0x08206d10        0x6 ./wiseconnect3_sdk_3.1.4/components/device/silabs/si91x/mcu/drivers/peripheral_drivers/src/rsi_usart.o
                0x08206d10                USART_GetRxCount
 *fill*         0x08206d16        0x2 
 .text.USART_Control
                0x08206d18      0x8e8 ./wiseconnect3_sdk_3.1.4/components/device/silabs/si91x/mcu/drivers/peripheral_drivers/src/rsi_usart.o
                0x08206d18                USART_Control
 .text.USART_GetStatus
                0x08207600       0x42 ./wiseconnect3_sdk_3.1.4/components/device/silabs/si91x/mcu/drivers/peripheral_drivers/src/rsi_usart.o
                0x08207600                USART_GetStatus
 *fill*         0x08207642        0x2 
 .text.USART_SetModemControl
                0x08207644       0x84 ./wiseconnect3_sdk_3.1.4/components/device/silabs/si91x/mcu/drivers/peripheral_drivers/src/rsi_usart.o
                0x08207644                USART_SetModemControl
 .text.USART_GetModemStatus
                0x082076c8       0x5c ./wiseconnect3_sdk_3.1.4/components/device/silabs/si91x/mcu/drivers/peripheral_drivers/src/rsi_usart.o
                0x082076c8                USART_GetModemStatus
 .text.RSI_IPMU_UpdateIpmuCalibData_efuse
                0x08207724      0x2ec ./wiseconnect3_sdk_3.1.4/components/device/silabs/si91x/mcu/drivers/systemlevel/src/rsi_ipmu.o
                0x08207724                RSI_IPMU_UpdateIpmuCalibData_efuse
 .text.RSI_Ipmu_Init
                0x08207a10        0x4 ./wiseconnect3_sdk_3.1.4/components/device/silabs/si91x/mcu/drivers/systemlevel/src/rsi_ipmu.o
                0x08207a10                RSI_Ipmu_Init
 .text.RSI_Configure_Ipmu_Mode
                0x08207a14        0x6 ./wiseconnect3_sdk_3.1.4/components/device/silabs/si91x/mcu/drivers/systemlevel/src/rsi_ipmu.o
                0x08207a14                RSI_Configure_Ipmu_Mode
 *fill*         0x08207a1a        0x2 
 .text.RSI_IPMU_ClockMuxSel
                0x08207a1c       0x40 ./wiseconnect3_sdk_3.1.4/components/device/silabs/si91x/mcu/drivers/systemlevel/src/rsi_ipmu.o
                0x08207a1c                RSI_IPMU_ClockMuxSel
 .text.RSI_IPMU_ProgramConfigData
                0x08207a5c       0xea ./wiseconnect3_sdk_3.1.4/components/device/silabs/si91x/mcu/drivers/systemlevel/src/rsi_ipmu.o
                0x08207a5c                RSI_IPMU_ProgramConfigData
 *fill*         0x08207b46        0x2 
 .text.RSI_IPMU_M32rc_OscTrimEfuse
                0x08207b48       0x28 ./wiseconnect3_sdk_3.1.4/components/device/silabs/si91x/mcu/drivers/systemlevel/src/rsi_ipmu.o
                0x08207b48                RSI_IPMU_M32rc_OscTrimEfuse
 .text.RSI_IPMU_DBLR32M_TrimEfuse
                0x08207b70       0x18 ./wiseconnect3_sdk_3.1.4/components/device/silabs/si91x/mcu/drivers/systemlevel/src/rsi_ipmu.o
                0x08207b70                RSI_IPMU_DBLR32M_TrimEfuse
 .text.RSI_IPMU_M20roOsc_TrimEfuse
                0x08207b88       0x28 ./wiseconnect3_sdk_3.1.4/components/device/silabs/si91x/mcu/drivers/systemlevel/src/rsi_ipmu.o
                0x08207b88                RSI_IPMU_M20roOsc_TrimEfuse
 .text.RSI_IPMU_RO32khz_TrimEfuse
                0x08207bb0       0x18 ./wiseconnect3_sdk_3.1.4/components/device/silabs/si91x/mcu/drivers/systemlevel/src/rsi_ipmu.o
                0x08207bb0                RSI_IPMU_RO32khz_TrimEfuse
 .text.RSI_IPMU_RC32khz_TrimEfuse
                0x08207bc8       0x18 ./wiseconnect3_sdk_3.1.4/components/device/silabs/si91x/mcu/drivers/systemlevel/src/rsi_ipmu.o
                0x08207bc8                RSI_IPMU_RC32khz_TrimEfuse
 .text._usdelay
                0x08207be0        0x6 ./wiseconnect3_sdk_3.1.4/components/device/silabs/si91x/mcu/drivers/systemlevel/src/rsi_pll.o
 *fill*         0x08207be6        0x2 
 .text.ulpss_enable_ref_clks
                0x08207be8       0xf8 ./wiseconnect3_sdk_3.1.4/components/device/silabs/si91x/mcu/drivers/systemlevel/src/rsi_pll.o
                0x08207be8                ulpss_enable_ref_clks
 .text.clk_m4ss_ref_clk_config
                0x08207ce0       0xcc ./wiseconnect3_sdk_3.1.4/components/device/silabs/si91x/mcu/drivers/systemlevel/src/rsi_pll.o
                0x08207ce0                clk_m4ss_ref_clk_config
 .text.ulpss_ref_clk_config
                0x08207dac       0xbc ./wiseconnect3_sdk_3.1.4/components/device/silabs/si91x/mcu/drivers/systemlevel/src/rsi_ulpss_clk.o
                0x08207dac                ulpss_ref_clk_config
 .text.sl_mv_m4_app_from_flash_to_ram
                0x08207e68       0x50 ./wiseconnect3_sdk_3.1.4/components/device/silabs/si91x/wireless/ahb_interface/src/rsi_hal_mcu_m4_ram.o
                0x08207e68                sl_mv_m4_app_from_flash_to_ram
 .text.sli_si91x_raise_pkt_pending_interrupt_to_ta
                0x08207eb8       0x20 ./wiseconnect3_sdk_3.1.4/components/device/silabs/si91x/wireless/ahb_interface/src/rsi_hal_mcu_m4_rom.o
                0x08207eb8                sli_si91x_raise_pkt_pending_interrupt_to_ta
 .text.raise_m4_to_ta_interrupt
                0x08207ed8        0xc ./wiseconnect3_sdk_3.1.4/components/device/silabs/si91x/wireless/ahb_interface/src/rsi_hal_mcu_m4_rom.o
                0x08207ed8                raise_m4_to_ta_interrupt
 .text.mask_ta_interrupt
                0x08207ee4        0xc ./wiseconnect3_sdk_3.1.4/components/device/silabs/si91x/wireless/ahb_interface/src/rsi_hal_mcu_m4_rom.o
                0x08207ee4                mask_ta_interrupt
 .text.sli_receive_from_ta_done_isr
                0x08207ef0       0x48 ./wiseconnect3_sdk_3.1.4/components/device/silabs/si91x/wireless/ahb_interface/src/rsi_hal_mcu_m4_rom.o
                0x08207ef0                sli_receive_from_ta_done_isr
 .text.sli_m4_interrupt_isr
                0x08207f38       0xb8 ./wiseconnect3_sdk_3.1.4/components/device/silabs/si91x/wireless/ahb_interface/src/rsi_hal_mcu_m4_rom.o
                0x08207f38                sli_m4_interrupt_isr
 .text.sl_si91x_bus_read_interrupt_status
                0x08207ff0       0x10 ./wiseconnect3_sdk_3.1.4/components/device/silabs/si91x/wireless/ahb_interface/src/rsi_hal_mcu_m4_rom.o
                0x08207ff0                sl_si91x_bus_read_interrupt_status
 .text.si91x_req_wakeup
                0x08208000       0x20 ./wiseconnect3_sdk_3.1.4/components/device/silabs/si91x/wireless/ahb_interface/src/rsi_hal_mcu_m4_rom.o
                0x08208000                si91x_req_wakeup
 .text.sl_si91x_host_clear_sleep_indicator
                0x08208020       0x14 ./wiseconnect3_sdk_3.1.4/components/device/silabs/si91x/wireless/ahb_interface/src/rsi_hal_mcu_m4_rom.o
                0x08208020                sl_si91x_host_clear_sleep_indicator
 .text.IRQ074_Handler
                0x08208034        0x4 ./wiseconnect3_sdk_3.1.4/components/device/silabs/si91x/wireless/ahb_interface/src/rsi_hal_mcu_m4_rom.o
                0x08208034                IRQ074_Handler
 .text.sl_si91x_ta_events_init
                0x08208038       0x14 ./wiseconnect3_sdk_3.1.4/components/device/silabs/si91x/wireless/ahb_interface/src/rsi_hal_mcu_m4_rom.o
                0x08208038                sl_si91x_ta_events_init
 .text.sli_si91x_platform_init
                0x0820804c       0x5c ./wiseconnect3_sdk_3.1.4/components/device/silabs/si91x/wireless/ahb_interface/src/sl_platform.o
                0x0820804c                sli_si91x_platform_init
 .text.si91x_bootup_firmware
                0x082080a8       0xb4 ./wiseconnect3_sdk_3.1.4/components/device/silabs/si91x/wireless/ahb_interface/src/sl_platform.o
                0x082080a8                si91x_bootup_firmware
 .text.sli_si91x_configure_wireless_frontend_controls
                0x0820815c       0x44 ./wiseconnect3_sdk_3.1.4/components/device/silabs/si91x/wireless/ahb_interface/src/sl_platform_wireless.o
                0x0820815c                sli_si91x_configure_wireless_frontend_controls
 .text.sli_si91x_submit_rx_pkt
                0x082081a0       0x84 ./wiseconnect3_sdk_3.1.4/components/device/silabs/si91x/wireless/ahb_interface/src/sl_si91x_bus.o
                0x082081a0                sli_si91x_submit_rx_pkt
 .text.sl_si91x_bus_read_frame
                0x08208224       0x30 ./wiseconnect3_sdk_3.1.4/components/device/silabs/si91x/wireless/ahb_interface/src/sl_si91x_bus.o
                0x08208224                sl_si91x_bus_read_frame
 .text.sl_si91x_bus_write_frame
                0x08208254       0x24 ./wiseconnect3_sdk_3.1.4/components/device/silabs/si91x/wireless/ahb_interface/src/sl_si91x_bus.o
                0x08208254                sl_si91x_bus_write_frame
 .text.sli_submit_rx_buffer
                0x08208278       0x16 ./wiseconnect3_sdk_3.1.4/components/device/silabs/si91x/wireless/ahb_interface/src/sl_si91x_bus.o
                0x08208278                sli_submit_rx_buffer
 *fill*         0x0820828e        0x2 
 .text.rsi_update_tx_dma_desc
                0x08208290       0x28 ./wiseconnect3_sdk_3.1.4/components/device/silabs/si91x/wireless/ahb_interface/src/sl_si91x_bus.o
                0x08208290                rsi_update_tx_dma_desc
 .text.rsi_update_rx_dma_desc
                0x082082b8       0x10 ./wiseconnect3_sdk_3.1.4/components/device/silabs/si91x/wireless/ahb_interface/src/sl_si91x_bus.o
                0x082082b8                rsi_update_rx_dma_desc
 .text.sli_si91x_config_m4_dma_desc_on_reset
                0x082082c8       0x48 ./wiseconnect3_sdk_3.1.4/components/device/silabs/si91x/wireless/ahb_interface/src/sl_si91x_bus.o
                0x082082c8                sli_si91x_config_m4_dma_desc_on_reset
 .text.rsi_waitfor_boardready
                0x08208310       0x44 ./wiseconnect3_sdk_3.1.4/components/device/silabs/si91x/wireless/ahb_interface/src/sli_siwx917_soc.o
                0x08208310                rsi_waitfor_boardready
 .text.rsi_select_option
                0x08208354       0x80 ./wiseconnect3_sdk_3.1.4/components/device/silabs/si91x/wireless/ahb_interface/src/sli_siwx917_soc.o
                0x08208354                rsi_select_option
 .text.unmask_ta_interrupt
                0x082083d4        0xc ./wiseconnect3_sdk_3.1.4/components/device/silabs/si91x/wireless/ahb_interface/src/sli_siwx917_soc.o
                0x082083d4                unmask_ta_interrupt
 .text.sli_m4_ta_interrupt_init
                0x082083e0       0x2c ./wiseconnect3_sdk_3.1.4/components/device/silabs/si91x/wireless/ahb_interface/src/sli_siwx917_soc.o
                0x082083e0                sli_m4_ta_interrupt_init
 .text.sl_si91x_errno
                0x0820840c       0x1c ./wiseconnect3_sdk_3.1.4/components/device/silabs/si91x/wireless/errno/src/sl_si91x_errno.o
                0x0820840c                sl_si91x_errno
 .text.sl_si91x_bus_rx_irq_handler
                0x08208428        0x4 ./wiseconnect3_sdk_3.1.4/components/device/silabs/si91x/wireless/host_mcu/si91x/siwx917_soc_ncp_host.o
                0x08208428                sl_si91x_bus_rx_irq_handler
 .text.sl_si91x_bus_rx_done_handler
                0x0820842c        0x2 ./wiseconnect3_sdk_3.1.4/components/device/silabs/si91x/wireless/host_mcu/si91x/siwx917_soc_ncp_host.o
                0x0820842c                sl_si91x_bus_rx_done_handler
 .text.sl_si91x_bus_init
                0x0820842e        0x4 ./wiseconnect3_sdk_3.1.4/components/device/silabs/si91x/wireless/host_mcu/si91x/siwx917_soc_ncp_host.o
                0x0820842e                sl_si91x_bus_init
 .text.sl_si91x_host_init
                0x08208432        0xa ./wiseconnect3_sdk_3.1.4/components/device/silabs/si91x/wireless/host_mcu/si91x/siwx917_soc_ncp_host.o
                0x08208432                sl_si91x_host_init
 .text.sl_si91x_host_deinit
                0x0820843c        0x4 ./wiseconnect3_sdk_3.1.4/components/device/silabs/si91x/wireless/host_mcu/si91x/siwx917_soc_ncp_host.o
                0x0820843c                sl_si91x_host_deinit
 .text.sl_si91x_host_hold_in_reset
                0x08208440        0x2 ./wiseconnect3_sdk_3.1.4/components/device/silabs/si91x/wireless/host_mcu/si91x/siwx917_soc_ncp_host.o
                0x08208440                sl_si91x_host_hold_in_reset
 .text.sl_si91x_host_release_from_reset
                0x08208442        0x2 ./wiseconnect3_sdk_3.1.4/components/device/silabs/si91x/wireless/host_mcu/si91x/siwx917_soc_ncp_host.o
                0x08208442                sl_si91x_host_release_from_reset
 .text.sl_si91x_host_enable_bus_interrupt
                0x08208444        0x2 ./wiseconnect3_sdk_3.1.4/components/device/silabs/si91x/wireless/host_mcu/si91x/siwx917_soc_ncp_host.o
                0x08208444                sl_si91x_host_enable_bus_interrupt
 .text.sl_si91x_host_disable_bus_interrupt
                0x08208446        0x2 ./wiseconnect3_sdk_3.1.4/components/device/silabs/si91x/wireless/host_mcu/si91x/siwx917_soc_ncp_host.o
                0x08208446                sl_si91x_host_disable_bus_interrupt
 .text.sl_si91x_host_is_in_irq_context
                0x08208448       0x14 ./wiseconnect3_sdk_3.1.4/components/device/silabs/si91x/wireless/host_mcu/si91x/siwx917_soc_ncp_host.o
                0x08208448                sl_si91x_host_is_in_irq_context
 .text.sl_si91x_host_init_buffer_manager
                0x0820845c       0x38 ./wiseconnect3_sdk_3.1.4/components/device/silabs/si91x/wireless/memory/mem_pool_buffers.o
                0x0820845c                sl_si91x_host_init_buffer_manager
 .text.sl_si91x_host_deinit_buffer_manager
                0x08208494       0x14 ./wiseconnect3_sdk_3.1.4/components/device/silabs/si91x/wireless/memory/mem_pool_buffers.o
                0x08208494                sl_si91x_host_deinit_buffer_manager
 .text.sl_si91x_host_allocate_buffer
                0x082084a8       0x4c ./wiseconnect3_sdk_3.1.4/components/device/silabs/si91x/wireless/memory/mem_pool_buffers.o
                0x082084a8                sl_si91x_host_allocate_buffer
 .text.sl_si91x_host_get_buffer_data
                0x082084f4       0x18 ./wiseconnect3_sdk_3.1.4/components/device/silabs/si91x/wireless/memory/mem_pool_buffers.o
                0x082084f4                sl_si91x_host_get_buffer_data
 .text.sl_si91x_host_free_buffer
                0x0820850c       0x18 ./wiseconnect3_sdk_3.1.4/components/device/silabs/si91x/wireless/memory/mem_pool_buffers.o
                0x0820850c                sl_si91x_host_free_buffer
 .text.convert_si91x_dns_response
                0x08208524       0x54 ./wiseconnect3_sdk_3.1.4/components/device/silabs/si91x/wireless/sl_net/src/sl_net_rsi_utility.o
                0x08208524                convert_si91x_dns_response
 .text.convert_si91x_event_to_sl_net_event
                0x08208578       0x2a ./wiseconnect3_sdk_3.1.4/components/device/silabs/si91x/wireless/sl_net/src/sl_net_rsi_utility.o
                0x08208578                convert_si91x_event_to_sl_net_event
 .text.si91x_node_free_function
                0x082085a2        0x6 ./wiseconnect3_sdk_3.1.4/components/device/silabs/si91x/wireless/sl_net/src/sl_net_si91x_integration_handler.o
 .text.sl_net_si91x_event_dispatch_handler
                0x082085a8      0x100 ./wiseconnect3_sdk_3.1.4/components/device/silabs/si91x/wireless/sl_net/src/sl_net_si91x_integration_handler.o
                0x082085a8                sl_net_si91x_event_dispatch_handler
 .text.convert_to_si91x_cert_type
                0x082086a8       0x82 ./wiseconnect3_sdk_3.1.4/components/device/silabs/si91x/wireless/sl_net/src/sl_si91x_net_credentials.o
 .text.sl_si91x_set_credential
                0x0820872a       0x40 ./wiseconnect3_sdk_3.1.4/components/device/silabs/si91x/wireless/sl_net/src/sl_si91x_net_credentials.o
                0x0820872a                sl_si91x_set_credential
 *fill*         0x0820876a        0x2 
 .text.sl_si91x_host_get_credentials
                0x0820876c       0x6c ./wiseconnect3_sdk_3.1.4/components/device/silabs/si91x/wireless/sl_net/src/sl_si91x_net_credentials.o
                0x0820876c                sl_si91x_host_get_credentials
 .text.sl_si91x_configure_ip_address
                0x082087d8      0x1cc ./wiseconnect3_sdk_3.1.4/components/device/silabs/si91x/wireless/sl_net/src/sl_si91x_net_internal_stack.o
                0x082087d8                sl_si91x_configure_ip_address
 .text.get_wifi_current_performance_profile
                0x082089a4       0x2c ./wiseconnect3_sdk_3.1.4/components/device/silabs/si91x/wireless/src/sl_rsi_utility.o
                0x082089a4                get_wifi_current_performance_profile
 .text.reset_coex_current_performance_profile
                0x082089d0       0x10 ./wiseconnect3_sdk_3.1.4/components/device/silabs/si91x/wireless/src/sl_rsi_utility.o
                0x082089d0                reset_coex_current_performance_profile
 .text.save_tcp_auto_close_choice
                0x082089e0        0xc ./wiseconnect3_sdk_3.1.4/components/device/silabs/si91x/wireless/src/sl_rsi_utility.o
                0x082089e0                save_tcp_auto_close_choice
 .text.get_max_tx_power
                0x082089ec       0x24 ./wiseconnect3_sdk_3.1.4/components/device/silabs/si91x/wireless/src/sl_rsi_utility.o
                0x082089ec                get_max_tx_power
 .text.reset_max_tx_power
                0x08208a10       0x10 ./wiseconnect3_sdk_3.1.4/components/device/silabs/si91x/wireless/src/sl_rsi_utility.o
                0x08208a10                reset_max_tx_power
 .text.set_card_ready_required
                0x08208a20        0xc ./wiseconnect3_sdk_3.1.4/components/device/silabs/si91x/wireless/src/sl_rsi_utility.o
                0x08208a20                set_card_ready_required
 .text.get_card_ready_required
                0x08208a2c        0xc ./wiseconnect3_sdk_3.1.4/components/device/silabs/si91x/wireless/src/sl_rsi_utility.o
                0x08208a2c                get_card_ready_required
 .text.save_coex_mode
                0x08208a38        0xc ./wiseconnect3_sdk_3.1.4/components/device/silabs/si91x/wireless/src/sl_rsi_utility.o
                0x08208a38                save_coex_mode
 .text.convert_si91x_event_to_sl_wifi_event
                0x08208a44      0x198 ./wiseconnect3_sdk_3.1.4/components/device/silabs/si91x/wireless/src/sl_rsi_utility.o
                0x08208a44                convert_si91x_event_to_sl_wifi_event
 .text.get_saved_sl_wifi_rate
                0x08208bdc       0x14 ./wiseconnect3_sdk_3.1.4/components/device/silabs/si91x/wireless/src/sl_rsi_utility.o
                0x08208bdc                get_saved_sl_wifi_rate
 .text.reset_sl_wifi_rate
                0x08208bf0        0xc ./wiseconnect3_sdk_3.1.4/components/device/silabs/si91x/wireless/src/sl_rsi_utility.o
                0x08208bf0                reset_sl_wifi_rate
 .text.save_ap_configuration
                0x08208bfc       0x28 ./wiseconnect3_sdk_3.1.4/components/device/silabs/si91x/wireless/src/sl_rsi_utility.o
                0x08208bfc                save_ap_configuration
 .text.reset_ap_configuration
                0x08208c24       0x14 ./wiseconnect3_sdk_3.1.4/components/device/silabs/si91x/wireless/src/sl_rsi_utility.o
                0x08208c24                reset_ap_configuration
 .text.convert_sl_wifi_to_sl_si91x_encryption
                0x08208c38       0x1c ./wiseconnect3_sdk_3.1.4/components/device/silabs/si91x/wireless/src/sl_rsi_utility.o
                0x08208c38                convert_sl_wifi_to_sl_si91x_encryption
 .text.sl_si91x_platform_init
                0x08208c54       0xec ./wiseconnect3_sdk_3.1.4/components/device/silabs/si91x/wireless/src/sl_rsi_utility.o
                0x08208c54                sl_si91x_platform_init
 .text.sl_si91x_platform_deinit
                0x08208d40       0x88 ./wiseconnect3_sdk_3.1.4/components/device/silabs/si91x/wireless/src/sl_rsi_utility.o
                0x08208d40                sl_si91x_platform_deinit
 .text.sl_si91x_host_set_event
                0x08208dc8       0x10 ./wiseconnect3_sdk_3.1.4/components/device/silabs/si91x/wireless/src/sl_rsi_utility.o
                0x08208dc8                sl_si91x_host_set_event
 .text.sl_si91x_host_set_bus_event
                0x08208dd8       0x10 ./wiseconnect3_sdk_3.1.4/components/device/silabs/si91x/wireless/src/sl_rsi_utility.o
                0x08208dd8                sl_si91x_host_set_bus_event
 .text.sl_si91x_host_set_async_event
                0x08208de8       0x10 ./wiseconnect3_sdk_3.1.4/components/device/silabs/si91x/wireless/src/sl_rsi_utility.o
                0x08208de8                sl_si91x_host_set_async_event
 .text.sl_si91x_host_add_to_queue
                0x08208df8       0x48 ./wiseconnect3_sdk_3.1.4/components/device/silabs/si91x/wireless/src/sl_rsi_utility.o
                0x08208df8                sl_si91x_host_add_to_queue
 .text.sl_si91x_host_add_to_queue_with_atomic_action
                0x08208e40       0x58 ./wiseconnect3_sdk_3.1.4/components/device/silabs/si91x/wireless/src/sl_rsi_utility.o
                0x08208e40                sl_si91x_host_add_to_queue_with_atomic_action
 .text.sl_si91x_host_remove_from_queue
                0x08208e98       0x58 ./wiseconnect3_sdk_3.1.4/components/device/silabs/si91x/wireless/src/sl_rsi_utility.o
                0x08208e98                sl_si91x_host_remove_from_queue
 .text.sl_si91x_host_remove_node_from_queue
                0x08208ef0       0x8c ./wiseconnect3_sdk_3.1.4/components/device/silabs/si91x/wireless/src/sl_rsi_utility.o
                0x08208ef0                sl_si91x_host_remove_node_from_queue
 .text.sl_si91x_flush_queue_based_on_type
                0x08208f7c      0x108 ./wiseconnect3_sdk_3.1.4/components/device/silabs/si91x/wireless/src/sl_rsi_utility.o
                0x08208f7c                sl_si91x_flush_queue_based_on_type
 .text.sl_si91x_host_queue_status
                0x08209084       0x34 ./wiseconnect3_sdk_3.1.4/components/device/silabs/si91x/wireless/src/sl_rsi_utility.o
                0x08209084                sl_si91x_host_queue_status
 .text.si91x_host_wait_for_event
                0x082090b8       0x2c ./wiseconnect3_sdk_3.1.4/components/device/silabs/si91x/wireless/src/sl_rsi_utility.o
                0x082090b8                si91x_host_wait_for_event
 .text.si91x_host_wait_for_bus_event
                0x082090e4       0x2c ./wiseconnect3_sdk_3.1.4/components/device/silabs/si91x/wireless/src/sl_rsi_utility.o
                0x082090e4                si91x_host_wait_for_bus_event
 .text.si91x_host_wait_for_async_event
                0x08209110       0x2c ./wiseconnect3_sdk_3.1.4/components/device/silabs/si91x/wireless/src/sl_rsi_utility.o
                0x08209110                si91x_host_wait_for_async_event
 .text.si91x_host_clear_events
                0x0820913c       0x18 ./wiseconnect3_sdk_3.1.4/components/device/silabs/si91x/wireless/src/sl_rsi_utility.o
                0x0820913c                si91x_host_clear_events
 .text.sl_si91x_host_power_cycle
                0x08209154       0x1a ./wiseconnect3_sdk_3.1.4/components/device/silabs/si91x/wireless/src/sl_rsi_utility.o
                0x08209154                sl_si91x_host_power_cycle
 *fill*         0x0820916e        0x2 
 .text.sl_si91x_register_event_handler
                0x08209170        0xc ./wiseconnect3_sdk_3.1.4/components/device/silabs/si91x/wireless/src/sl_si91x_callback_framework.o
                0x08209170                sl_si91x_register_event_handler
 .text.sl_si91x_default_handler
                0x0820917c       0x68 ./wiseconnect3_sdk_3.1.4/components/device/silabs/si91x/wireless/src/sl_si91x_callback_framework.o
                0x0820917c                sl_si91x_default_handler
 .text.sl_si91x_atomic_packet_id_allocator
                0x082091e4       0x12 ./wiseconnect3_sdk_3.1.4/components/device/silabs/si91x/wireless/src/sl_si91x_driver.o
 .text.si91x_packet_identification_function
                0x082091f6       0x20 ./wiseconnect3_sdk_3.1.4/components/device/silabs/si91x/wireless/src/sl_si91x_driver.o
 *fill*         0x08209216        0x2 
 .text.sl_si91x_driver_wait_for_response_packet
                0x08209218       0xa0 ./wiseconnect3_sdk_3.1.4/components/device/silabs/si91x/wireless/src/sl_si91x_driver.o
                0x08209218                sl_si91x_driver_wait_for_response_packet
 .text.sl_si91x_allocate_command_buffer
                0x082092b8       0x44 ./wiseconnect3_sdk_3.1.4/components/device/silabs/si91x/wireless/src/sl_si91x_driver.o
                0x082092b8                sl_si91x_allocate_command_buffer
 .text.sl_si91x_driver_send_command_packet
                0x082092fc      0x144 ./wiseconnect3_sdk_3.1.4/components/device/silabs/si91x/wireless/src/sl_si91x_driver.o
                0x082092fc                sl_si91x_driver_send_command_packet
 .text.sl_si91x_driver_send_command.part.0
                0x08209440       0x84 ./wiseconnect3_sdk_3.1.4/components/device/silabs/si91x/wireless/src/sl_si91x_driver.o
 .text.sl_si91x_driver_send_command
                0x082094c4       0x1e ./wiseconnect3_sdk_3.1.4/components/device/silabs/si91x/wireless/src/sl_si91x_driver.o
                0x082094c4                sl_si91x_driver_send_command
 *fill*         0x082094e2        0x2 
 .text.sl_si91x_driver_deinit
                0x082094e4       0xd0 ./wiseconnect3_sdk_3.1.4/components/device/silabs/si91x/wireless/src/sl_si91x_driver.o
                0x082094e4                sl_si91x_driver_deinit
 .text.sl_si91x_wifi_set_certificate_index
                0x082095b4       0xd0 ./wiseconnect3_sdk_3.1.4/components/device/silabs/si91x/wireless/src/sl_si91x_driver.o
                0x082095b4                sl_si91x_wifi_set_certificate_index
 .text.sl_si91x_set_device_region
                0x08209684      0x344 ./wiseconnect3_sdk_3.1.4/components/device/silabs/si91x/wireless/src/sl_si91x_driver.o
                0x08209684                sl_si91x_set_device_region
 .text.get_opermode
                0x082099c8        0xc ./wiseconnect3_sdk_3.1.4/components/device/silabs/si91x/wireless/src/sl_si91x_driver.o
                0x082099c8                get_opermode
 .text.sl_si91x_get_join_configuration
                0x082099d4       0x2c ./wiseconnect3_sdk_3.1.4/components/device/silabs/si91x/wireless/src/sl_si91x_driver.o
                0x082099d4                sl_si91x_get_join_configuration
 .text.sl_si91x_get_listen_interval
                0x08209a00        0xc ./wiseconnect3_sdk_3.1.4/components/device/silabs/si91x/wireless/src/sl_si91x_driver.o
                0x08209a00                sl_si91x_get_listen_interval
 .text.sl_si91x_configure_timeout
                0x08209a0c       0x38 ./wiseconnect3_sdk_3.1.4/components/device/silabs/si91x/wireless/src/sl_si91x_driver.o
                0x08209a0c                sl_si91x_configure_timeout
 .text.sl_si91x_driver_init_wifi_radio
                0x08209a44      0x108 ./wiseconnect3_sdk_3.1.4/components/device/silabs/si91x/wireless/src/sl_si91x_driver.o
                0x08209a44                sl_si91x_driver_init_wifi_radio
 .text.sl_si91x_driver_init
                0x08209b4c      0x274 ./wiseconnect3_sdk_3.1.4/components/device/silabs/si91x/wireless/src/sl_si91x_driver.o
                0x08209b4c                sl_si91x_driver_init
 .text.sl_create_generic_rx_packet_from_params
                0x08209dc0       0x70 ./wiseconnect3_sdk_3.1.4/components/device/silabs/si91x/wireless/threading/sli_si91x_multithreaded.o
                0x08209dc0                sl_create_generic_rx_packet_from_params
 .text.handle_dhcp_and_rejoin_failure
                0x08209e30       0xca ./wiseconnect3_sdk_3.1.4/components/device/silabs/si91x/wireless/threading/sli_si91x_multithreaded.o
                0x08209e30                handle_dhcp_and_rejoin_failure
 *fill*         0x08209efa        0x2 
 .text.si91x_event_handler_thread
                0x08209efc       0xfc ./wiseconnect3_sdk_3.1.4/components/device/silabs/si91x/wireless/threading/sli_si91x_multithreaded.o
                0x08209efc                si91x_event_handler_thread
 .text.si91x_bus_thread
                0x08209ff8      0xbf0 ./wiseconnect3_sdk_3.1.4/components/device/silabs/si91x/wireless/threading/sli_si91x_multithreaded.o
                0x08209ff8                si91x_bus_thread
 .text.get_configured_join_request
                0x0820abe8      0x128 ./wiseconnect3_sdk_3.1.4/components/protocol/wifi/si91x/sl_wifi.o
 .text.sl_wifi_init
                0x0820ad10        0x6 ./wiseconnect3_sdk_3.1.4/components/protocol/wifi/si91x/sl_wifi.o
                0x0820ad10                sl_wifi_init
 *fill*         0x0820ad16        0x2 
 .text.sl_wifi_set_mac_address
                0x0820ad18       0x5c ./wiseconnect3_sdk_3.1.4/components/protocol/wifi/si91x/sl_wifi.o
                0x0820ad18                sl_wifi_set_mac_address
 .text.sl_wifi_start_ap
                0x0820ad74      0x218 ./wiseconnect3_sdk_3.1.4/components/protocol/wifi/si91x/sl_wifi.o
                0x0820ad74                sl_wifi_start_ap
 .text.sl_wifi_deinit
                0x0820af8c       0x34 ./wiseconnect3_sdk_3.1.4/components/protocol/wifi/si91x/sl_wifi.o
                0x0820af8c                sl_wifi_deinit
 .text.sl_wifi_is_interface_up
                0x0820afc0       0x70 ./wiseconnect3_sdk_3.1.4/components/protocol/wifi/si91x/sl_wifi.o
                0x0820afc0                sl_wifi_is_interface_up
 .text.sl_wifi_connect
                0x0820b030      0x378 ./wiseconnect3_sdk_3.1.4/components/protocol/wifi/si91x/sl_wifi.o
                0x0820b030                sl_wifi_connect
 .text.sl_wifi_get_mac_address
                0x0820b3a8       0x98 ./wiseconnect3_sdk_3.1.4/components/protocol/wifi/si91x/sl_wifi.o
                0x0820b3a8                sl_wifi_get_mac_address
 .text.sl_wifi_disconnect
                0x0820b440       0x90 ./wiseconnect3_sdk_3.1.4/components/protocol/wifi/si91x/sl_wifi.o
                0x0820b440                sl_wifi_disconnect
 .text.sl_wifi_stop_ap
                0x0820b4d0       0x90 ./wiseconnect3_sdk_3.1.4/components/protocol/wifi/si91x/sl_wifi.o
                0x0820b4d0                sl_wifi_stop_ap
 .text.sl_wifi_btr_set_channel
                0x0820b560       0xa0 ./wiseconnect3_sdk_3.1.4/components/protocol/wifi/si91x/sl_wifi.o
                0x0820b560                sl_wifi_btr_set_channel
 .text.sl_wifi_btr_config_params
                0x0820b600       0xf8 ./wiseconnect3_sdk_3.1.4/components/protocol/wifi/si91x/sl_wifi.o
                0x0820b600                sl_wifi_btr_config_params
 .text.sl_wifi_btr_up
                0x0820b6f8      0x1a0 ./wiseconnect3_sdk_3.1.4/components/protocol/wifi/si91x/sl_wifi.o
                0x0820b6f8                sl_wifi_btr_up
 .text.get_event_group_from_event
                0x0820b898       0xbc ./wiseconnect3_sdk_3.1.4/components/protocol/wifi/src/sl_wifi_callback_framework.o
 .text.sl_wifi_default_event_handler
                0x0820b954      0x138 ./wiseconnect3_sdk_3.1.4/components/protocol/wifi/src/sl_wifi_callback_framework.o
                0x0820b954                sl_wifi_default_event_handler
 .text.sli_si91x_get_subscription.isra.0
                0x0820ba8c       0xe0 ./wiseconnect3_sdk_3.1.4/components/service/mqtt/si91x/sl_mqtt_client.o
 .text.sli_si91x_build_mqtt_sdk_context_if_async
                0x0820bb6c       0x38 ./wiseconnect3_sdk_3.1.4/components/service/mqtt/si91x/sl_mqtt_client.o
                0x0820bb6c                sli_si91x_build_mqtt_sdk_context_if_async
 .text.sli_si91x_get_mqtt_client
                0x0820bba4        0xc ./wiseconnect3_sdk_3.1.4/components/service/mqtt/si91x/sl_mqtt_client.o
                0x0820bba4                sli_si91x_get_mqtt_client
 .text.sl_mqtt_client_init
                0x0820bbb0       0x40 ./wiseconnect3_sdk_3.1.4/components/service/mqtt/si91x/sl_mqtt_client.o
                0x0820bbb0                sl_mqtt_client_init
 .text.sl_mqtt_client_deinit
                0x0820bbf0       0x3c ./wiseconnect3_sdk_3.1.4/components/service/mqtt/si91x/sl_mqtt_client.o
                0x0820bbf0                sl_mqtt_client_deinit
 .text.sl_mqtt_client_connect
                0x0820bc2c      0x29c ./wiseconnect3_sdk_3.1.4/components/service/mqtt/si91x/sl_mqtt_client.o
                0x0820bc2c                sl_mqtt_client_connect
 .text.sl_mqtt_client_disconnect
                0x0820bec8       0xcc ./wiseconnect3_sdk_3.1.4/components/service/mqtt/si91x/sl_mqtt_client.o
                0x0820bec8                sl_mqtt_client_disconnect
 .text.sl_mqtt_client_publish
                0x0820bf94       0xfc ./wiseconnect3_sdk_3.1.4/components/service/mqtt/si91x/sl_mqtt_client.o
                0x0820bf94                sl_mqtt_client_publish
 .text.sl_mqtt_client_subscribe
                0x0820c090      0x124 ./wiseconnect3_sdk_3.1.4/components/service/mqtt/si91x/sl_mqtt_client.o
                0x0820c090                sl_mqtt_client_subscribe
 .text.sl_mqtt_client_unsubscribe
                0x0820c1b4       0xe4 ./wiseconnect3_sdk_3.1.4/components/service/mqtt/si91x/sl_mqtt_client.o
                0x0820c1b4                sl_mqtt_client_unsubscribe
 .text.sli_si91x_mqtt_event_handler
                0x0820c298      0x118 ./wiseconnect3_sdk_3.1.4/components/service/mqtt/si91x/sl_mqtt_client.o
                0x0820c298                sli_si91x_mqtt_event_handler
 .text.sl_net_wifi_client_init
                0x0820c3b0       0x3c ./wiseconnect3_sdk_3.1.4/components/service/network_manager/si91x/sl_net_si91x.o
                0x0820c3b0                sl_net_wifi_client_init
 .text.sl_net_wifi_client_deinit
                0x0820c3ec       0x18 ./wiseconnect3_sdk_3.1.4/components/service/network_manager/si91x/sl_net_si91x.o
                0x0820c3ec                sl_net_wifi_client_deinit
 .text.sl_net_wifi_client_up
                0x0820c404       0x68 ./wiseconnect3_sdk_3.1.4/components/service/network_manager/si91x/sl_net_si91x.o
                0x0820c404                sl_net_wifi_client_up
 .text.sl_net_wifi_client_down
                0x0820c46c        0x6 ./wiseconnect3_sdk_3.1.4/components/service/network_manager/si91x/sl_net_si91x.o
                0x0820c46c                sl_net_wifi_client_down
 *fill*         0x0820c472        0x2 
 .text.sl_net_wifi_ap_init
                0x0820c474       0x3c ./wiseconnect3_sdk_3.1.4/components/service/network_manager/si91x/sl_net_si91x.o
                0x0820c474                sl_net_wifi_ap_init
 .text.sl_net_wifi_ap_deinit
                0x0820c4b0       0x18 ./wiseconnect3_sdk_3.1.4/components/service/network_manager/si91x/sl_net_si91x.o
                0x0820c4b0                sl_net_wifi_ap_deinit
 .text.sl_net_wifi_ap_up
                0x0820c4c8       0x60 ./wiseconnect3_sdk_3.1.4/components/service/network_manager/si91x/sl_net_si91x.o
                0x0820c4c8                sl_net_wifi_ap_up
 .text.sl_net_wifi_ap_down
                0x0820c528        0x6 ./wiseconnect3_sdk_3.1.4/components/service/network_manager/si91x/sl_net_si91x.o
                0x0820c528                sl_net_wifi_ap_down
 *fill*         0x0820c52e        0x2 
 .text.sl_net_wifi_btr_init
                0x0820c530       0x1c ./wiseconnect3_sdk_3.1.4/components/service/network_manager/si91x/sl_net_si91x.o
                0x0820c530                sl_net_wifi_btr_init
 .text.sl_net_wifi_btr_up
                0x0820c54c       0x54 ./wiseconnect3_sdk_3.1.4/components/service/network_manager/si91x/sl_net_si91x.o
                0x0820c54c                sl_net_wifi_btr_up
 .text.sl_net_init
                0x0820c5a0      0x174 ./wiseconnect3_sdk_3.1.4/components/service/network_manager/src/sl_net.o
                0x0820c5a0                sl_net_init
 .text.sl_net_deinit
                0x0820c714       0x18 ./wiseconnect3_sdk_3.1.4/components/service/network_manager/src/sl_net.o
                0x0820c714                sl_net_deinit
 .text.sl_net_up
                0x0820c72c       0x20 ./wiseconnect3_sdk_3.1.4/components/service/network_manager/src/sl_net.o
                0x0820c72c                sl_net_up
 .text.sl_net_down
                0x0820c74c       0x18 ./wiseconnect3_sdk_3.1.4/components/service/network_manager/src/sl_net.o
                0x0820c74c                sl_net_down
 .text.sl_net_inet_addr
                0x0820c764       0x5e ./wiseconnect3_sdk_3.1.4/components/service/network_manager/src/sl_net.o
                0x0820c764                sl_net_inet_addr
 *fill*         0x0820c7c2        0x2 
 .text.sl_net_set_credential
                0x0820c7c4       0xd8 ./wiseconnect3_sdk_3.1.4/components/service/network_manager/src/sl_net_basic_credentials.o
                0x0820c7c4                sl_net_set_credential
 .text.sl_net_get_credential
                0x0820c89c       0x74 ./wiseconnect3_sdk_3.1.4/components/service/network_manager/src/sl_net_basic_credentials.o
                0x0820c89c                sl_net_get_credential
 .text.sl_net_set_profile
                0x0820c910       0x60 ./wiseconnect3_sdk_3.1.4/components/service/network_manager/src/sl_net_basic_profiles.o
                0x0820c910                sl_net_set_profile
 .text.sl_net_get_profile
                0x0820c970       0x68 ./wiseconnect3_sdk_3.1.4/components/service/network_manager/src/sl_net_basic_profiles.o
                0x0820c970                sl_net_get_profile
 .text          0x0820c9d8      0x378 c:/siliconlabs/simplicitystudio/v5/developer/toolchains/gnu_arm/12.2.rel1_2023.7/bin/../lib/gcc/arm-none-eabi/12.2.1/thumb/v7e-m+fp/softfp\libgcc.a(_arm_addsubdf3.o)
                0x0820c9d8                __aeabi_drsub
                0x0820c9e0                __aeabi_dsub
                0x0820c9e0                __subdf3
                0x0820c9e4                __aeabi_dadd
                0x0820c9e4                __adddf3
                0x0820cc5c                __floatunsidf
                0x0820cc5c                __aeabi_ui2d
                0x0820cc7c                __floatsidf
                0x0820cc7c                __aeabi_i2d
                0x0820cca0                __aeabi_f2d
                0x0820cca0                __extendsfdf2
                0x0820cce4                __floatundidf
                0x0820cce4                __aeabi_ul2d
                0x0820ccf4                __floatdidf
                0x0820ccf4                __aeabi_l2d
 .text          0x0820cd50      0x424 c:/siliconlabs/simplicitystudio/v5/developer/toolchains/gnu_arm/12.2.rel1_2023.7/bin/../lib/gcc/arm-none-eabi/12.2.1/thumb/v7e-m+fp/softfp\libgcc.a(_arm_muldivdf3.o)
                0x0820cd50                __aeabi_dmul